Archive member included to satisfy reference by file (symbol)

c:/st/stm32cubeide_1.12.1/stm32cubeide/plugins/com.st.stm32cube.ide.mcu.externaltools.gnu-tools-for-stm32.10.3-2021.10.win32_1.0.200.202301161003/tools/bin/../lib/gcc/arm-none-eabi/10.3.1/../../../../arm-none-eabi/lib/thumb/v7e-m+fp/hard\libc_nano.a(lib_a-errno.o)
                              ./Core/Src/syscalls.o (__errno)
c:/st/stm32cubeide_1.12.1/stm32cubeide/plugins/com.st.stm32cube.ide.mcu.externaltools.gnu-tools-for-stm32.10.3-2021.10.win32_1.0.200.202301161003/tools/bin/../lib/gcc/arm-none-eabi/10.3.1/../../../../arm-none-eabi/lib/thumb/v7e-m+fp/hard\libc_nano.a(lib_a-exit.o)
                              c:/st/stm32cubeide_1.12.1/stm32cubeide/plugins/com.st.stm32cube.ide.mcu.externaltools.gnu-tools-for-stm32.10.3-2021.10.win32_1.0.200.202301161003/tools/bin/../lib/gcc/arm-none-eabi/10.3.1/../../../../arm-none-eabi/lib/thumb/v7e-m+fp/hard/crt0.o (exit)
c:/st/stm32cubeide_1.12.1/stm32cubeide/plugins/com.st.stm32cube.ide.mcu.externaltools.gnu-tools-for-stm32.10.3-2021.10.win32_1.0.200.202301161003/tools/bin/../lib/gcc/arm-none-eabi/10.3.1/../../../../arm-none-eabi/lib/thumb/v7e-m+fp/hard\libc_nano.a(lib_a-impure.o)
                              c:/st/stm32cubeide_1.12.1/stm32cubeide/plugins/com.st.stm32cube.ide.mcu.externaltools.gnu-tools-for-stm32.10.3-2021.10.win32_1.0.200.202301161003/tools/bin/../lib/gcc/arm-none-eabi/10.3.1/../../../../arm-none-eabi/lib/thumb/v7e-m+fp/hard\libc_nano.a(lib_a-exit.o) (_global_impure_ptr)
c:/st/stm32cubeide_1.12.1/stm32cubeide/plugins/com.st.stm32cube.ide.mcu.externaltools.gnu-tools-for-stm32.10.3-2021.10.win32_1.0.200.202301161003/tools/bin/../lib/gcc/arm-none-eabi/10.3.1/../../../../arm-none-eabi/lib/thumb/v7e-m+fp/hard\libc_nano.a(lib_a-init.o)
                              c:/st/stm32cubeide_1.12.1/stm32cubeide/plugins/com.st.stm32cube.ide.mcu.externaltools.gnu-tools-for-stm32.10.3-2021.10.win32_1.0.200.202301161003/tools/bin/../lib/gcc/arm-none-eabi/10.3.1/../../../../arm-none-eabi/lib/thumb/v7e-m+fp/hard/crt0.o (__libc_init_array)
c:/st/stm32cubeide_1.12.1/stm32cubeide/plugins/com.st.stm32cube.ide.mcu.externaltools.gnu-tools-for-stm32.10.3-2021.10.win32_1.0.200.202301161003/tools/bin/../lib/gcc/arm-none-eabi/10.3.1/../../../../arm-none-eabi/lib/thumb/v7e-m+fp/hard\libc_nano.a(lib_a-memset.o)
                              c:/st/stm32cubeide_1.12.1/stm32cubeide/plugins/com.st.stm32cube.ide.mcu.externaltools.gnu-tools-for-stm32.10.3-2021.10.win32_1.0.200.202301161003/tools/bin/../lib/gcc/arm-none-eabi/10.3.1/../../../../arm-none-eabi/lib/thumb/v7e-m+fp/hard/crt0.o (memset)
c:/st/stm32cubeide_1.12.1/stm32cubeide/plugins/com.st.stm32cube.ide.mcu.externaltools.gnu-tools-for-stm32.10.3-2021.10.win32_1.0.200.202301161003/tools/bin/../lib/gcc/arm-none-eabi/10.3.1/thumb/v7e-m+fp/hard\libgcc.a(_aeabi_uldivmod.o)
                              ./Drivers/STM32F4xx_HAL_Driver/Src/stm32f4xx_hal_rcc.o (__aeabi_uldivmod)
c:/st/stm32cubeide_1.12.1/stm32cubeide/plugins/com.st.stm32cube.ide.mcu.externaltools.gnu-tools-for-stm32.10.3-2021.10.win32_1.0.200.202301161003/tools/bin/../lib/gcc/arm-none-eabi/10.3.1/thumb/v7e-m+fp/hard\libgcc.a(_udivmoddi4.o)
                              c:/st/stm32cubeide_1.12.1/stm32cubeide/plugins/com.st.stm32cube.ide.mcu.externaltools.gnu-tools-for-stm32.10.3-2021.10.win32_1.0.200.202301161003/tools/bin/../lib/gcc/arm-none-eabi/10.3.1/thumb/v7e-m+fp/hard\libgcc.a(_aeabi_uldivmod.o) (__udivmoddi4)
c:/st/stm32cubeide_1.12.1/stm32cubeide/plugins/com.st.stm32cube.ide.mcu.externaltools.gnu-tools-for-stm32.10.3-2021.10.win32_1.0.200.202301161003/tools/bin/../lib/gcc/arm-none-eabi/10.3.1/thumb/v7e-m+fp/hard\libgcc.a(_dvmd_tls.o)
                              c:/st/stm32cubeide_1.12.1/stm32cubeide/plugins/com.st.stm32cube.ide.mcu.externaltools.gnu-tools-for-stm32.10.3-2021.10.win32_1.0.200.202301161003/tools/bin/../lib/gcc/arm-none-eabi/10.3.1/thumb/v7e-m+fp/hard\libgcc.a(_aeabi_uldivmod.o) (__aeabi_ldiv0)

Discarded input sections

 .text          0x0000000000000000        0x0 c:/st/stm32cubeide_1.12.1/stm32cubeide/plugins/com.st.stm32cube.ide.mcu.externaltools.gnu-tools-for-stm32.10.3-2021.10.win32_1.0.200.202301161003/tools/bin/../lib/gcc/arm-none-eabi/10.3.1/thumb/v7e-m+fp/hard/crti.o
 .data          0x0000000000000000        0x0 c:/st/stm32cubeide_1.12.1/stm32cubeide/plugins/com.st.stm32cube.ide.mcu.externaltools.gnu-tools-for-stm32.10.3-2021.10.win32_1.0.200.202301161003/tools/bin/../lib/gcc/arm-none-eabi/10.3.1/thumb/v7e-m+fp/hard/crti.o
 .bss           0x0000000000000000        0x0 c:/st/stm32cubeide_1.12.1/stm32cubeide/plugins/com.st.stm32cube.ide.mcu.externaltools.gnu-tools-for-stm32.10.3-2021.10.win32_1.0.200.202301161003/tools/bin/../lib/gcc/arm-none-eabi/10.3.1/thumb/v7e-m+fp/hard/crti.o
[...]
Memory Configuration

Name             Origin             Length             Attributes
CCMRAM           0x0000000010000000 0x0000000000010000 xrw
RAM              0x0000000020000000 0x0000000000020000 xrw
FLASH            0x0000000008000000 0x0000000000080000 xr
*default*        0x0000000000000000 0xffffffffffffffff

Linker script and memory map

LOAD c:/st/stm32cubeide_1.12.1/stm32cubeide/plugins/com.st.stm32cube.ide.mcu.externaltools.gnu-tools-for-stm32.10.3-2021.10.win32_1.0.200.202301161003/tools/bin/../lib/gcc/arm-none-eabi/10.3.1/thumb/v7e-m+fp/hard/crti.o
LOAD c:/st/stm32cubeide_1.12.1/stm32cubeide/plugins/com.st.stm32cube.ide.mcu.externaltools.gnu-tools-for-stm32.10.3-2021.10.win32_1.0.200.202301161003/tools/bin/../lib/gcc/arm-none-eabi/10.3.1/thumb/v7e-m+fp/hard/crtbegin.o
LOAD c:/st/stm32cubeide_1.12.1/stm32cubeide/plugins/com.st.stm32cube.ide.mcu.externaltools.gnu-tools-for-stm32.10.3-2021.10.win32_1.0.200.202301161003/tools/bin/../lib/gcc/arm-none-eabi/10.3.1/../../../../arm-none-eabi/lib/thumb/v7e-m+fp/hard/crt0.o
LOAD ./Core/Src/main.o
LOAD ./Core/Src/stm32f4xx_hal_msp.o
LOAD ./Core/Src/stm32f4xx_it.o
LOAD ./Core/Src/syscalls.o
LOAD ./Core/Src/sysmem.o
LOAD ./Core/Src/system_stm32f4xx.o
LOAD ./Core/Startup/startup_stm32f407vetx.o
LOAD ./Drivers/STM32F4xx_HAL_Driver/Src/stm32f4xx_hal.o
LOAD ./Drivers/STM32F4xx_HAL_Driver/Src/stm32f4xx_hal_cortex.o
LOAD ./Drivers/STM32F4xx_HAL_Driver/Src/stm32f4xx_hal_dma.o
LOAD ./Drivers/STM32F4xx_HAL_Driver/Src/stm32f4xx_hal_dma_ex.o
LOAD ./Drivers/STM32F4xx_HAL_Driver/Src/stm32f4xx_hal_exti.o
LOAD ./Drivers/STM32F4xx_HAL_Driver/Src/stm32f4xx_hal_flash.o
LOAD ./Drivers/STM32F4xx_HAL_Driver/Src/stm32f4xx_hal_flash_ex.o
LOAD ./Drivers/STM32F4xx_HAL_Driver/Src/stm32f4xx_hal_flash_ramfunc.o
LOAD ./Drivers/STM32F4xx_HAL_Driver/Src/stm32f4xx_hal_gpio.o
LOAD ./Drivers/STM32F4xx_HAL_Driver/Src/stm32f4xx_hal_pwr.o
LOAD ./Drivers/STM32F4xx_HAL_Driver/Src/stm32f4xx_hal_pwr_ex.o
LOAD ./Drivers/STM32F4xx_HAL_Driver/Src/stm32f4xx_hal_rcc.o
LOAD ./Drivers/STM32F4xx_HAL_Driver/Src/stm32f4xx_hal_rcc_ex.o
LOAD ./Drivers/STM32F4xx_HAL_Driver/Src/stm32f4xx_hal_sd.o
LOAD ./Drivers/STM32F4xx_HAL_Driver/Src/stm32f4xx_hal_uart.o
LOAD ./Drivers/STM32F4xx_HAL_Driver/Src/stm32f4xx_ll_sdmmc.o
LOAD ./FATFS/App/fatfs.o
LOAD ./FATFS/Target/bsp_driver_sd.o
LOAD ./FATFS/Target/fatfs_platform.o
LOAD ./FATFS/Target/sd_diskio.o
LOAD ./Middlewares/Third_Party/FatFs/src/diskio.o
LOAD ./Middlewares/Third_Party/FatFs/src/ff.o
LOAD ./Middlewares/Third_Party/FatFs/src/ff_gen_drv.o
LOAD ./Middlewares/Third_Party/FatFs/src/option/syscall.o
START GROUP
LOAD c:/st/stm32cubeide_1.12.1/stm32cubeide/plugins/com.st.stm32cube.ide.mcu.externaltools.gnu-tools-for-stm32.10.3-2021.10.win32_1.0.200.202301161003/tools/bin/../lib/gcc/arm-none-eabi/10.3.1/../../../../arm-none-eabi/lib/thumb/v7e-m+fp/hard\libc_nano.a
LOAD c:/st/stm32cubeide_1.12.1/stm32cubeide/plugins/com.st.stm32cube.ide.mcu.externaltools.gnu-tools-for-stm32.10.3-2021.10.win32_1.0.200.202301161003/tools/bin/../lib/gcc/arm-none-eabi/10.3.1/../../../../arm-none-eabi/lib/thumb/v7e-m+fp/hard\libm.a
END GROUP
START GROUP
LOAD c:/st/stm32cubeide_1.12.1/stm32cubeide/plugins/com.st.stm32cube.ide.mcu.externaltools.gnu-tools-for-stm32.10.3-2021.10.win32_1.0.200.202301161003/tools/bin/../lib/gcc/arm-none-eabi/10.3.1/thumb/v7e-m+fp/hard\libgcc.a
LOAD c:/st/stm32cubeide_1.12.1/stm32cubeide/plugins/com.st.stm32cube.ide.mcu.externaltools.gnu-tools-for-stm32.10.3-2021.10.win32_1.0.200.202301161003/tools/bin/../lib/gcc/arm-none-eabi/10.3.1/../../../../arm-none-eabi/lib/thumb/v7e-m+fp/hard\libc_nano.a
END GROUP
START GROUP
LOAD c:/st/stm32cubeide_1.12.1/stm32cubeide/plugins/com.st.stm32cube.ide.mcu.externaltools.gnu-tools-for-stm32.10.3-2021.10.win32_1.0.200.202301161003/tools/bin/../lib/gcc/arm-none-eabi/10.3.1/thumb/v7e-m+fp/hard\libgcc.a
LOAD c:/st/stm32cubeide_1.12.1/stm32cubeide/plugins/com.st.stm32cube.ide.mcu.externaltools.gnu-tools-for-stm32.10.3-2021.10.win32_1.0.200.202301161003/tools/bin/../lib/gcc/arm-none-eabi/10.3.1/../../../../arm-none-eabi/lib/thumb/v7e-m+fp/hard\libc_nano.a
LOAD c:/st/stm32cubeide_1.12.1/stm32cubeide/plugins/com.st.stm32cube.ide.mcu.externaltools.gnu-tools-for-stm32.10.3-2021.10.win32_1.0.200.202301161003/tools/bin/../lib/gcc/arm-none-eabi/10.3.1/../../../../arm-none-eabi/lib/thumb/v7e-m+fp/hard\libnosys.a
END GROUP
START GROUP
LOAD c:/st/stm32cubeide_1.12.1/stm32cubeide/plugins/com.st.stm32cube.ide.mcu.externaltools.gnu-tools-for-stm32.10.3-2021.10.win32_1.0.200.202301161003/tools/bin/../lib/gcc/arm-none-eabi/10.3.1/thumb/v7e-m+fp/hard\libgcc.a
LOAD c:/st/stm32cubeide_1.12.1/stm32cubeide/plugins/com.st.stm32cube.ide.mcu.externaltools.gnu-tools-for-stm32.10.3-2021.10.win32_1.0.200.202301161003/tools/bin/../lib/gcc/arm-none-eabi/10.3.1/../../../../arm-none-eabi/lib/thumb/v7e-m+fp/hard\libc_nano.a
LOAD c:/st/stm32cubeide_1.12.1/stm32cubeide/plugins/com.st.stm32cube.ide.mcu.externaltools.gnu-tools-for-stm32.10.3-2021.10.win32_1.0.200.202301161003/tools/bin/../lib/gcc/arm-none-eabi/10.3.1/../../../../arm-none-eabi/lib/thumb/v7e-m+fp/hard\libnosys.a
END GROUP
LOAD c:/st/stm32cubeide_1.12.1/stm32cubeide/plugins/com.st.stm32cube.ide.mcu.externaltools.gnu-tools-for-stm32.10.3-2021.10.win32_1.0.200.202301161003/tools/bin/../lib/gcc/arm-none-eabi/10.3.1/thumb/v7e-m+fp/hard/crtend.o
LOAD c:/st/stm32cubeide_1.12.1/stm32cubeide/plugins/com.st.stm32cube.ide.mcu.externaltools.gnu-tools-for-stm32.10.3-2021.10.win32_1.0.200.202301161003/tools/bin/../lib/gcc/arm-none-eabi/10.3.1/thumb/v7e-m+fp/hard/crtn.o
                0x0000000020020000                _estack = (ORIGIN (RAM) + LENGTH (RAM))
                0x0000000000000200                _Min_Heap_Size = 0x200
                0x0000000000000400                _Min_Stack_Size = 0x400

.isr_vector     0x0000000008000000      0x188
                0x0000000008000000                . = ALIGN (0x4)
 *(.isr_vector)
 .isr_vector    0x0000000008000000      0x188 ./Core/Startup/startup_stm32f407vetx.o
                0x0000000008000000                g_pfnVectors
                0x0000000008000188                . = ALIGN (0x4)

.text           0x0000000008000188     0x6280
                0x0000000008000188                . = ALIGN (0x4)
 *(.text)
 .text          0x0000000008000188       0x40 c:/st/stm32cubeide_1.12.1/stm32cubeide/plugins/com.st.stm32cube.ide.mcu.externaltools.gnu-tools-for-stm32.10.3-2021.10.win32_1.0.200.202301161003/tools/bin/../lib/gcc/arm-none-eabi/10.3.1/thumb/v7e-m+fp/hard/crtbegin.o
 .text          0x00000000080001c8       0x30 c:/st/stm32cubeide_1.12.1/stm32cubeide/plugins/com.st.stm32cube.ide.mcu.externaltools.gnu-tools-for-stm32.10.3-2021.10.win32_1.0.200.202301161003/tools/bin/../lib/gcc/arm-none-eabi/10.3.1/thumb/v7e-m+fp/hard\libgcc.a(_aeabi_uldivmod.o)
                0x00000000080001c8                __aeabi_uldivmod
 .text          0x00000000080001f8      0x2d0 c:/st/stm32cubeide_1.12.1/stm32cubeide/plugins/com.st.stm32cube.ide.mcu.externaltools.gnu-tools-for-stm32.10.3-2021.10.win32_1.0.200.202301161003/tools/bin/../lib/gcc/arm-none-eabi/10.3.1/thumb/v7e-m+fp/hard\libgcc.a(_udivmoddi4.o)
                0x00000000080001f8                __udivmoddi4
 .text          0x00000000080004c8        0x4 c:/st/stm32cubeide_1.12.1/stm32cubeide/plugins/com.st.stm32cube.ide.mcu.externaltools.gnu-tools-for-stm32.10.3-2021.10.win32_1.0.200.202301161003/tools/bin/../lib/gcc/arm-none-eabi/10.3.1/thumb/v7e-m+fp/hard\libgcc.a(_dvmd_tls.o)
                0x00000000080004c8                __aeabi_idiv0
                0x00000000080004c8                __aeabi_ldiv0
 *(.text*)
 .text.main     0x00000000080004cc      0x14c ./Core/Src/main.o
                0x00000000080004cc                main
 .text.SystemClock_Config
                0x0000000008000618       0xd0 ./Core/Src/main.o
                0x0000000008000618                SystemClock_Config
 .text.MX_SDIO_SD_Init
                0x00000000080006e8       0x40 ./Core/Src/main.o
 .text.MX_GPIO_Init
                0x0000000008000728       0xdc ./Core/Src/main.o
 .text.Error_Handler
                0x0000000008000804        0xa ./Core/Src/main.o
                0x0000000008000804                Error_Handler
 *fill*         0x000000000800080e        0x2 
 .text.HAL_MspInit
                0x0000000008000810       0x50 ./Core/Src/stm32f4xx_hal_msp.o
                0x0000000008000810                HAL_MspInit
 .text.HAL_SD_MspInit
                0x0000000008000860       0xd0 ./Core/Src/stm32f4xx_hal_msp.o
                0x0000000008000860                HAL_SD_MspInit
 .text.NMI_Handler
                0x0000000008000930        0x6 ./Core/Src/stm32f4xx_it.o
                0x0000000008000930                NMI_Handler
 .text.HardFault_Handler
                0x0000000008000936        0x6 ./Core/Src/stm32f4xx_it.o
                0x0000000008000936                HardFault_Handler
 .text.MemManage_Handler
                0x000000000800093c        0x6 ./Core/Src/stm32f4xx_it.o
                0x000000000800093c                MemManage_Handler
 .text.BusFault_Handler
                0x0000000008000942        0x6 ./Core/Src/stm32f4xx_it.o
                0x0000000008000942                BusFault_Handler
 .text.UsageFault_Handler
                0x0000000008000948        0x6 ./Core/Src/stm32f4xx_it.o
                0x0000000008000948                UsageFault_Handler
 .text.SVC_Handler
                0x000000000800094e        0xe ./Core/Src/stm32f4xx_it.o
                0x000000000800094e                SVC_Handler
 .text.DebugMon_Handler
                0x000000000800095c        0xe ./Core/Src/stm32f4xx_it.o
                0x000000000800095c                DebugMon_Handler
 .text.PendSV_Handler
                0x000000000800096a        0xe ./Core/Src/stm32f4xx_it.o
                0x000000000800096a                PendSV_Handler
 .text.SysTick_Handler
                0x0000000008000978        0xc ./Core/Src/stm32f4xx_it.o
                0x0000000008000978                SysTick_Handler
 .text.SystemInit
                0x0000000008000984       0x24 ./Core/Src/system_stm32f4xx.o
                0x0000000008000984                SystemInit
 .text.Reset_Handler
                0x00000000080009a8       0x50 ./Core/Startup/startup_stm32f407vetx.o
                0x00000000080009a8                Reset_Handler
 .text.Default_Handler
                0x00000000080009f8        0x2 ./Core/Startup/startup_stm32f407vetx.o
                0x00000000080009f8                RTC_Alarm_IRQHandler
                0x00000000080009f8                HASH_RNG_IRQHandler
                0x00000000080009f8                EXTI2_IRQHandler
                0x00000000080009f8                TIM8_CC_IRQHandler
                0x00000000080009f8                TIM1_CC_IRQHandler
                0x00000000080009f8                DMA2_Stream5_IRQHandler
                0x00000000080009f8                DMA1_Stream5_IRQHandler
                0x00000000080009f8                PVD_IRQHandler
                0x00000000080009f8                SDIO_IRQHandler
                0x00000000080009f8                TAMP_STAMP_IRQHandler
                0x00000000080009f8                CAN2_RX1_IRQHandler
                0x00000000080009f8                EXTI3_IRQHandler
                0x00000000080009f8                TIM8_TRG_COM_TIM14_IRQHandler
                0x00000000080009f8                TIM1_UP_TIM10_IRQHandler
                0x00000000080009f8                TIM8_UP_TIM13_IRQHandler
                0x00000000080009f8                I2C3_ER_IRQHandler
                0x00000000080009f8                EXTI0_IRQHandler
                0x00000000080009f8                I2C2_EV_IRQHandler
                0x00000000080009f8                DMA1_Stream2_IRQHandler
                0x00000000080009f8                CAN1_RX0_IRQHandler
                0x00000000080009f8                FPU_IRQHandler
                0x00000000080009f8                OTG_HS_WKUP_IRQHandler
                0x00000000080009f8                CAN2_SCE_IRQHandler
                0x00000000080009f8                DMA2_Stream2_IRQHandler
                0x00000000080009f8                SPI1_IRQHandler
                0x00000000080009f8                TIM6_DAC_IRQHandler
                0x00000000080009f8                TIM1_BRK_TIM9_IRQHandler
                0x00000000080009f8                DCMI_IRQHandler
                0x00000000080009f8                CAN2_RX0_IRQHandler
                0x00000000080009f8                DMA2_Stream3_IRQHandler
                0x00000000080009f8                USART6_IRQHandler
                0x00000000080009f8                USART3_IRQHandler
                0x00000000080009f8                CAN1_RX1_IRQHandler
                0x00000000080009f8                UART5_IRQHandler
                0x00000000080009f8                DMA2_Stream0_IRQHandler
                0x00000000080009f8                TIM4_IRQHandler
                0x00000000080009f8                I2C1_EV_IRQHandler
                0x00000000080009f8                DMA1_Stream6_IRQHandler
                0x00000000080009f8                DMA1_Stream1_IRQHandler
                0x00000000080009f8                UART4_IRQHandler
                0x00000000080009f8                TIM3_IRQHandler
                0x00000000080009f8                RCC_IRQHandler
                0x00000000080009f8                TIM8_BRK_TIM12_IRQHandler
                0x00000000080009f8                Default_Handler
                0x00000000080009f8                EXTI15_10_IRQHandler
                0x00000000080009f8                ADC_IRQHandler
                0x00000000080009f8                DMA1_Stream7_IRQHandler
                0x00000000080009f8                TIM7_IRQHandler
                0x00000000080009f8                CAN2_TX_IRQHandler
                0x00000000080009f8                TIM5_IRQHandler
                0x00000000080009f8                DMA2_Stream7_IRQHandler
                0x00000000080009f8                I2C3_EV_IRQHandler
                0x00000000080009f8                EXTI9_5_IRQHandler
                0x00000000080009f8                RTC_WKUP_IRQHandler
                0x00000000080009f8                ETH_WKUP_IRQHandler
                0x00000000080009f8                SPI2_IRQHandler
                0x00000000080009f8                OTG_HS_EP1_IN_IRQHandler
                0x00000000080009f8                DMA1_Stream0_IRQHandler
                0x00000000080009f8                CAN1_TX_IRQHandler
                0x00000000080009f8                EXTI4_IRQHandler
                0x00000000080009f8                FSMC_IRQHandler
                0x00000000080009f8                ETH_IRQHandler
                0x00000000080009f8                OTG_HS_EP1_OUT_IRQHandler
                0x00000000080009f8                WWDG_IRQHandler
                0x00000000080009f8                TIM2_IRQHandler
                0x00000000080009f8                OTG_FS_WKUP_IRQHandler
                0x00000000080009f8                TIM1_TRG_COM_TIM11_IRQHandler
                0x00000000080009f8                OTG_HS_IRQHandler
                0x00000000080009f8                EXTI1_IRQHandler
                0x00000000080009f8                USART2_IRQHandler
                0x00000000080009f8                I2C2_ER_IRQHandler
                0x00000000080009f8                DMA2_Stream1_IRQHandler
                0x00000000080009f8                CAN1_SCE_IRQHandler
                0x00000000080009f8                FLASH_IRQHandler
                0x00000000080009f8                DMA2_Stream4_IRQHandler
                0x00000000080009f8                USART1_IRQHandler
                0x00000000080009f8                OTG_FS_IRQHandler
                0x00000000080009f8                SPI3_IRQHandler
                0x00000000080009f8                DMA1_Stream4_IRQHandler
                0x00000000080009f8                I2C1_ER_IRQHandler
                0x00000000080009f8                DMA2_Stream6_IRQHandler
                0x00000000080009f8                DMA1_Stream3_IRQHandler
 *fill*         0x00000000080009fa        0x2 
 .text.HAL_Init
                0x00000000080009fc       0x44 ./Drivers/STM32F4xx_HAL_Driver/Src/stm32f4xx_hal.o
                0x00000000080009fc                HAL_Init
 .text.HAL_InitTick
                0x0000000008000a40       0x60 ./Drivers/STM32F4xx_HAL_Driver/Src/stm32f4xx_hal.o
                0x0000000008000a40                HAL_InitTick
 .text.HAL_IncTick
                0x0000000008000aa0       0x28 ./Drivers/STM32F4xx_HAL_Driver/Src/stm32f4xx_hal.o
                0x0000000008000aa0                HAL_IncTick
 .text.HAL_GetTick
                0x0000000008000ac8       0x18 ./Drivers/STM32F4xx_HAL_Driver/Src/stm32f4xx_hal.o
                0x0000000008000ac8                HAL_GetTick
 .text.HAL_Delay
                0x0000000008000ae0       0x48 ./Drivers/STM32F4xx_HAL_Driver/Src/stm32f4xx_hal.o
                0x0000000008000ae0                HAL_Delay
 .text.__NVIC_SetPriorityGrouping
                0x0000000008000b28       0x48 ./Drivers/STM32F4xx_HAL_Driver/Src/stm32f4xx_hal_cortex.o
 .text.__NVIC_GetPriorityGrouping
                0x0000000008000b70       0x1c ./Drivers/STM32F4xx_HAL_Driver/Src/stm32f4xx_hal_cortex.o
 .text.__NVIC_SetPriority
                0x0000000008000b8c       0x54 ./Drivers/STM32F4xx_HAL_Driver/Src/stm32f4xx_hal_cortex.o
 .text.NVIC_EncodePriority
                0x0000000008000be0       0x66 ./Drivers/STM32F4xx_HAL_Driver/Src/stm32f4xx_hal_cortex.o
 *fill*         0x0000000008000c46        0x2 
 .text.SysTick_Config
                0x0000000008000c48       0x44 ./Drivers/STM32F4xx_HAL_Driver/Src/stm32f4xx_hal_cortex.o
 .text.HAL_NVIC_SetPriorityGrouping
                0x0000000008000c8c       0x16 ./Drivers/STM32F4xx_HAL_Driver/Src/stm32f4xx_hal_cortex.o
                0x0000000008000c8c                HAL_NVIC_SetPriorityGrouping
 .text.HAL_NVIC_SetPriority
                0x0000000008000ca2       0x38 ./Drivers/STM32F4xx_HAL_Driver/Src/stm32f4xx_hal_cortex.o
                0x0000000008000ca2                HAL_NVIC_SetPriority
 .text.HAL_SYSTICK_Config
                0x0000000008000cda       0x18 ./Drivers/STM32F4xx_HAL_Driver/Src/stm32f4xx_hal_cortex.o
                0x0000000008000cda                HAL_SYSTICK_Config
 *fill*         0x0000000008000cf2        0x2 
 .text.HAL_GPIO_Init
                0x0000000008000cf4      0x338 ./Drivers/STM32F4xx_HAL_Driver/Src/stm32f4xx_hal_gpio.o
                0x0000000008000cf4                HAL_GPIO_Init
 .text.HAL_GPIO_WritePin
                0x000000000800102c       0x32 ./Drivers/STM32F4xx_HAL_Driver/Src/stm32f4xx_hal_gpio.o
                0x000000000800102c                HAL_GPIO_WritePin
 *fill*         0x000000000800105e        0x2 
 .text.HAL_RCC_OscConfig
                0x0000000008001060      0x4f0 ./Drivers/STM32F4xx_HAL_Driver/Src/stm32f4xx_hal_rcc.o
                0x0000000008001060                HAL_RCC_OscConfig
 .text.HAL_RCC_ClockConfig
                0x0000000008001550      0x1cc ./Drivers/STM32F4xx_HAL_Driver/Src/stm32f4xx_hal_rcc.o
                0x0000000008001550                HAL_RCC_ClockConfig
 .text.HAL_RCC_GetSysClockFreq
                0x000000000800171c      0x18c ./Drivers/STM32F4xx_HAL_Driver/Src/stm32f4xx_hal_rcc.o
                0x000000000800171c                HAL_RCC_GetSysClockFreq
 .text.HAL_SD_Init
                0x00000000080018a8       0x60 ./Drivers/STM32F4xx_HAL_Driver/Src/stm32f4xx_hal_sd.o
                0x00000000080018a8                HAL_SD_Init
 .text.HAL_SD_InitCard
                0x0000000008001908      0x100 ./Drivers/STM32F4xx_HAL_Driver/Src/stm32f4xx_hal_sd.o
                0x0000000008001908                HAL_SD_InitCard
 .text.HAL_SD_ReadBlocks
                0x0000000008001a08      0x3bc ./Drivers/STM32F4xx_HAL_Driver/Src/stm32f4xx_hal_sd.o
                0x0000000008001a08                HAL_SD_ReadBlocks
 .text.HAL_SD_WriteBlocks
                0x0000000008001dc4      0x30c ./Drivers/STM32F4xx_HAL_Driver/Src/stm32f4xx_hal_sd.o
                0x0000000008001dc4                HAL_SD_WriteBlocks
 .text.HAL_SD_GetCardCSD
                0x00000000080020d0      0x348 ./Drivers/STM32F4xx_HAL_Driver/Src/stm32f4xx_hal_sd.o
                0x00000000080020d0                HAL_SD_GetCardCSD
 .text.HAL_SD_GetCardInfo
                0x0000000008002418       0x58 ./Drivers/STM32F4xx_HAL_Driver/Src/stm32f4xx_hal_sd.o
                0x0000000008002418                HAL_SD_GetCardInfo
 .text.HAL_SD_GetCardState
                0x0000000008002470       0x40 ./Drivers/STM32F4xx_HAL_Driver/Src/stm32f4xx_hal_sd.o
                0x0000000008002470                HAL_SD_GetCardState
 .text.SD_InitCard
                0x00000000080024b0      0x19c ./Drivers/STM32F4xx_HAL_Driver/Src/stm32f4xx_hal_sd.o
 .text.SD_PowerON
                0x000000000800264c      0x11c ./Drivers/STM32F4xx_HAL_Driver/Src/stm32f4xx_hal_sd.o
 .text.SD_SendStatus
                0x0000000008002768       0x50 ./Drivers/STM32F4xx_HAL_Driver/Src/stm32f4xx_hal_sd.o
 .text.SDIO_Init
                0x00000000080027b8       0x56 ./Drivers/STM32F4xx_HAL_Driver/Src/stm32f4xx_ll_sdmmc.o
                0x00000000080027b8                SDIO_Init
 .text.SDIO_ReadFIFO
                0x000000000800280e       0x1a ./Drivers/STM32F4xx_HAL_Driver/Src/stm32f4xx_ll_sdmmc.o
                0x000000000800280e                SDIO_ReadFIFO
 .text.SDIO_WriteFIFO
                0x0000000008002828       0x22 ./Drivers/STM32F4xx_HAL_Driver/Src/stm32f4xx_ll_sdmmc.o
                0x0000000008002828                SDIO_WriteFIFO
 .text.SDIO_PowerState_ON
                0x000000000800284a       0x1c ./Drivers/STM32F4xx_HAL_Driver/Src/stm32f4xx_ll_sdmmc.o
                0x000000000800284a                SDIO_PowerState_ON
 .text.SDIO_GetPowerState
                0x0000000008002866       0x1c ./Drivers/STM32F4xx_HAL_Driver/Src/stm32f4xx_ll_sdmmc.o
                0x0000000008002866                SDIO_GetPowerState
 .text.SDIO_SendCommand
                0x0000000008002882       0x54 ./Drivers/STM32F4xx_HAL_Driver/Src/stm32f4xx_ll_sdmmc.o
                0x0000000008002882                SDIO_SendCommand
 .text.SDIO_GetCommandResponse
                0x00000000080028d6       0x1a ./Drivers/STM32F4xx_HAL_Driver/Src/stm32f4xx_ll_sdmmc.o
                0x00000000080028d6                SDIO_GetCommandResponse
 .text.SDIO_GetResponse
                0x00000000080028f0       0x26 ./Drivers/STM32F4xx_HAL_Driver/Src/stm32f4xx_ll_sdmmc.o
                0x00000000080028f0                SDIO_GetResponse
 .text.SDIO_ConfigData
                0x0000000008002916       0x58 ./Drivers/STM32F4xx_HAL_Driver/Src/stm32f4xx_ll_sdmmc.o
                0x0000000008002916                SDIO_ConfigData
 .text.SDMMC_CmdBlockLength
                0x000000000800296e       0x44 ./Drivers/STM32F4xx_HAL_Driver/Src/stm32f4xx_ll_sdmmc.o
                0x000000000800296e                SDMMC_CmdBlockLength
 .text.SDMMC_CmdReadSingleBlock
                0x00000000080029b2       0x44 ./Drivers/STM32F4xx_HAL_Driver/Src/stm32f4xx_ll_sdmmc.o
                0x00000000080029b2                SDMMC_CmdReadSingleBlock
 .text.SDMMC_CmdReadMultiBlock
                0x00000000080029f6       0x44 ./Drivers/STM32F4xx_HAL_Driver/Src/stm32f4xx_ll_sdmmc.o
                0x00000000080029f6                SDMMC_CmdReadMultiBlock
 .text.SDMMC_CmdWriteSingleBlock
                0x0000000008002a3a       0x44 ./Drivers/STM32F4xx_HAL_Driver/Src/stm32f4xx_ll_sdmmc.o
                0x0000000008002a3a                SDMMC_CmdWriteSingleBlock
 .text.SDMMC_CmdWriteMultiBlock
                0x0000000008002a7e       0x44 ./Drivers/STM32F4xx_HAL_Driver/Src/stm32f4xx_ll_sdmmc.o
                0x0000000008002a7e                SDMMC_CmdWriteMultiBlock
 *fill*         0x0000000008002ac2        0x2 
 .text.SDMMC_CmdStopTransfer
                0x0000000008002ac4       0x44 ./Drivers/STM32F4xx_HAL_Driver/Src/stm32f4xx_ll_sdmmc.o
                0x0000000008002ac4                SDMMC_CmdStopTransfer
 .text.SDMMC_CmdSelDesel
                0x0000000008002b08       0x46 ./Drivers/STM32F4xx_HAL_Driver/Src/stm32f4xx_ll_sdmmc.o
                0x0000000008002b08                SDMMC_CmdSelDesel
 .text.SDMMC_CmdGoIdleState
                0x0000000008002b4e       0x3c ./Drivers/STM32F4xx_HAL_Driver/Src/stm32f4xx_ll_sdmmc.o
                0x0000000008002b4e                SDMMC_CmdGoIdleState
 .text.SDMMC_CmdOperCond
                0x0000000008002b8a       0x3e ./Drivers/STM32F4xx_HAL_Driver/Src/stm32f4xx_ll_sdmmc.o
                0x0000000008002b8a                SDMMC_CmdOperCond
 .text.SDMMC_CmdAppCommand
                0x0000000008002bc8       0x44 ./Drivers/STM32F4xx_HAL_Driver/Src/stm32f4xx_ll_sdmmc.o
                0x0000000008002bc8                SDMMC_CmdAppCommand
 .text.SDMMC_CmdAppOperCommand
                0x0000000008002c0c       0x46 ./Drivers/STM32F4xx_HAL_Driver/Src/stm32f4xx_ll_sdmmc.o
                0x0000000008002c0c                SDMMC_CmdAppOperCommand
 .text.SDMMC_CmdSendCID
                0x0000000008002c52       0x3c ./Drivers/STM32F4xx_HAL_Driver/Src/stm32f4xx_ll_sdmmc.o
                0x0000000008002c52                SDMMC_CmdSendCID
 .text.SDMMC_CmdSendCSD
                0x0000000008002c8e       0x3e ./Drivers/STM32F4xx_HAL_Driver/Src/stm32f4xx_ll_sdmmc.o
                0x0000000008002c8e                SDMMC_CmdSendCSD
 .text.SDMMC_CmdSetRelAdd
                0x0000000008002ccc       0x42 ./Drivers/STM32F4xx_HAL_Driver/Src/stm32f4xx_ll_sdmmc.o
                0x0000000008002ccc                SDMMC_CmdSetRelAdd
 .text.SDMMC_CmdSendStatus
                0x0000000008002d0e       0x44 ./Drivers/STM32F4xx_HAL_Driver/Src/stm32f4xx_ll_sdmmc.o
                0x0000000008002d0e                SDMMC_CmdSendStatus
 *fill*         0x0000000008002d52        0x2 
 .text.SDMMC_GetCmdResp1
                0x0000000008002d54      0x1dc ./Drivers/STM32F4xx_HAL_Driver/Src/stm32f4xx_ll_sdmmc.o
                0x0000000008002d54                SDMMC_GetCmdResp1
 .text.SDMMC_GetCmdResp2
                0x0000000008002f30       0x90 ./Drivers/STM32F4xx_HAL_Driver/Src/stm32f4xx_ll_sdmmc.o
                0x0000000008002f30                SDMMC_GetCmdResp2
 .text.SDMMC_GetCmdResp3
                0x0000000008002fc0       0x7c ./Drivers/STM32F4xx_HAL_Driver/Src/stm32f4xx_ll_sdmmc.o
                0x0000000008002fc0                SDMMC_GetCmdResp3
 .text.SDMMC_GetCmdResp6
                0x000000000800303c       0xec ./Drivers/STM32F4xx_HAL_Driver/Src/stm32f4xx_ll_sdmmc.o
                0x000000000800303c                SDMMC_GetCmdResp6
 .text.SDMMC_GetCmdResp7
                0x0000000008003128       0x9c ./Drivers/STM32F4xx_HAL_Driver/Src/stm32f4xx_ll_sdmmc.o
                0x0000000008003128                SDMMC_GetCmdResp7
 .text.SDMMC_GetCmdError
                0x00000000080031c4       0x58 ./Drivers/STM32F4xx_HAL_Driver/Src/stm32f4xx_ll_sdmmc.o
 .text.get_fattime
                0x000000000800321c       0x10 ./FATFS/App/fatfs.o
                0x000000000800321c                get_fattime
 .text.BSP_SD_ReadBlocks
                0x000000000800322c       0x3c ./FATFS/Target/bsp_driver_sd.o
                0x000000000800322c                BSP_SD_ReadBlocks
 .text.BSP_SD_WriteBlocks
                0x0000000008003268       0x58 ./FATFS/Target/bsp_driver_sd.o
                0x0000000008003268                BSP_SD_WriteBlocks
 .text.BSP_SD_GetCardState
                0x00000000080032c0       0x20 ./FATFS/Target/bsp_driver_sd.o
                0x00000000080032c0                BSP_SD_GetCardState
 .text.BSP_SD_GetCardInfo
                0x00000000080032e0       0x1c ./FATFS/Target/bsp_driver_sd.o
                0x00000000080032e0                BSP_SD_GetCardInfo
 .text.SD_CheckStatus
                0x00000000080032fc       0x38 ./FATFS/Target/sd_diskio.o
 .text.SD_initialize
                0x0000000008003334       0x3c ./FATFS/Target/sd_diskio.o
                0x0000000008003334                SD_initialize
 .text.SD_status
                0x0000000008003370       0x1c ./FATFS/Target/sd_diskio.o
                0x0000000008003370                SD_status
 .text.SD_read  0x000000000800338c       0x42 ./FATFS/Target/sd_diskio.o
                0x000000000800338c                SD_read
 .text.SD_write
                0x00000000080033ce       0x42 ./FATFS/Target/sd_diskio.o
                0x00000000080033ce                SD_write
 .text.SD_ioctl
                0x0000000008003410       0xb0 ./FATFS/Target/sd_diskio.o
                0x0000000008003410                SD_ioctl
 .text.disk_status
                0x00000000080034c0       0x34 ./Middlewares/Third_Party/FatFs/src/diskio.o
                0x00000000080034c0                disk_status
 .text.disk_initialize
                0x00000000080034f4       0x4c ./Middlewares/Third_Party/FatFs/src/diskio.o
                0x00000000080034f4                disk_initialize
 .text.disk_read
                0x0000000008003540       0x40 ./Middlewares/Third_Party/FatFs/src/diskio.o
                0x0000000008003540                disk_read
 .text.disk_write
                0x0000000008003580       0x40 ./Middlewares/Third_Party/FatFs/src/diskio.o
                0x0000000008003580                disk_write
 .text.disk_ioctl
                0x00000000080035c0       0x3c ./Middlewares/Third_Party/FatFs/src/diskio.o
                0x00000000080035c0                disk_ioctl
 .text.ld_word  0x00000000080035fc       0x30 ./Middlewares/Third_Party/FatFs/src/ff.o
 .text.ld_dword
                0x000000000800362c       0x46 ./Middlewares/Third_Party/FatFs/src/ff.o
 .text.st_word  0x0000000008003672       0x36 ./Middlewares/Third_Party/FatFs/src/ff.o
 .text.st_dword
                0x00000000080036a8       0x58 ./Middlewares/Third_Party/FatFs/src/ff.o
 .text.mem_cpy  0x0000000008003700       0x42 ./Middlewares/Third_Party/FatFs/src/ff.o
 .text.mem_set  0x0000000008003742       0x36 ./Middlewares/Third_Party/FatFs/src/ff.o
 .text.mem_cmp  0x0000000008003778       0x4e ./Middlewares/Third_Party/FatFs/src/ff.o
 .text.chk_chr  0x00000000080037c6       0x36 ./Middlewares/Third_Party/FatFs/src/ff.o
 .text.chk_lock
                0x00000000080037fc       0xb8 ./Middlewares/Third_Party/FatFs/src/ff.o
 .text.enq_lock
                0x00000000080038b4       0x44 ./Middlewares/Third_Party/FatFs/src/ff.o
 .text.inc_lock
                0x00000000080038f8      0x11c ./Middlewares/Third_Party/FatFs/src/ff.o
 .text.dec_lock
                0x0000000008003a14       0x78 ./Middlewares/Third_Party/FatFs/src/ff.o
 .text.clear_lock
                0x0000000008003a8c       0x48 ./Middlewares/Third_Party/FatFs/src/ff.o
 .text.sync_window
                0x0000000008003ad4       0x88 ./Middlewares/Third_Party/FatFs/src/ff.o
 .text.move_window
                0x0000000008003b5c       0x5a ./Middlewares/Third_Party/FatFs/src/ff.o
 *fill*         0x0000000008003bb6        0x2 
 .text.sync_fs  0x0000000008003bb8       0xdc ./Middlewares/Third_Party/FatFs/src/ff.o
 .text.clust2sect
                0x0000000008003c94       0x3e ./Middlewares/Third_Party/FatFs/src/ff.o
 .text.get_fat  0x0000000008003cd2      0x150 ./Middlewares/Third_Party/FatFs/src/ff.o
 .text.put_fat  0x0000000008003e22      0x1d8 ./Middlewares/Third_Party/FatFs/src/ff.o
 .text.remove_chain
                0x0000000008003ffa       0xca ./Middlewares/Third_Party/FatFs/src/ff.o
 .text.create_chain
                0x00000000080040c4      0x130 ./Middlewares/Third_Party/FatFs/src/ff.o
 .text.clmt_clust
                0x00000000080041f4       0x68 ./Middlewares/Third_Party/FatFs/src/ff.o
 .text.dir_sdi  0x000000000800425c       0xf6 ./Middlewares/Third_Party/FatFs/src/ff.o
 .text.dir_next
                0x0000000008004352      0x18a ./Middlewares/Third_Party/FatFs/src/ff.o
 .text.dir_alloc
                0x00000000080044dc       0x8e ./Middlewares/Third_Party/FatFs/src/ff.o
 .text.ld_clust
                0x000000000800456a       0x3e ./Middlewares/Third_Party/FatFs/src/ff.o
 .text.st_clust
                0x00000000080045a8       0x40 ./Middlewares/Third_Party/FatFs/src/ff.o
 .text.dir_find
                0x00000000080045e8       0xaa ./Middlewares/Third_Party/FatFs/src/ff.o
 .text.dir_register
                0x0000000008004692       0x64 ./Middlewares/Third_Party/FatFs/src/ff.o
 *fill*         0x00000000080046f6        0x2 
 .text.create_name
                0x00000000080046f8      0x128 ./Middlewares/Third_Party/FatFs/src/ff.o
 .text.follow_path
                0x0000000008004820       0xe2 ./Middlewares/Third_Party/FatFs/src/ff.o
 .text.get_ldnumber
                0x0000000008004902       0x88 ./Middlewares/Third_Party/FatFs/src/ff.o
 *fill*         0x000000000800498a        0x2 
 .text.check_fs
                0x000000000800498c       0xac ./Middlewares/Third_Party/FatFs/src/ff.o
 .text.find_volume
                0x0000000008004a38      0x498 ./Middlewares/Third_Party/FatFs/src/ff.o
 .text.validate
                0x0000000008004ed0       0x6a ./Middlewares/Third_Party/FatFs/src/ff.o
 *fill*         0x0000000008004f3a        0x2 
 .text.f_mount  0x0000000008004f3c       0x8c ./Middlewares/Third_Party/FatFs/src/ff.o
                0x0000000008004f3c                f_mount
 .text.f_open   0x0000000008004fc8      0x37c ./Middlewares/Third_Party/FatFs/src/ff.o
                0x0000000008004fc8                f_open
 .text.f_read   0x0000000008005344      0x27e ./Middlewares/Third_Party/FatFs/src/ff.o
                0x0000000008005344                f_read
 .text.f_write  0x00000000080055c2      0x2ea ./Middlewares/Third_Party/FatFs/src/ff.o
                0x00000000080055c2                f_write
 .text.f_sync   0x00000000080058ac       0xfc ./Middlewares/Third_Party/FatFs/src/ff.o
                0x00000000080058ac                f_sync
 .text.f_close  0x00000000080059a8       0x54 ./Middlewares/Third_Party/FatFs/src/ff.o
                0x00000000080059a8                f_close
 .text.f_mkfs   0x00000000080059fc      0x858 ./Middlewares/Third_Party/FatFs/src/ff.o
                0x00000000080059fc                f_mkfs
 .text.FATFS_LinkDriverEx
                0x0000000008006254       0x98 ./Middlewares/Third_Party/FatFs/src/ff_gen_drv.o
                0x0000000008006254                FATFS_LinkDriverEx
 .text.FATFS_LinkDriver
                0x00000000080062ec       0x1e ./Middlewares/Third_Party/FatFs/src/ff_gen_drv.o
                0x00000000080062ec                FATFS_LinkDriver
 *fill*         0x000000000800630a        0x2 
 .text.FATFS_UnLinkDriverEx
                0x000000000800630c       0x70 ./Middlewares/Third_Party/FatFs/src/ff_gen_drv.o
                0x000000000800630c                FATFS_UnLinkDriverEx
 .text.FATFS_UnLinkDriver
                0x000000000800637c       0x1a ./Middlewares/Third_Party/FatFs/src/ff_gen_drv.o
                0x000000000800637c                FATFS_UnLinkDriver
 *fill*         0x0000000008006396        0x2 
 .text.__libc_init_array
                0x0000000008006398       0x48 c:/st/stm32cubeide_1.12.1/stm32cubeide/plugins/com.st.stm32cube.ide.mcu.externaltools.gnu-tools-for-stm32.10.3-2021.10.win32_1.0.200.202301161003/tools/bin/../lib/gcc/arm-none-eabi/10.3.1/../../../../arm-none-eabi/lib/thumb/v7e-m+fp/hard\libc_nano.a(lib_a-init.o)
                0x0000000008006398                __libc_init_array
 .text.memset   0x00000000080063e0       0x10 c:/st/stm32cubeide_1.12.1/stm32cubeide/plugins/com.st.stm32cube.ide.mcu.externaltools.gnu-tools-for-stm32.10.3-2021.10.win32_1.0.200.202301161003/tools/bin/../lib/gcc/arm-none-eabi/10.3.1/../../../../arm-none-eabi/lib/thumb/v7e-m+fp/hard\libc_nano.a(lib_a-memset.o)
                0x00000000080063e0                memset
 *(.glue_7)
 .glue_7        0x00000000080063f0        0x0 linker stubs
 *(.glue_7t)
 .glue_7t       0x00000000080063f0        0x0 linker stubs
 *(.eh_frame)
 .eh_frame      0x00000000080063f0        0x0 c:/st/stm32cubeide_1.12.1/stm32cubeide/plugins/com.st.stm32cube.ide.mcu.externaltools.gnu-tools-for-stm32.10.3-2021.10.win32_1.0.200.202301161003/tools/bin/../lib/gcc/arm-none-eabi/10.3.1/thumb/v7e-m+fp/hard/crtbegin.o
 *(.init)
 .init          0x00000000080063f0        0x4 c:/st/stm32cubeide_1.12.1/stm32cubeide/plugins/com.st.stm32cube.ide.mcu.externaltools.gnu-tools-for-stm32.10.3-2021.10.win32_1.0.200.202301161003/tools/bin/../lib/gcc/arm-none-eabi/10.3.1/thumb/v7e-m+fp/hard/crti.o
                0x00000000080063f0                _init
 .init          0x00000000080063f4        0x8 c:/st/stm32cubeide_1.12.1/stm32cubeide/plugins/com.st.stm32cube.ide.mcu.externaltools.gnu-tools-for-stm32.10.3-2021.10.win32_1.0.200.202301161003/tools/bin/../lib/gcc/arm-none-eabi/10.3.1/thumb/v7e-m+fp/hard/crtn.o
 *(.fini)
 .fini          0x00000000080063fc        0x4 c:/st/stm32cubeide_1.12.1/stm32cubeide/plugins/com.st.stm32cube.ide.mcu.externaltools.gnu-tools-for-stm32.10.3-2021.10.win32_1.0.200.202301161003/tools/bin/../lib/gcc/arm-none-eabi/10.3.1/thumb/v7e-m+fp/hard/crti.o
                0x00000000080063fc                _fini
 .fini          0x0000000008006400        0x8 c:/st/stm32cubeide_1.12.1/stm32cubeide/plugins/com.st.stm32cube.ide.mcu.externaltools.gnu-tools-for-stm32.10.3-2021.10.win32_1.0.200.202301161003/tools/bin/../lib/gcc/arm-none-eabi/10.3.1/thumb/v7e-m+fp/hard/crtn.o
                0x0000000008006408                . = ALIGN (0x4)
                0x0000000008006408                _etext = .

.vfp11_veneer   0x0000000008006408        0x0
 .vfp11_veneer  0x0000000008006408        0x0 linker stubs

.v4_bx          0x0000000008006408        0x0
 .v4_bx         0x0000000008006408        0x0 linker stubs

.iplt           0x0000000008006408        0x0
 .iplt          0x0000000008006408        0x0 c:/st/stm32cubeide_1.12.1/stm32cubeide/plugins/com.st.stm32cube.ide.mcu.externaltools.gnu-tools-for-stm32.10.3-2021.10.win32_1.0.200.202301161003/tools/bin/../lib/gcc/arm-none-eabi/10.3.1/thumb/v7e-m+fp/hard/crtbegin.o

.rodata         0x0000000008006408      0x138
                0x0000000008006408                . = ALIGN (0x4)
 *(.rodata)
 .rodata        0x0000000008006408       0x2d ./Core/Src/main.o
 *fill*         0x0000000008006435        0x3 
 .rodata        0x0000000008006438       0x44 ./Middlewares/Third_Party/FatFs/src/ff.o
 *(.rodata*)
 .rodata.AHBPrescTable
                0x000000000800647c       0x10 ./Core/Src/system_stm32f4xx.o
                0x000000000800647c                AHBPrescTable
 .rodata.SD_Driver
                0x000000000800648c       0x14 ./FATFS/Target/sd_diskio.o
                0x000000000800648c                SD_Driver
 .rodata.ExCvt  0x00000000080064a0       0x80 ./Middlewares/Third_Party/FatFs/src/ff.o
 .rodata.cst32.1
                0x0000000008006520        0xe ./Middlewares/Third_Party/FatFs/src/ff.o
 *fill*         0x000000000800652e        0x2 
 .rodata.cst.0  0x0000000008006530        0xe ./Middlewares/Third_Party/FatFs/src/ff.o
                0x0000000008006540                . = ALIGN (0x4)
 *fill*         0x000000000800653e        0x2 

.ARM.extab      0x0000000008006540        0x0
                0x0000000008006540                . = ALIGN (0x4)
 *(.ARM.extab* .gnu.linkonce.armextab.*)
                0x0000000008006540                . = ALIGN (0x4)

.ARM            0x0000000008006540        0x8
                0x0000000008006540                . = ALIGN (0x4)
                0x0000000008006540                __exidx_start = .
 *(.ARM.exidx*)
 .ARM.exidx     0x0000000008006540        0x8 c:/st/stm32cubeide_1.12.1/stm32cubeide/plugins/com.st.stm32cube.ide.mcu.externaltools.gnu-tools-for-stm32.10.3-2021.10.win32_1.0.200.202301161003/tools/bin/../lib/gcc/arm-none-eabi/10.3.1/thumb/v7e-m+fp/hard\libgcc.a(_udivmoddi4.o)
                0x0000000008006548                __exidx_end = .
                0x0000000008006548                . = ALIGN (0x4)

.rel.dyn        0x0000000008006548        0x0
 .rel.iplt      0x0000000008006548        0x0 c:/st/stm32cubeide_1.12.1/stm32cubeide/plugins/com.st.stm32cube.ide.mcu.externaltools.gnu-tools-for-stm32.10.3-2021.10.win32_1.0.200.202301161003/tools/bin/../lib/gcc/arm-none-eabi/10.3.1/thumb/v7e-m+fp/hard/crtbegin.o

.preinit_array  0x0000000008006548        0x0
                0x0000000008006548                . = ALIGN (0x4)
                0x0000000008006548                PROVIDE (__preinit_array_start = .)
 *(.preinit_array*)
                0x0000000008006548                PROVIDE (__preinit_array_end = .)
                0x0000000008006548                . = ALIGN (0x4)

.init_array     0x0000000008006548        0x4
                0x0000000008006548                . = ALIGN (0x4)
                0x0000000008006548                PROVIDE (__init_array_start = .)
 *(SORT_BY_NAME(.init_array.*))
 *(.init_array*)
 .init_array    0x0000000008006548        0x4 c:/st/stm32cubeide_1.12.1/stm32cubeide/plugins/com.st.stm32cube.ide.mcu.externaltools.gnu-tools-for-stm32.10.3-2021.10.win32_1.0.200.202301161003/tools/bin/../lib/gcc/arm-none-eabi/10.3.1/thumb/v7e-m+fp/hard/crtbegin.o
                0x000000000800654c                PROVIDE (__init_array_end = .)
                0x000000000800654c                . = ALIGN (0x4)

.fini_array     0x000000000800654c        0x4
                0x000000000800654c                . = ALIGN (0x4)
                [!provide]                        PROVIDE (__fini_array_start = .)
 *(SORT_BY_NAME(.fini_array.*))
 *(.fini_array*)
 .fini_array    0x000000000800654c        0x4 c:/st/stm32cubeide_1.12.1/stm32cubeide/plugins/com.st.stm32cube.ide.mcu.externaltools.gnu-tools-for-stm32.10.3-2021.10.win32_1.0.200.202301161003/tools/bin/../lib/gcc/arm-none-eabi/10.3.1/thumb/v7e-m+fp/hard/crtbegin.o
                [!provide]                        PROVIDE (__fini_array_end = .)
                0x0000000008006550                . = ALIGN (0x4)
                0x0000000008006550                _sidata = LOADADDR (.data)

.data           0x0000000020000000        0xc load address 0x0000000008006550
                0x0000000020000000                . = ALIGN (0x4)
                0x0000000020000000                _sdata = .
 *(.data)
 *(.data*)
 .data.SystemCoreClock
                0x0000000020000000        0x4 ./Core/Src/system_stm32f4xx.o
                0x0000000020000000                SystemCoreClock
 .data.uwTickPrio
                0x0000000020000004        0x4 ./Drivers/STM32F4xx_HAL_Driver/Src/stm32f4xx_hal.o
                0x0000000020000004                uwTickPrio
 .data.uwTickFreq
                0x0000000020000008        0x1 ./Drivers/STM32F4xx_HAL_Driver/Src/stm32f4xx_hal.o
                0x0000000020000008                uwTickFreq
 .data.Stat     0x0000000020000009        0x1 ./FATFS/Target/sd_diskio.o
 *(.RamFunc)
 *(.RamFunc*)
                0x000000002000000c                . = ALIGN (0x4)
 *fill*         0x000000002000000a        0x2 
                0x000000002000000c                _edata = .
                0x000000000800655c                _siccmram = LOADADDR (.ccmram)

.igot.plt       0x000000002000000c        0x0 load address 0x000000000800655c
 .igot.plt      0x000000002000000c        0x0 c:/st/stm32cubeide_1.12.1/stm32cubeide/plugins/com.st.stm32cube.ide.mcu.externaltools.gnu-tools-for-stm32.10.3-2021.10.win32_1.0.200.202301161003/tools/bin/../lib/gcc/arm-none-eabi/10.3.1/thumb/v7e-m+fp/hard/crtbegin.o

.ccmram         0x0000000010000000        0x0 load address 0x000000000800655c
                0x0000000010000000                . = ALIGN (0x4)
                0x0000000010000000                _sccmram = .
 *(.ccmram)
 *(.ccmram*)
                0x0000000010000000                . = ALIGN (0x4)
                0x0000000010000000                _eccmram = .
                0x0000000010000000                . = ALIGN (0x4)

.bss            0x000000002000000c      0x73c
                0x000000002000000c                _sbss = .
                0x000000002000000c                __bss_start__ = _sbss
 *(.bss)
 .bss           0x000000002000000c       0x1c c:/st/stm32cubeide_1.12.1/stm32cubeide/plugins/com.st.stm32cube.ide.mcu.externaltools.gnu-tools-for-stm32.10.3-2021.10.win32_1.0.200.202301161003/tools/bin/../lib/gcc/arm-none-eabi/10.3.1/thumb/v7e-m+fp/hard/crtbegin.o
 *(.bss*)
 .bss.hsd       0x0000000020000028       0x84 ./Core/Src/main.o
                0x0000000020000028                hsd
 .bss.SDFatFs   0x00000000200000ac      0x230 ./Core/Src/main.o
                0x00000000200000ac                SDFatFs
 .bss.MyFile    0x00000000200002dc      0x230 ./Core/Src/main.o
                0x00000000200002dc                MyFile
 .bss.buffer    0x000000002000050c      0x200 ./Core/Src/main.o
 .bss.uwTick    0x000000002000070c        0x4 ./Drivers/STM32F4xx_HAL_Driver/Src/stm32f4xx_hal.o
                0x000000002000070c                uwTick
 .bss.SDPath    0x0000000020000710        0x4 ./FATFS/App/fatfs.o
                0x0000000020000710                SDPath
 .bss.FatFs     0x0000000020000714        0x4 ./Middlewares/Third_Party/FatFs/src/ff.o
 .bss.Fsid      0x0000000020000718        0x2 ./Middlewares/Third_Party/FatFs/src/ff.o
 *fill*         0x000000002000071a        0x2 
 .bss.Files     0x000000002000071c       0x20 ./Middlewares/Third_Party/FatFs/src/ff.o
 .bss.disk      0x000000002000073c        0xc ./Middlewares/Third_Party/FatFs/src/ff_gen_drv.o
                0x000000002000073c                disk
 *(COMMON)
                0x0000000020000748                . = ALIGN (0x4)
                0x0000000020000748                _ebss = .
                0x0000000020000748                __bss_end__ = _ebss

._user_heap_stack
                0x0000000020000748      0x600
                0x0000000020000748                . = ALIGN (0x8)
                [!provide]                        PROVIDE (end = .)
                0x0000000020000748                PROVIDE (_end = .)
                0x0000000020000948                . = (. + _Min_Heap_Size)
 *fill*         0x0000000020000748      0x200 
                0x0000000020000d48                . = (. + _Min_Stack_Size)
 *fill*         0x0000000020000948      0x400 
                0x0000000020000d48                . = ALIGN (0x8)

/DISCARD/
 libc.a(*)
 libm.a(*)
 libgcc.a(*)

.ARM.attributes
                0x0000000000000000       0x30
 *(.ARM.attributes)
 .ARM.attributes
                0x0000000000000000       0x1e c:/st/stm32cubeide_1.12.1/stm32cubeide/plugins/com.st.stm32cube.ide.mcu.externaltools.gnu-tools-for-stm32.10.3-2021.10.win32_1.0.200.202301161003/tools/bin/../lib/gcc/arm-none-eabi/10.3.1/thumb/v7e-m+fp/hard/crti.o
 .ARM.attributes
                0x000000000000001e       0x34 c:/st/stm32cubeide_1.12.1/stm32cubeide/plugins/com.st.stm32cube.ide.mcu.externaltools.gnu-tools-for-stm32.10.3-2021.10.win32_1.0.200.202301161003/tools/bin/../lib/gcc/arm-none-eabi/10.3.1/thumb/v7e-m+fp/hard/crtbegin.o
 .ARM.attributes
                0x0000000000000052       0x34 ./Core/Src/main.o
 .ARM.attributes
                0x0000000000000086       0x34 ./Core/Src/stm32f4xx_hal_msp.o
 .ARM.attributes
                0x00000000000000ba       0x34 ./Core/Src/stm32f4xx_it.o
 .ARM.attributes
                0x00000000000000ee       0x34 ./Core/Src/system_stm32f4xx.o
 .ARM.attributes
                0x0000000000000122       0x21 ./Core/Startup/startup_stm32f407vetx.o
 .ARM.attributes
                0x0000000000000143       0x34 ./Drivers/STM32F4xx_HAL_Driver/Src/stm32f4xx_hal.o
 .ARM.attributes
                0x0000000000000177       0x34 ./Drivers/STM32F4xx_HAL_Driver/Src/stm32f4xx_hal_cortex.o
 .ARM.attributes
                0x00000000000001ab       0x34 ./Drivers/STM32F4xx_HAL_Driver/Src/stm32f4xx_hal_gpio.o
 .ARM.attributes
                0x00000000000001df       0x34 ./Drivers/STM32F4xx_HAL_Driver/Src/stm32f4xx_hal_rcc.o
 .ARM.attributes
                0x0000000000000213       0x34 ./Drivers/STM32F4xx_HAL_Driver/Src/stm32f4xx_hal_sd.o
 .ARM.attributes
                0x0000000000000247       0x34 ./Drivers/STM32F4xx_HAL_Driver/Src/stm32f4xx_ll_sdmmc.o
 .ARM.attributes
                0x000000000000027b       0x34 ./FATFS/App/fatfs.o
 .ARM.attributes
                0x00000000000002af       0x34 ./FATFS/Target/bsp_driver_sd.o
 .ARM.attributes
                0x00000000000002e3       0x34 ./FATFS/Target/sd_diskio.o
 .ARM.attributes
                0x0000000000000317       0x34 ./Middlewares/Third_Party/FatFs/src/diskio.o
 .ARM.attributes
                0x000000000000034b       0x34 ./Middlewares/Third_Party/FatFs/src/ff.o
 .ARM.attributes
                0x000000000000037f       0x34 ./Middlewares/Third_Party/FatFs/src/ff_gen_drv.o
 .ARM.attributes
                0x00000000000003b3       0x34 c:/st/stm32cubeide_1.12.1/stm32cubeide/plugins/com.st.stm32cube.ide.mcu.externaltools.gnu-tools-for-stm32.10.3-2021.10.win32_1.0.200.202301161003/tools/bin/../lib/gcc/arm-none-eabi/10.3.1/../../../../arm-none-eabi/lib/thumb/v7e-m+fp/hard\libc_nano.a(lib_a-init.o)
 .ARM.attributes
                0x00000000000003e7       0x34 c:/st/stm32cubeide_1.12.1/stm32cubeide/plugins/com.st.stm32cube.ide.mcu.externaltools.gnu-tools-for-stm32.10.3-2021.10.win32_1.0.200.202301161003/tools/bin/../lib/gcc/arm-none-eabi/10.3.1/../../../../arm-none-eabi/lib/thumb/v7e-m+fp/hard\libc_nano.a(lib_a-memset.o)
 .ARM.attributes
                0x000000000000041b       0x1e c:/st/stm32cubeide_1.12.1/stm32cubeide/plugins/com.st.stm32cube.ide.mcu.externaltools.gnu-tools-for-stm32.10.3-2021.10.win32_1.0.200.202301161003/tools/bin/../lib/gcc/arm-none-eabi/10.3.1/thumb/v7e-m+fp/hard\libgcc.a(_aeabi_uldivmod.o)
 .ARM.attributes
                0x0000000000000439       0x34 c:/st/stm32cubeide_1.12.1/stm32cubeide/plugins/com.st.stm32cube.ide.mcu.externaltools.gnu-tools-for-stm32.10.3-2021.10.win32_1.0.200.202301161003/tools/bin/../lib/gcc/arm-none-eabi/10.3.1/thumb/v7e-m+fp/hard\libgcc.a(_udivmoddi4.o)
 .ARM.attributes
                0x000000000000046d       0x1e c:/st/stm32cubeide_1.12.1/stm32cubeide/plugins/com.st.stm32cube.ide.mcu.externaltools.gnu-tools-for-stm32.10.3-2021.10.win32_1.0.200.202301161003/tools/bin/../lib/gcc/arm-none-eabi/10.3.1/thumb/v7e-m+fp/hard\libgcc.a(_dvmd_tls.o)
 .ARM.attributes
                0x000000000000048b       0x1e c:/st/stm32cubeide_1.12.1/stm32cubeide/plugins/com.st.stm32cube.ide.mcu.externaltools.gnu-tools-for-stm32.10.3-2021.10.win32_1.0.200.202301161003/tools/bin/../lib/gcc/arm-none-eabi/10.3.1/thumb/v7e-m+fp/hard/crtn.o
OUTPUT(STm32F407VE_SDTEST.elf elf32-littlearm)
LOAD linker stubs
LOAD c:/st/stm32cubeide_1.12.1/stm32cubeide/plugins/com.st.stm32cube.ide.mcu.externaltools.gnu-tools-for-stm32.10.3-2021.10.win32_1.0.200.202301161003/tools/bin/../lib/gcc/arm-none-eabi/10.3.1/../../../../arm-none-eabi/lib/thumb/v7e-m+fp/hard\libc.a
LOAD c:/st/stm32cubeide_1.12.1/stm32cubeide/plugins/com.st.stm32cube.ide.mcu.externaltools.gnu-tools-for-stm32.10.3-2021.10.win32_1.0.200.202301161003/tools/bin/../lib/gcc/arm-none-eabi/10.3.1/../../../../arm-none-eabi/lib/thumb/v7e-m+fp/hard\libm.a
LOAD c:/st/stm32cubeide_1.12.1/stm32cubeide/plugins/com.st.stm32cube.ide.mcu.externaltools.gnu-tools-for-stm32.10.3-2021.10.win32_1.0.200.202301161003/tools/bin/../lib/gcc/arm-none-eabi/10.3.1/thumb/v7e-m+fp/hard\libgcc.a

.debug_info     0x0000000000000000     0xc80e
 .debug_info    0x0000000000000000     0x15ee ./Core/Src/main.o
 .debug_info    0x00000000000015ee      0xd85 ./Core/Src/stm32f4xx_hal_msp.o
 .debug_info    0x0000000000002373      0x121 ./Core/Src/stm32f4xx_it.o
 .debug_info    0x0000000000002494      0x523 ./Core/Src/system_stm32f4xx.o
 .debug_info    0x00000000000029b7       0x22 ./Core/Startup/startup_stm32f407vetx.o
 .debug_info    0x00000000000029d9      0x97c ./Drivers/STM32F4xx_HAL_Driver/Src/stm32f4xx_hal.o
 .debug_info    0x0000000000003355      0xe1b ./Drivers/STM32F4xx_HAL_Driver/Src/stm32f4xx_hal_cortex.o
 .debug_info    0x0000000000004170      0x76a ./Drivers/STM32F4xx_HAL_Driver/Src/stm32f4xx_hal_gpio.o
 .debug_info    0x00000000000048da      0x966 ./Drivers/STM32F4xx_HAL_Driver/Src/stm32f4xx_hal_rcc.o
 .debug_info    0x0000000000005240     0x1d34 ./Drivers/STM32F4xx_HAL_Driver/Src/stm32f4xx_hal_sd.o
 .debug_info    0x0000000000006f74     0x11dd ./Drivers/STM32F4xx_HAL_Driver/Src/stm32f4xx_ll_sdmmc.o
 .debug_info    0x0000000000008151      0x4fa ./FATFS/App/fatfs.o
 .debug_info    0x000000000000864b      0xb54 ./FATFS/Target/bsp_driver_sd.o
 .debug_info    0x000000000000919f      0xab7 ./FATFS/Target/sd_diskio.o
 .debug_info    0x0000000000009c56      0x412 ./Middlewares/Third_Party/FatFs/src/diskio.o
 .debug_info    0x000000000000a068     0x23fd ./Middlewares/Third_Party/FatFs/src/ff.o
 .debug_info    0x000000000000c465      0x3a9 ./Middlewares/Third_Party/FatFs/src/ff_gen_drv.o

.debug_abbrev   0x0000000000000000     0x1fc3
 .debug_abbrev  0x0000000000000000      0x2eb ./Core/Src/main.o
 .debug_abbrev  0x00000000000002eb      0x1ac ./Core/Src/stm32f4xx_hal_msp.o
 .debug_abbrev  0x0000000000000497       0x74 ./Core/Src/stm32f4xx_it.o
 .debug_abbrev  0x000000000000050b      0x116 ./Core/Src/system_stm32f4xx.o
 .debug_abbrev  0x0000000000000621       0x12 ./Core/Startup/startup_stm32f407vetx.o
 .debug_abbrev  0x0000000000000633      0x20d ./Drivers/STM32F4xx_HAL_Driver/Src/stm32f4xx_hal.o
 .debug_abbrev  0x0000000000000840      0x316 ./Drivers/STM32F4xx_HAL_Driver/Src/stm32f4xx_hal_cortex.o
 .debug_abbrev  0x0000000000000b56      0x1c4 ./Drivers/STM32F4xx_HAL_Driver/Src/stm32f4xx_hal_gpio.o
 .debug_abbrev  0x0000000000000d1a      0x2aa ./Drivers/STM32F4xx_HAL_Driver/Src/stm32f4xx_hal_rcc.o
 .debug_abbrev  0x0000000000000fc4      0x288 ./Drivers/STM32F4xx_HAL_Driver/Src/stm32f4xx_hal_sd.o
 .debug_abbrev  0x000000000000124c      0x1ce ./Drivers/STM32F4xx_HAL_Driver/Src/stm32f4xx_ll_sdmmc.o
 .debug_abbrev  0x000000000000141a      0x15a ./FATFS/App/fatfs.o
 .debug_abbrev  0x0000000000001574      0x2aa ./FATFS/Target/bsp_driver_sd.o
 .debug_abbrev  0x000000000000181e      0x22e ./FATFS/Target/sd_diskio.o
 .debug_abbrev  0x0000000000001a4c      0x178 ./Middlewares/Third_Party/FatFs/src/diskio.o
 .debug_abbrev  0x0000000000001bc4      0x269 ./Middlewares/Third_Party/FatFs/src/ff.o
 .debug_abbrev  0x0000000000001e2d      0x196 ./Middlewares/Third_Party/FatFs/src/ff_gen_drv.o

.debug_aranges  0x0000000000000000      0xab0
 .debug_aranges
                0x0000000000000000       0x48 ./Core/Src/main.o
 .debug_aranges
                0x0000000000000048       0x40 ./Core/Src/stm32f4xx_hal_msp.o
 .debug_aranges
                0x0000000000000088       0x60 ./Core/Src/stm32f4xx_it.o
 .debug_aranges
                0x00000000000000e8       0x28 ./Core/Src/system_stm32f4xx.o
 .debug_aranges
                0x0000000000000110       0x28 ./Core/Startup/startup_stm32f407vetx.o
 .debug_aranges
                0x0000000000000138       0xf0 ./Drivers/STM32F4xx_HAL_Driver/Src/stm32f4xx_hal.o
 .debug_aranges
                0x0000000000000228      0x118 ./Drivers/STM32F4xx_HAL_Driver/Src/stm32f4xx_hal_cortex.o
 .debug_aranges
                0x0000000000000340       0x58 ./Drivers/STM32F4xx_HAL_Driver/Src/stm32f4xx_hal_gpio.o
 .debug_aranges
                0x0000000000000398       0x88 ./Drivers/STM32F4xx_HAL_Driver/Src/stm32f4xx_hal_rcc.o
 .debug_aranges
                0x0000000000000420      0x168 ./Drivers/STM32F4xx_HAL_Driver/Src/stm32f4xx_hal_sd.o
 .debug_aranges
                0x0000000000000588      0x188 ./Drivers/STM32F4xx_HAL_Driver/Src/stm32f4xx_ll_sdmmc.o
 .debug_aranges
                0x0000000000000710       0x28 ./FATFS/App/fatfs.o
 .debug_aranges
                0x0000000000000738       0xa0 ./FATFS/Target/bsp_driver_sd.o
 .debug_aranges
                0x00000000000007d8       0x48 ./FATFS/Target/sd_diskio.o
 .debug_aranges
                0x0000000000000820       0x48 ./Middlewares/Third_Party/FatFs/src/diskio.o
 .debug_aranges
                0x0000000000000868      0x208 ./Middlewares/Third_Party/FatFs/src/ff.o
 .debug_aranges
                0x0000000000000a70       0x40 ./Middlewares/Third_Party/FatFs/src/ff_gen_drv.o

.debug_ranges   0x0000000000000000      0x9a8
 .debug_ranges  0x0000000000000000       0x38 ./Core/Src/main.o
 .debug_ranges  0x0000000000000038       0x30 ./Core/Src/stm32f4xx_hal_msp.o
 .debug_ranges  0x0000000000000068       0x50 ./Core/Src/stm32f4xx_it.o
 .debug_ranges  0x00000000000000b8       0x18 ./Core/Src/system_stm32f4xx.o
 .debug_ranges  0x00000000000000d0       0x20 ./Core/Startup/startup_stm32f407vetx.o
 .debug_ranges  0x00000000000000f0       0xe0 ./Drivers/STM32F4xx_HAL_Driver/Src/stm32f4xx_hal.o
 .debug_ranges  0x00000000000001d0      0x108 ./Drivers/STM32F4xx_HAL_Driver/Src/stm32f4xx_hal_cortex.o
 .debug_ranges  0x00000000000002d8       0x48 ./Drivers/STM32F4xx_HAL_Driver/Src/stm32f4xx_hal_gpio.o
 .debug_ranges  0x0000000000000320       0x78 ./Drivers/STM32F4xx_HAL_Driver/Src/stm32f4xx_hal_rcc.o
 .debug_ranges  0x0000000000000398      0x158 ./Drivers/STM32F4xx_HAL_Driver/Src/stm32f4xx_hal_sd.o
 .debug_ranges  0x00000000000004f0      0x178 ./Drivers/STM32F4xx_HAL_Driver/Src/stm32f4xx_ll_sdmmc.o
 .debug_ranges  0x0000000000000668       0x18 ./FATFS/App/fatfs.o
 .debug_ranges  0x0000000000000680       0x90 ./FATFS/Target/bsp_driver_sd.o
 .debug_ranges  0x0000000000000710       0x38 ./FATFS/Target/sd_diskio.o
 .debug_ranges  0x0000000000000748       0x38 ./Middlewares/Third_Party/FatFs/src/diskio.o
 .debug_ranges  0x0000000000000780      0x1f8 ./Middlewares/Third_Party/FatFs/src/ff.o
 .debug_ranges  0x0000000000000978       0x30 ./Middlewares/Third_Party/FatFs/src/ff_gen_drv.o

.debug_macro    0x0000000000000000    0x2204a
 .debug_macro   0x0000000000000000      0x31a ./Core/Src/main.o
 .debug_macro   0x000000000000031a      0xa78 ./Core/Src/main.o
 .debug_macro   0x0000000000000d92      0x29b ./Core/Src/main.o
 .debug_macro   0x000000000000102d       0x2e ./Core/Src/main.o
 .debug_macro   0x000000000000105b       0x2f ./Core/Src/main.o
 .debug_macro   0x000000000000108a       0x22 ./Core/Src/main.o
 .debug_macro   0x00000000000010ac       0x8e ./Core/Src/main.o
 .debug_macro   0x000000000000113a       0x51 ./Core/Src/main.o
 .debug_macro   0x000000000000118b      0x103 ./Core/Src/main.o
 .debug_macro   0x000000000000128e       0x6a ./Core/Src/main.o
 .debug_macro   0x00000000000012f8      0x1df ./Core/Src/main.o
 .debug_macro   0x00000000000014d7       0x1c ./Core/Src/main.o
 .debug_macro   0x00000000000014f3       0x22 ./Core/Src/main.o
 .debug_macro   0x0000000000001515       0xd9 ./Core/Src/main.o
 .debug_macro   0x00000000000015ee     0x102d ./Core/Src/main.o
 .debug_macro   0x000000000000261b      0x11f ./Core/Src/main.o
 .debug_macro   0x000000000000273a    0x15e82 ./Core/Src/main.o
 .debug_macro   0x00000000000185bc       0x6d ./Core/Src/main.o
 .debug_macro   0x0000000000018629     0x367e ./Core/Src/main.o
 .debug_macro   0x000000000001bca7      0x174 ./Core/Src/main.o
 .debug_macro   0x000000000001be1b       0x5c ./Core/Src/main.o
 .debug_macro   0x000000000001be77      0x96b ./Core/Src/main.o
 .debug_macro   0x000000000001c7e2      0x9fe ./Core/Src/main.o
 .debug_macro   0x000000000001d1e0      0x115 ./Core/Src/main.o
 .debug_macro   0x000000000001d2f5      0x13e ./Core/Src/main.o
 .debug_macro   0x000000000001d433       0xa5 ./Core/Src/main.o
 .debug_macro   0x000000000001d4d8      0x174 ./Core/Src/main.o
 .debug_macro   0x000000000001d64c      0x287 ./Core/Src/main.o
 .debug_macro   0x000000000001d8d3       0x5f ./Core/Src/main.o
 .debug_macro   0x000000000001d932      0x236 ./Core/Src/main.o
 .debug_macro   0x000000000001db68      0x12c ./Core/Src/main.o
 .debug_macro   0x000000000001dc94      0x21e ./Core/Src/main.o
 .debug_macro   0x000000000001deb2       0x2e ./Core/Src/main.o
 .debug_macro   0x000000000001dee0      0x11a ./Core/Src/main.o
 .debug_macro   0x000000000001dffa       0x7e ./Core/Src/main.o
 .debug_macro   0x000000000001e078       0x89 ./Core/Src/main.o
 .debug_macro   0x000000000001e101      0x861 ./Core/Src/main.o
 .debug_macro   0x000000000001e962      0x1d5 ./Core/Src/main.o
 .debug_macro   0x000000000001eb37      0x295 ./Core/Src/main.o
 .debug_macro   0x000000000001edcc      0x12d ./Core/Src/main.o
 .debug_macro   0x000000000001eef9       0x1c ./Core/Src/main.o
 .debug_macro   0x000000000001ef15       0x34 ./Core/Src/main.o
 .debug_macro   0x000000000001ef49       0xe5 ./Core/Src/main.o
 .debug_macro   0x000000000001f02e       0x1e ./Core/Src/main.o
 .debug_macro   0x000000000001f04c       0x52 ./Core/Src/main.o
 .debug_macro   0x000000000001f09e       0x3c ./Core/Src/main.o
 .debug_macro   0x000000000001f0da       0x34 ./Core/Src/main.o
 .debug_macro   0x000000000001f10e       0x16 ./Core/Src/main.o
 .debug_macro   0x000000000001f124       0x35 ./Core/Src/main.o
 .debug_macro   0x000000000001f159       0x16 ./Core/Src/main.o
 .debug_macro   0x000000000001f16f       0x43 ./Core/Src/main.o
 .debug_macro   0x000000000001f1b2       0x34 ./Core/Src/main.o
 .debug_macro   0x000000000001f1e6       0x10 ./Core/Src/main.o
 .debug_macro   0x000000000001f1f6       0x58 ./Core/Src/main.o
 .debug_macro   0x000000000001f24e       0x71 ./Core/Src/main.o
 .debug_macro   0x000000000001f2bf       0x1c ./Core/Src/main.o
 .debug_macro   0x000000000001f2db      0x12a ./Core/Src/main.o
 .debug_macro   0x000000000001f405      0x341 ./Core/Src/main.o
 .debug_macro   0x000000000001f746       0x16 ./Core/Src/main.o
 .debug_macro   0x000000000001f75c       0x29 ./Core/Src/main.o
 .debug_macro   0x000000000001f785       0x12 ./Core/Src/main.o
 .debug_macro   0x000000000001f797       0xe2 ./Core/Src/main.o
 .debug_macro   0x000000000001f879       0x8e ./Core/Src/main.o
 .debug_macro   0x000000000001f907      0x1dd ./Core/Src/stm32f4xx_hal_msp.o
 .debug_macro   0x000000000001fae4      0x1e7 ./Core/Src/stm32f4xx_it.o
 .debug_macro   0x000000000001fccb      0x1d3 ./Core/Src/system_stm32f4xx.o
 .debug_macro   0x000000000001fe9e      0x233 ./Drivers/STM32F4xx_HAL_Driver/Src/stm32f4xx_hal.o
 .debug_macro   0x00000000000200d1      0x1d3 ./Drivers/STM32F4xx_HAL_Driver/Src/stm32f4xx_hal_cortex.o
 .debug_macro   0x00000000000202a4      0x1d9 ./Drivers/STM32F4xx_HAL_Driver/Src/stm32f4xx_hal_gpio.o
 .debug_macro   0x000000000002047d      0x1f7 ./Drivers/STM32F4xx_HAL_Driver/Src/stm32f4xx_hal_rcc.o
 .debug_macro   0x0000000000020674      0x1d4 ./Drivers/STM32F4xx_HAL_Driver/Src/stm32f4xx_hal_sd.o
 .debug_macro   0x0000000000020848      0x1d4 ./Drivers/STM32F4xx_HAL_Driver/Src/stm32f4xx_ll_sdmmc.o
 .debug_macro   0x0000000000020a1c      0x31a ./FATFS/App/fatfs.o
 .debug_macro   0x0000000000020d36      0x1eb ./FATFS/Target/bsp_driver_sd.o
 .debug_macro   0x0000000000020f21      0x323 ./FATFS/Target/sd_diskio.o
 .debug_macro   0x0000000000021244       0x16 ./FATFS/Target/sd_diskio.o
 .debug_macro   0x000000000002125a       0x7c ./FATFS/Target/sd_diskio.o
 .debug_macro   0x00000000000212d6      0x307 ./Middlewares/Third_Party/FatFs/src/diskio.o
 .debug_macro   0x00000000000215dd      0x70e ./Middlewares/Third_Party/FatFs/src/ff.o
 .debug_macro   0x0000000000021ceb       0x58 ./Middlewares/Third_Party/FatFs/src/ff.o
 .debug_macro   0x0000000000021d43      0x307 ./Middlewares/Third_Party/FatFs/src/ff_gen_drv.o

.debug_line     0x0000000000000000     0xde40
 .debug_line    0x0000000000000000      0xa45 ./Core/Src/main.o
 .debug_line    0x0000000000000a45      0x76c ./Core/Src/stm32f4xx_hal_msp.o
 .debug_line    0x00000000000011b1      0x783 ./Core/Src/stm32f4xx_it.o
 .debug_line    0x0000000000001934      0x742 ./Core/Src/system_stm32f4xx.o
 .debug_line    0x0000000000002076       0x88 ./Core/Startup/startup_stm32f407vetx.o
 .debug_line    0x00000000000020fe      0x9a8 ./Drivers/STM32F4xx_HAL_Driver/Src/stm32f4xx_hal.o
 .debug_line    0x0000000000002aa6      0xc57 ./Drivers/STM32F4xx_HAL_Driver/Src/stm32f4xx_hal_cortex.o
 .debug_line    0x00000000000036fd      0xb1c ./Drivers/STM32F4xx_HAL_Driver/Src/stm32f4xx_hal_gpio.o
 .debug_line    0x0000000000004219      0xd22 ./Drivers/STM32F4xx_HAL_Driver/Src/stm32f4xx_hal_rcc.o
 .debug_line    0x0000000000004f3b     0x1dd5 ./Drivers/STM32F4xx_HAL_Driver/Src/stm32f4xx_hal_sd.o
 .debug_line    0x0000000000006d10      0xf3b ./Drivers/STM32F4xx_HAL_Driver/Src/stm32f4xx_ll_sdmmc.o
 .debug_line    0x0000000000007c4b      0x8d2 ./FATFS/App/fatfs.o
 .debug_line    0x000000000000851d      0x8c1 ./FATFS/Target/bsp_driver_sd.o
 .debug_line    0x0000000000008dde      0x9b3 ./FATFS/Target/sd_diskio.o
 .debug_line    0x0000000000009791      0x943 ./Middlewares/Third_Party/FatFs/src/diskio.o
 .debug_line    0x000000000000a0d4     0x340b ./Middlewares/Third_Party/FatFs/src/ff.o
 .debug_line    0x000000000000d4df      0x961 ./Middlewares/Third_Party/FatFs/src/ff_gen_drv.o

.debug_str      0x0000000000000000    0xc816c
 .debug_str     0x0000000000000000    0xc4e3b ./Core/Src/main.o
                                      0xc51a7 (size before relaxing)
 .debug_str     0x00000000000c4e3b       0x86 ./Core/Src/stm32f4xx_hal_msp.o
                                      0xc16b6 (size before relaxing)
 .debug_str     0x00000000000c4ec1       0xc9 ./Core/Src/stm32f4xx_it.o
                                      0xc0f23 (size before relaxing)
 .debug_str     0x00000000000c4f8a       0xdb ./Core/Src/system_stm32f4xx.o
                                      0xc104d (size before relaxing)
 .debug_str     0x00000000000c5065       0x36 ./Core/Startup/startup_stm32f407vetx.o
                                         0x84 (size before relaxing)
 .debug_str     0x00000000000c509b      0xb02 ./Drivers/STM32F4xx_HAL_Driver/Src/stm32f4xx_hal.o
                                      0xc1bd1 (size before relaxing)
 .debug_str     0x00000000000c5b9d      0x354 ./Drivers/STM32F4xx_HAL_Driver/Src/stm32f4xx_hal_cortex.o
                                      0xc1904 (size before relaxing)
 .debug_str     0x00000000000c5ef1      0x121 ./Drivers/STM32F4xx_HAL_Driver/Src/stm32f4xx_hal_gpio.o
                                      0xc11c8 (size before relaxing)
 .debug_str     0x00000000000c6012      0x233 ./Drivers/STM32F4xx_HAL_Driver/Src/stm32f4xx_hal_rcc.o
                                      0xc1481 (size before relaxing)
 .debug_str     0x00000000000c6245      0x971 ./Drivers/STM32F4xx_HAL_Driver/Src/stm32f4xx_hal_sd.o
                                      0xc1dc6 (size before relaxing)
 .debug_str     0x00000000000c6bb6      0x227 ./Drivers/STM32F4xx_HAL_Driver/Src/stm32f4xx_ll_sdmmc.o
                                      0xc14d4 (size before relaxing)
 .debug_str     0x00000000000c6ddd       0x44 ./FATFS/App/fatfs.o
                                      0xc4639 (size before relaxing)
 .debug_str     0x00000000000c6e21      0x17b ./FATFS/Target/bsp_driver_sd.o
                                      0xc170e (size before relaxing)
 .debug_str     0x00000000000c6f9c       0xb1 ./FATFS/Target/sd_diskio.o
                                      0xc4afd (size before relaxing)
 .debug_str     0x00000000000c704d       0x57 ./Middlewares/Third_Party/FatFs/src/diskio.o
                                      0xc4554 (size before relaxing)
 .debug_str     0x00000000000c70a4     0x104a ./Middlewares/Third_Party/FatFs/src/ff.o
                                      0xc57b7 (size before relaxing)
 .debug_str     0x00000000000c80ee       0x7e ./Middlewares/Third_Party/FatFs/src/ff_gen_drv.o
                                      0xc45a5 (size before relaxing)

.comment        0x0000000000000000       0x50
 .comment       0x0000000000000000       0x50 ./Core/Src/main.o
                                         0x51 (size before relaxing)
 .comment       0x0000000000000050       0x51 ./Core/Src/stm32f4xx_hal_msp.o
 .comment       0x0000000000000050       0x51 ./Core/Src/stm32f4xx_it.o
 .comment       0x0000000000000050       0x51 ./Core/Src/system_stm32f4xx.o
 .comment       0x0000000000000050       0x51 ./Drivers/STM32F4xx_HAL_Driver/Src/stm32f4xx_hal.o
 .comment       0x0000000000000050       0x51 ./Drivers/STM32F4xx_HAL_Driver/Src/stm32f4xx_hal_cortex.o
 .comment       0x0000000000000050       0x51 ./Drivers/STM32F4xx_HAL_Driver/Src/stm32f4xx_hal_gpio.o
 .comment       0x0000000000000050       0x51 ./Drivers/STM32F4xx_HAL_Driver/Src/stm32f4xx_hal_rcc.o
 .comment       0x0000000000000050       0x51 ./Drivers/STM32F4xx_HAL_Driver/Src/stm32f4xx_hal_sd.o
 .comment       0x0000000000000050       0x51 ./Drivers/STM32F4xx_HAL_Driver/Src/stm32f4xx_ll_sdmmc.o
 .comment       0x0000000000000050       0x51 ./FATFS/App/fatfs.o
 .comment       0x0000000000000050       0x51 ./FATFS/Target/bsp_driver_sd.o
 .comment       0x0000000000000050       0x51 ./FATFS/Target/sd_diskio.o
 .comment       0x0000000000000050       0x51 ./Middlewares/Third_Party/FatFs/src/diskio.o
 .comment       0x0000000000000050       0x51 ./Middlewares/Third_Party/FatFs/src/ff.o
 .comment       0x0000000000000050       0x51 ./Middlewares/Third_Party/FatFs/src/ff_gen_drv.o

.debug_frame    0x0000000000000000     0x2a9c
 .debug_frame   0x0000000000000000       0xd0 ./Core/Src/main.o
 .debug_frame   0x00000000000000d0       0xc8 ./Core/Src/stm32f4xx_hal_msp.o
 .debug_frame   0x0000000000000198      0x104 ./Core/Src/stm32f4xx_it.o
 .debug_frame   0x000000000000029c       0x58 ./Core/Src/system_stm32f4xx.o
 .debug_frame   0x00000000000002f4      0x374 ./Drivers/STM32F4xx_HAL_Driver/Src/stm32f4xx_hal.o
 .debug_frame   0x0000000000000668      0x498 ./Drivers/STM32F4xx_HAL_Driver/Src/stm32f4xx_hal_cortex.o
 .debug_frame   0x0000000000000b00      0x14c ./Drivers/STM32F4xx_HAL_Driver/Src/stm32f4xx_hal_gpio.o
 .debug_frame   0x0000000000000c4c      0x1f4 ./Drivers/STM32F4xx_HAL_Driver/Src/stm32f4xx_hal_rcc.o
 .debug_frame   0x0000000000000e40      0x650 ./Drivers/STM32F4xx_HAL_Driver/Src/stm32f4xx_hal_sd.o
 .debug_frame   0x0000000000001490      0x6d0 ./Drivers/STM32F4xx_HAL_Driver/Src/stm32f4xx_ll_sdmmc.o
 .debug_frame   0x0000000000001b60       0x4c ./FATFS/App/fatfs.o
 .debug_frame   0x0000000000001bac      0x258 ./FATFS/Target/bsp_driver_sd.o
 .debug_frame   0x0000000000001e04       0xec ./FATFS/Target/sd_diskio.o
 .debug_frame   0x0000000000001ef0       0xec ./Middlewares/Third_Party/FatFs/src/diskio.o
 .debug_frame   0x0000000000001fdc      0x94c ./Middlewares/Third_Party/FatFs/src/ff.o
 .debug_frame   0x0000000000002928       0xc8 ./Middlewares/Third_Party/FatFs/src/ff_gen_drv.o
 .debug_frame   0x00000000000029f0       0x2c c:/st/stm32cubeide_1.12.1/stm32cubeide/plugins/com.st.stm32cube.ide.mcu.externaltools.gnu-tools-for-stm32.10.3-2021.10.win32_1.0.200.202301161003/tools/bin/../lib/gcc/arm-none-eabi/10.3.1/../../../../arm-none-eabi/lib/thumb/v7e-m+fp/hard\libc_nano.a(lib_a-init.o)
 .debug_frame   0x0000000000002a1c       0x20 c:/st/stm32cubeide_1.12.1/stm32cubeide/plugins/com.st.stm32cube.ide.mcu.externaltools.gnu-tools-for-stm32.10.3-2021.10.win32_1.0.200.202301161003/tools/bin/../lib/gcc/arm-none-eabi/10.3.1/../../../../arm-none-eabi/lib/thumb/v7e-m+fp/hard\libc_nano.a(lib_a-memset.o)
 .debug_frame   0x0000000000002a3c       0x2c c:/st/stm32cubeide_1.12.1/stm32cubeide/plugins/com.st.stm32cube.ide.mcu.externaltools.gnu-tools-for-stm32.10.3-2021.10.win32_1.0.200.202301161003/tools/bin/../lib/gcc/arm-none-eabi/10.3.1/thumb/v7e-m+fp/hard\libgcc.a(_aeabi_uldivmod.o)
 .debug_frame   0x0000000000002a68       0x34 c:/st/stm32cubeide_1.12.1/stm32cubeide/plugins/com.st.stm32cube.ide.mcu.externaltools.gnu-tools-for-stm32.10.3-2021.10.win32_1.0.200.202301161003/tools/bin/../lib/gcc/arm-none-eabi/10.3.1/thumb/v7e-m+fp/hard\libgcc.a(_udivmoddi4.o)
