Archive member included to satisfy reference by file (symbol)

c:/st/stm32cubeide_1.12.1/stm32cubeide/plugins/com.st.stm32cube.ide.mcu.externaltools.gnu-tools-for-stm32.10.3-2021.10.win32_1.0.200.202301161003/tools/bin/../lib/gcc/arm-none-eabi/10.3.1/../../../../arm-none-eabi/lib/thumb/v7e-m+fp/hard\libc_nano.a(lib_a-errno.o)
                              ./Core/Src/syscalls.o (__errno)
c:/st/stm32cubeide_1.12.1/stm32cubeide/plugins/com.st.stm32cube.ide.mcu.externaltools.gnu-tools-for-stm32.10.3-2021.10.win32_1.0.200.202301161003/tools/bin/../lib/gcc/arm-none-eabi/10.3.1/../../../../arm-none-eabi/lib/thumb/v7e-m+fp/hard\libc_nano.a(lib_a-exit.o)
                              c:/st/stm32cubeide_1.12.1/stm32cubeide/plugins/com.st.stm32cube.ide.mcu.externaltools.gnu-tools-for-stm32.10.3-2021.10.win32_1.0.200.202301161003/tools/bin/../lib/gcc/arm-none-eabi/10.3.1/../../../../arm-none-eabi/lib/thumb/v7e-m+fp/hard/crt0.o (exit)
c:/st/stm32cubeide_1.12.1/stm32cubeide/plugins/com.st.stm32cube.ide.mcu.externaltools.gnu-tools-for-stm32.10.3-2021.10.win32_1.0.200.202301161003/tools/bin/../lib/gcc/arm-none-eabi/10.3.1/../../../../arm-none-eabi/lib/thumb/v7e-m+fp/hard\libc_nano.a(lib_a-impure.o)
                              c:/st/stm32cubeide_1.12.1/stm32cubeide/plugins/com.st.stm32cube.ide.mcu.externaltools.gnu-tools-for-stm32.10.3-2021.10.win32_1.0.200.202301161003/tools/bin/../lib/gcc/arm-none-eabi/10.3.1/../../../../arm-none-eabi/lib/thumb/v7e-m+fp/hard\libc_nano.a(lib_a-exit.o) (_global_impure_ptr)
c:/st/stm32cubeide_1.12.1/stm32cubeide/plugins/com.st.stm32cube.ide.mcu.externaltools.gnu-tools-for-stm32.10.3-2021.10.win32_1.0.200.202301161003/tools/bin/../lib/gcc/arm-none-eabi/10.3.1/../../../../arm-none-eabi/lib/thumb/v7e-m+fp/hard\libc_nano.a(lib_a-init.o)
                              c:/st/stm32cubeide_1.12.1/stm32cubeide/plugins/com.st.stm32cube.ide.mcu.externaltools.gnu-tools-for-stm32.10.3-2021.10.win32_1.0.200.202301161003/tools/bin/../lib/gcc/arm-none-eabi/10.3.1/../../../../arm-none-eabi/lib/thumb/v7e-m+fp/hard/crt0.o (__libc_init_array)
c:/st/stm32cubeide_1.12.1/stm32cubeide/plugins/com.st.stm32cube.ide.mcu.externaltools.gnu-tools-for-stm32.10.3-2021.10.win32_1.0.200.202301161003/tools/bin/../lib/gcc/arm-none-eabi/10.3.1/../../../../arm-none-eabi/lib/thumb/v7e-m+fp/hard\libc_nano.a(lib_a-memset.o)
                              c:/st/stm32cubeide_1.12.1/stm32cubeide/plugins/com.st.stm32cube.ide.mcu.externaltools.gnu-tools-for-stm32.10.3-2021.10.win32_1.0.200.202301161003/tools/bin/../lib/gcc/arm-none-eabi/10.3.1/../../../../arm-none-eabi/lib/thumb/v7e-m+fp/hard/crt0.o (memset)
c:/st/stm32cubeide_1.12.1/stm32cubeide/plugins/com.st.stm32cube.ide.mcu.externaltools.gnu-tools-for-stm32.10.3-2021.10.win32_1.0.200.202301161003/tools/bin/../lib/gcc/arm-none-eabi/10.3.1/thumb/v7e-m+fp/hard\libgcc.a(_aeabi_uldivmod.o)
                              ./Drivers/STM32F4xx_HAL_Driver/Src/stm32f4xx_hal_rcc.o (__aeabi_uldivmod)
c:/st/stm32cubeide_1.12.1/stm32cubeide/plugins/com.st.stm32cube.ide.mcu.externaltools.gnu-tools-for-stm32.10.3-2021.10.win32_1.0.200.202301161003/tools/bin/../lib/gcc/arm-none-eabi/10.3.1/thumb/v7e-m+fp/hard\libgcc.a(_udivmoddi4.o)
                              c:/st/stm32cubeide_1.12.1/stm32cubeide/plugins/com.st.stm32cube.ide.mcu.externaltools.gnu-tools-for-stm32.10.3-2021.10.win32_1.0.200.202301161003/tools/bin/../lib/gcc/arm-none-eabi/10.3.1/thumb/v7e-m+fp/hard\libgcc.a(_aeabi_uldivmod.o) (__udivmoddi4)
c:/st/stm32cubeide_1.12.1/stm32cubeide/plugins/com.st.stm32cube.ide.mcu.externaltools.gnu-tools-for-stm32.10.3-2021.10.win32_1.0.200.202301161003/tools/bin/../lib/gcc/arm-none-eabi/10.3.1/thumb/v7e-m+fp/hard\libgcc.a(_dvmd_tls.o)
                              c:/st/stm32cubeide_1.12.1/stm32cubeide/plugins/com.st.stm32cube.ide.mcu.externaltools.gnu-tools-for-stm32.10.3-2021.10.win32_1.0.200.202301161003/tools/bin/../lib/gcc/arm-none-eabi/10.3.1/thumb/v7e-m+fp/hard\libgcc.a(_aeabi_uldivmod.o) (__aeabi_ldiv0)

Discarded input sections

 .text          0x0000000000000000        0x0 c:/st/stm32cubeide_1.12.1/stm32cubeide/plugins/com.st.stm32cube.ide.mcu.externaltools.gnu-tools-for-stm32.10.3-2021.10.win32_1.0.200.202301161003/tools/bin/../lib/gcc/arm-none-eabi/10.3.1/thumb/v7e-m+fp/hard/crti.o
 .data          0x0000000000000000        0x0 c:/st/stm32cubeide_1.12.1/stm32cubeide/plugins/com.st.stm32cube.ide.mcu.externaltools.gnu-tools-for-stm32.10.3-2021.10.win32_1.0.200.202301161003/tools/bin/../lib/gcc/arm-none-eabi/10.3.1/thumb/v7e-m+fp/hard/crti.o
 .bss           0x0000000000000000        0x0 c:/st/stm32cubeide_1.12.1/stm32cubeide/plugins/com.st.stm32cube.ide.mcu.externaltools.gnu-tools-for-stm32.10.3-2021.10.win32_1.0.200.202301161003/tools/bin/../lib/gcc/arm-none-eabi/10.3.1/thumb/v7e-m+fp/hard/crti.o
[...]
Memory Configuration

Name             Origin             Length             Attributes
CCMRAM           0x0000000010000000 0x0000000000010000 xrw
RAM              0x0000000020000000 0x0000000000020000 xrw
FLASH            0x0000000008000000 0x0000000000080000 xr
*default*        0x0000000000000000 0xffffffffffffffff

Linker script and memory map

LOAD c:/st/stm32cubeide_1.12.1/stm32cubeide/plugins/com.st.stm32cube.ide.mcu.externaltools.gnu-tools-for-stm32.10.3-2021.10.win32_1.0.200.202301161003/tools/bin/../lib/gcc/arm-none-eabi/10.3.1/thumb/v7e-m+fp/hard/crti.o
LOAD c:/st/stm32cubeide_1.12.1/stm32cubeide/plugins/com.st.stm32cube.ide.mcu.externaltools.gnu-tools-for-stm32.10.3-2021.10.win32_1.0.200.202301161003/tools/bin/../lib/gcc/arm-none-eabi/10.3.1/thumb/v7e-m+fp/hard/crtbegin.o
LOAD c:/st/stm32cubeide_1.12.1/stm32cubeide/plugins/com.st.stm32cube.ide.mcu.externaltools.gnu-tools-for-stm32.10.3-2021.10.win32_1.0.200.202301161003/tools/bin/../lib/gcc/arm-none-eabi/10.3.1/../../../../arm-none-eabi/lib/thumb/v7e-m+fp/hard/crt0.o
LOAD ./Core/Src/main.o
LOAD ./Core/Src/stm32f4xx_hal_msp.o
LOAD ./Core/Src/stm32f4xx_it.o
LOAD ./Core/Src/syscalls.o
LOAD ./Core/Src/sysmem.o
LOAD ./Core/Src/system_stm32f4xx.o
LOAD ./Core/Startup/startup_stm32f407vetx.o
LOAD ./Drivers/STM32F4xx_HAL_Driver/Src/stm32f4xx_hal.o
LOAD ./Drivers/STM32F4xx_HAL_Driver/Src/stm32f4xx_hal_cortex.o
LOAD ./Drivers/STM32F4xx_HAL_Driver/Src/stm32f4xx_hal_dma.o
LOAD ./Drivers/STM32F4xx_HAL_Driver/Src/stm32f4xx_hal_dma_ex.o
LOAD ./Drivers/STM32F4xx_HAL_Driver/Src/stm32f4xx_hal_exti.o
LOAD ./Drivers/STM32F4xx_HAL_Driver/Src/stm32f4xx_hal_flash.o
LOAD ./Drivers/STM32F4xx_HAL_Driver/Src/stm32f4xx_hal_flash_ex.o
LOAD ./Drivers/STM32F4xx_HAL_Driver/Src/stm32f4xx_hal_flash_ramfunc.o
LOAD ./Drivers/STM32F4xx_HAL_Driver/Src/stm32f4xx_hal_gpio.o
LOAD ./Drivers/STM32F4xx_HAL_Driver/Src/stm32f4xx_hal_i2c.o
LOAD ./Drivers/STM32F4xx_HAL_Driver/Src/stm32f4xx_hal_i2c_ex.o
LOAD ./Drivers/STM32F4xx_HAL_Driver/Src/stm32f4xx_hal_pwr.o
LOAD ./Drivers/STM32F4xx_HAL_Driver/Src/stm32f4xx_hal_pwr_ex.o
LOAD ./Drivers/STM32F4xx_HAL_Driver/Src/stm32f4xx_hal_rcc.o
LOAD ./Drivers/STM32F4xx_HAL_Driver/Src/stm32f4xx_hal_rcc_ex.o
LOAD ./Drivers/STM32F4xx_HAL_Driver/Src/stm32f4xx_hal_rtc.o
LOAD ./Drivers/STM32F4xx_HAL_Driver/Src/stm32f4xx_hal_rtc_ex.o
LOAD ./Drivers/STM32F4xx_HAL_Driver/Src/stm32f4xx_hal_sd.o
LOAD ./Drivers/STM32F4xx_HAL_Driver/Src/stm32f4xx_hal_spi.o
LOAD ./Drivers/STM32F4xx_HAL_Driver/Src/stm32f4xx_hal_tim.o
LOAD ./Drivers/STM32F4xx_HAL_Driver/Src/stm32f4xx_hal_tim_ex.o
LOAD ./Drivers/STM32F4xx_HAL_Driver/Src/stm32f4xx_hal_uart.o
LOAD ./Drivers/STM32F4xx_HAL_Driver/Src/stm32f4xx_ll_sdmmc.o
LOAD ./FATFS/App/fatfs.o
LOAD ./FATFS/Target/bsp_driver_sd.o
LOAD ./FATFS/Target/sd_diskio.o
LOAD ./Middlewares/Third_Party/FatFs/src/diskio.o
LOAD ./Middlewares/Third_Party/FatFs/src/ff.o
LOAD ./Middlewares/Third_Party/FatFs/src/ff_gen_drv.o
LOAD ./Middlewares/Third_Party/FatFs/src/option/syscall.o
START GROUP
LOAD c:/st/stm32cubeide_1.12.1/stm32cubeide/plugins/com.st.stm32cube.ide.mcu.externaltools.gnu-tools-for-stm32.10.3-2021.10.win32_1.0.200.202301161003/tools/bin/../lib/gcc/arm-none-eabi/10.3.1/../../../../arm-none-eabi/lib/thumb/v7e-m+fp/hard\libc_nano.a
LOAD c:/st/stm32cubeide_1.12.1/stm32cubeide/plugins/com.st.stm32cube.ide.mcu.externaltools.gnu-tools-for-stm32.10.3-2021.10.win32_1.0.200.202301161003/tools/bin/../lib/gcc/arm-none-eabi/10.3.1/../../../../arm-none-eabi/lib/thumb/v7e-m+fp/hard\libm.a
END GROUP
START GROUP
LOAD c:/st/stm32cubeide_1.12.1/stm32cubeide/plugins/com.st.stm32cube.ide.mcu.externaltools.gnu-tools-for-stm32.10.3-2021.10.win32_1.0.200.202301161003/tools/bin/../lib/gcc/arm-none-eabi/10.3.1/thumb/v7e-m+fp/hard\libgcc.a
LOAD c:/st/stm32cubeide_1.12.1/stm32cubeide/plugins/com.st.stm32cube.ide.mcu.externaltools.gnu-tools-for-stm32.10.3-2021.10.win32_1.0.200.202301161003/tools/bin/../lib/gcc/arm-none-eabi/10.3.1/../../../../arm-none-eabi/lib/thumb/v7e-m+fp/hard\libc_nano.a
END GROUP
START GROUP
LOAD c:/st/stm32cubeide_1.12.1/stm32cubeide/plugins/com.st.stm32cube.ide.mcu.externaltools.gnu-tools-for-stm32.10.3-2021.10.win32_1.0.200.202301161003/tools/bin/../lib/gcc/arm-none-eabi/10.3.1/thumb/v7e-m+fp/hard\libgcc.a
LOAD c:/st/stm32cubeide_1.12.1/stm32cubeide/plugins/com.st.stm32cube.ide.mcu.externaltools.gnu-tools-for-stm32.10.3-2021.10.win32_1.0.200.202301161003/tools/bin/../lib/gcc/arm-none-eabi/10.3.1/../../../../arm-none-eabi/lib/thumb/v7e-m+fp/hard\libc_nano.a
LOAD c:/st/stm32cubeide_1.12.1/stm32cubeide/plugins/com.st.stm32cube.ide.mcu.externaltools.gnu-tools-for-stm32.10.3-2021.10.win32_1.0.200.202301161003/tools/bin/../lib/gcc/arm-none-eabi/10.3.1/../../../../arm-none-eabi/lib/thumb/v7e-m+fp/hard\libnosys.a
END GROUP
START GROUP
LOAD c:/st/stm32cubeide_1.12.1/stm32cubeide/plugins/com.st.stm32cube.ide.mcu.externaltools.gnu-tools-for-stm32.10.3-2021.10.win32_1.0.200.202301161003/tools/bin/../lib/gcc/arm-none-eabi/10.3.1/thumb/v7e-m+fp/hard\libgcc.a
LOAD c:/st/stm32cubeide_1.12.1/stm32cubeide/plugins/com.st.stm32cube.ide.mcu.externaltools.gnu-tools-for-stm32.10.3-2021.10.win32_1.0.200.202301161003/tools/bin/../lib/gcc/arm-none-eabi/10.3.1/../../../../arm-none-eabi/lib/thumb/v7e-m+fp/hard\libc_nano.a
LOAD c:/st/stm32cubeide_1.12.1/stm32cubeide/plugins/com.st.stm32cube.ide.mcu.externaltools.gnu-tools-for-stm32.10.3-2021.10.win32_1.0.200.202301161003/tools/bin/../lib/gcc/arm-none-eabi/10.3.1/../../../../arm-none-eabi/lib/thumb/v7e-m+fp/hard\libnosys.a
END GROUP
LOAD c:/st/stm32cubeide_1.12.1/stm32cubeide/plugins/com.st.stm32cube.ide.mcu.externaltools.gnu-tools-for-stm32.10.3-2021.10.win32_1.0.200.202301161003/tools/bin/../lib/gcc/arm-none-eabi/10.3.1/thumb/v7e-m+fp/hard/crtend.o
LOAD c:/st/stm32cubeide_1.12.1/stm32cubeide/plugins/com.st.stm32cube.ide.mcu.externaltools.gnu-tools-for-stm32.10.3-2021.10.win32_1.0.200.202301161003/tools/bin/../lib/gcc/arm-none-eabi/10.3.1/thumb/v7e-m+fp/hard/crtn.o
                0x0000000020020000                _estack = (ORIGIN (RAM) + LENGTH (RAM))
                0x0000000000000200                _Min_Heap_Size = 0x200
                0x0000000000000400                _Min_Stack_Size = 0x400

.isr_vector     0x0000000008000000      0x188
                0x0000000008000000                . = ALIGN (0x4)
 *(.isr_vector)
 .isr_vector    0x0000000008000000      0x188 ./Core/Startup/startup_stm32f407vetx.o
                0x0000000008000000                g_pfnVectors
                0x0000000008000188                . = ALIGN (0x4)

.text           0x0000000008000188     0x4e40
                0x0000000008000188                . = ALIGN (0x4)
 *(.text)
 .text          0x0000000008000188       0x40 c:/st/stm32cubeide_1.12.1/stm32cubeide/plugins/com.st.stm32cube.ide.mcu.externaltools.gnu-tools-for-stm32.10.3-2021.10.win32_1.0.200.202301161003/tools/bin/../lib/gcc/arm-none-eabi/10.3.1/thumb/v7e-m+fp/hard/crtbegin.o
 .text          0x00000000080001c8       0x30 c:/st/stm32cubeide_1.12.1/stm32cubeide/plugins/com.st.stm32cube.ide.mcu.externaltools.gnu-tools-for-stm32.10.3-2021.10.win32_1.0.200.202301161003/tools/bin/../lib/gcc/arm-none-eabi/10.3.1/thumb/v7e-m+fp/hard\libgcc.a(_aeabi_uldivmod.o)
                0x00000000080001c8                __aeabi_uldivmod
 .text          0x00000000080001f8      0x2d0 c:/st/stm32cubeide_1.12.1/stm32cubeide/plugins/com.st.stm32cube.ide.mcu.externaltools.gnu-tools-for-stm32.10.3-2021.10.win32_1.0.200.202301161003/tools/bin/../lib/gcc/arm-none-eabi/10.3.1/thumb/v7e-m+fp/hard\libgcc.a(_udivmoddi4.o)
                0x00000000080001f8                __udivmoddi4
 .text          0x00000000080004c8        0x4 c:/st/stm32cubeide_1.12.1/stm32cubeide/plugins/com.st.stm32cube.ide.mcu.externaltools.gnu-tools-for-stm32.10.3-2021.10.win32_1.0.200.202301161003/tools/bin/../lib/gcc/arm-none-eabi/10.3.1/thumb/v7e-m+fp/hard\libgcc.a(_dvmd_tls.o)
                0x00000000080004c8                __aeabi_idiv0
                0x00000000080004c8                __aeabi_ldiv0
 *(.text*)
 .text.main     0x00000000080004cc       0x36 ./Core/Src/main.o
                0x00000000080004cc                main
 *fill*         0x0000000008000502        0x2 
 .text.SystemClock_Config
                0x0000000008000504       0xd8 ./Core/Src/main.o
                0x0000000008000504                SystemClock_Config
 .text.MX_I2C1_Init
                0x00000000080005dc       0x5c ./Core/Src/main.o
 .text.MX_I2C3_Init
                0x0000000008000638       0x5c ./Core/Src/main.o
 .text.MX_RTC_Init
                0x0000000008000694      0x12c ./Core/Src/main.o
 .text.MX_SDIO_SD_Init
                0x00000000080007c0       0x40 ./Core/Src/main.o
 .text.MX_SPI1_Init
                0x0000000008000800       0x6c ./Core/Src/main.o
 .text.MX_USART1_UART_Init
                0x000000000800086c       0x54 ./Core/Src/main.o
 .text.MX_USART2_UART_Init
                0x00000000080008c0       0x54 ./Core/Src/main.o
 .text.MX_USART3_UART_Init
                0x0000000008000914       0x54 ./Core/Src/main.o
 .text.MX_GPIO_Init
                0x0000000008000968      0x140 ./Core/Src/main.o
 .text.Error_Handler
                0x0000000008000aa8        0xa ./Core/Src/main.o
                0x0000000008000aa8                Error_Handler
 *fill*         0x0000000008000ab2        0x2 
 .text.HAL_MspInit
                0x0000000008000ab4       0x50 ./Core/Src/stm32f4xx_hal_msp.o
                0x0000000008000ab4                HAL_MspInit
 .text.HAL_I2C_MspInit
                0x0000000008000b04      0x140 ./Core/Src/stm32f4xx_hal_msp.o
                0x0000000008000b04                HAL_I2C_MspInit
 .text.HAL_RTC_MspInit
                0x0000000008000c44       0x54 ./Core/Src/stm32f4xx_hal_msp.o
                0x0000000008000c44                HAL_RTC_MspInit
 .text.HAL_SD_MspInit
                0x0000000008000c98       0xd0 ./Core/Src/stm32f4xx_hal_msp.o
                0x0000000008000c98                HAL_SD_MspInit
 .text.HAL_SPI_MspInit
                0x0000000008000d68       0x90 ./Core/Src/stm32f4xx_hal_msp.o
                0x0000000008000d68                HAL_SPI_MspInit
 .text.HAL_UART_MspInit
                0x0000000008000df8      0x168 ./Core/Src/stm32f4xx_hal_msp.o
                0x0000000008000df8                HAL_UART_MspInit
 .text.NMI_Handler
                0x0000000008000f60        0x6 ./Core/Src/stm32f4xx_it.o
                0x0000000008000f60                NMI_Handler
 .text.HardFault_Handler
                0x0000000008000f66        0x6 ./Core/Src/stm32f4xx_it.o
                0x0000000008000f66                HardFault_Handler
 .text.MemManage_Handler
                0x0000000008000f6c        0x6 ./Core/Src/stm32f4xx_it.o
                0x0000000008000f6c                MemManage_Handler
 .text.BusFault_Handler
                0x0000000008000f72        0x6 ./Core/Src/stm32f4xx_it.o
                0x0000000008000f72                BusFault_Handler
 .text.UsageFault_Handler
                0x0000000008000f78        0x6 ./Core/Src/stm32f4xx_it.o
                0x0000000008000f78                UsageFault_Handler
 .text.SVC_Handler
                0x0000000008000f7e        0xe ./Core/Src/stm32f4xx_it.o
                0x0000000008000f7e                SVC_Handler
 .text.DebugMon_Handler
                0x0000000008000f8c        0xe ./Core/Src/stm32f4xx_it.o
                0x0000000008000f8c                DebugMon_Handler
 .text.PendSV_Handler
                0x0000000008000f9a        0xe ./Core/Src/stm32f4xx_it.o
                0x0000000008000f9a                PendSV_Handler
 .text.SysTick_Handler
                0x0000000008000fa8        0xc ./Core/Src/stm32f4xx_it.o
                0x0000000008000fa8                SysTick_Handler
 .text.SystemInit
                0x0000000008000fb4       0x24 ./Core/Src/system_stm32f4xx.o
                0x0000000008000fb4                SystemInit
 .text.Reset_Handler
                0x0000000008000fd8       0x50 ./Core/Startup/startup_stm32f407vetx.o
                0x0000000008000fd8                Reset_Handler
 .text.Default_Handler
                0x0000000008001028        0x2 ./Core/Startup/startup_stm32f407vetx.o
                0x0000000008001028                RTC_Alarm_IRQHandler
                0x0000000008001028                HASH_RNG_IRQHandler
                0x0000000008001028                EXTI2_IRQHandler
                0x0000000008001028                TIM8_CC_IRQHandler
                0x0000000008001028                TIM1_CC_IRQHandler
                0x0000000008001028                DMA2_Stream5_IRQHandler
                0x0000000008001028                DMA1_Stream5_IRQHandler
                0x0000000008001028                PVD_IRQHandler
                0x0000000008001028                SDIO_IRQHandler
                0x0000000008001028                TAMP_STAMP_IRQHandler
                0x0000000008001028                CAN2_RX1_IRQHandler
                0x0000000008001028                EXTI3_IRQHandler
                0x0000000008001028                TIM8_TRG_COM_TIM14_IRQHandler
                0x0000000008001028                TIM1_UP_TIM10_IRQHandler
                0x0000000008001028                TIM8_UP_TIM13_IRQHandler
                0x0000000008001028                I2C3_ER_IRQHandler
                0x0000000008001028                EXTI0_IRQHandler
                0x0000000008001028                I2C2_EV_IRQHandler
                0x0000000008001028                DMA1_Stream2_IRQHandler
                0x0000000008001028                CAN1_RX0_IRQHandler
                0x0000000008001028                FPU_IRQHandler
                0x0000000008001028                OTG_HS_WKUP_IRQHandler
                0x0000000008001028                CAN2_SCE_IRQHandler
                0x0000000008001028                DMA2_Stream2_IRQHandler
                0x0000000008001028                SPI1_IRQHandler
                0x0000000008001028                TIM6_DAC_IRQHandler
                0x0000000008001028                TIM1_BRK_TIM9_IRQHandler
                0x0000000008001028                DCMI_IRQHandler
                0x0000000008001028                CAN2_RX0_IRQHandler
                0x0000000008001028                DMA2_Stream3_IRQHandler
                0x0000000008001028                USART6_IRQHandler
                0x0000000008001028                USART3_IRQHandler
                0x0000000008001028                CAN1_RX1_IRQHandler
                0x0000000008001028                UART5_IRQHandler
                0x0000000008001028                DMA2_Stream0_IRQHandler
                0x0000000008001028                TIM4_IRQHandler
                0x0000000008001028                I2C1_EV_IRQHandler
                0x0000000008001028                DMA1_Stream6_IRQHandler
                0x0000000008001028                DMA1_Stream1_IRQHandler
                0x0000000008001028                UART4_IRQHandler
                0x0000000008001028                TIM3_IRQHandler
                0x0000000008001028                RCC_IRQHandler
                0x0000000008001028                TIM8_BRK_TIM12_IRQHandler
                0x0000000008001028                Default_Handler
                0x0000000008001028                EXTI15_10_IRQHandler
                0x0000000008001028                ADC_IRQHandler
                0x0000000008001028                DMA1_Stream7_IRQHandler
                0x0000000008001028                TIM7_IRQHandler
                0x0000000008001028                CAN2_TX_IRQHandler
                0x0000000008001028                TIM5_IRQHandler
                0x0000000008001028                DMA2_Stream7_IRQHandler
                0x0000000008001028                I2C3_EV_IRQHandler
                0x0000000008001028                EXTI9_5_IRQHandler
                0x0000000008001028                RTC_WKUP_IRQHandler
                0x0000000008001028                ETH_WKUP_IRQHandler
                0x0000000008001028                SPI2_IRQHandler
                0x0000000008001028                OTG_HS_EP1_IN_IRQHandler
                0x0000000008001028                DMA1_Stream0_IRQHandler
                0x0000000008001028                CAN1_TX_IRQHandler
                0x0000000008001028                EXTI4_IRQHandler
                0x0000000008001028                FSMC_IRQHandler
                0x0000000008001028                ETH_IRQHandler
                0x0000000008001028                OTG_HS_EP1_OUT_IRQHandler
                0x0000000008001028                WWDG_IRQHandler
                0x0000000008001028                TIM2_IRQHandler
                0x0000000008001028                OTG_FS_WKUP_IRQHandler
                0x0000000008001028                TIM1_TRG_COM_TIM11_IRQHandler
                0x0000000008001028                OTG_HS_IRQHandler
                0x0000000008001028                EXTI1_IRQHandler
                0x0000000008001028                USART2_IRQHandler
                0x0000000008001028                I2C2_ER_IRQHandler
                0x0000000008001028                DMA2_Stream1_IRQHandler
                0x0000000008001028                CAN1_SCE_IRQHandler
                0x0000000008001028                FLASH_IRQHandler
                0x0000000008001028                DMA2_Stream4_IRQHandler
                0x0000000008001028                USART1_IRQHandler
                0x0000000008001028                OTG_FS_IRQHandler
                0x0000000008001028                SPI3_IRQHandler
                0x0000000008001028                DMA1_Stream4_IRQHandler
                0x0000000008001028                I2C1_ER_IRQHandler
                0x0000000008001028                DMA2_Stream6_IRQHandler
                0x0000000008001028                DMA1_Stream3_IRQHandler
 *fill*         0x000000000800102a        0x2 
 .text.HAL_Init
                0x000000000800102c       0x44 ./Drivers/STM32F4xx_HAL_Driver/Src/stm32f4xx_hal.o
                0x000000000800102c                HAL_Init
 .text.HAL_InitTick
                0x0000000008001070       0x60 ./Drivers/STM32F4xx_HAL_Driver/Src/stm32f4xx_hal.o
                0x0000000008001070                HAL_InitTick
 .text.HAL_IncTick
                0x00000000080010d0       0x28 ./Drivers/STM32F4xx_HAL_Driver/Src/stm32f4xx_hal.o
                0x00000000080010d0                HAL_IncTick
 .text.HAL_GetTick
                0x00000000080010f8       0x18 ./Drivers/STM32F4xx_HAL_Driver/Src/stm32f4xx_hal.o
                0x00000000080010f8                HAL_GetTick
 .text.HAL_Delay
                0x0000000008001110       0x48 ./Drivers/STM32F4xx_HAL_Driver/Src/stm32f4xx_hal.o
                0x0000000008001110                HAL_Delay
 .text.__NVIC_SetPriorityGrouping
                0x0000000008001158       0x48 ./Drivers/STM32F4xx_HAL_Driver/Src/stm32f4xx_hal_cortex.o
 .text.__NVIC_GetPriorityGrouping
                0x00000000080011a0       0x1c ./Drivers/STM32F4xx_HAL_Driver/Src/stm32f4xx_hal_cortex.o
 .text.__NVIC_SetPriority
                0x00000000080011bc       0x54 ./Drivers/STM32F4xx_HAL_Driver/Src/stm32f4xx_hal_cortex.o
 .text.NVIC_EncodePriority
                0x0000000008001210       0x66 ./Drivers/STM32F4xx_HAL_Driver/Src/stm32f4xx_hal_cortex.o
 *fill*         0x0000000008001276        0x2 
 .text.SysTick_Config
                0x0000000008001278       0x44 ./Drivers/STM32F4xx_HAL_Driver/Src/stm32f4xx_hal_cortex.o
 .text.HAL_NVIC_SetPriorityGrouping
                0x00000000080012bc       0x16 ./Drivers/STM32F4xx_HAL_Driver/Src/stm32f4xx_hal_cortex.o
                0x00000000080012bc                HAL_NVIC_SetPriorityGrouping
 .text.HAL_NVIC_SetPriority
                0x00000000080012d2       0x38 ./Drivers/STM32F4xx_HAL_Driver/Src/stm32f4xx_hal_cortex.o
                0x00000000080012d2                HAL_NVIC_SetPriority
 .text.HAL_SYSTICK_Config
                0x000000000800130a       0x18 ./Drivers/STM32F4xx_HAL_Driver/Src/stm32f4xx_hal_cortex.o
                0x000000000800130a                HAL_SYSTICK_Config
 .text.HAL_DMA_Start_IT
                0x0000000008001322       0xb0 ./Drivers/STM32F4xx_HAL_Driver/Src/stm32f4xx_hal_dma.o
                0x0000000008001322                HAL_DMA_Start_IT
 .text.HAL_DMA_GetError
                0x00000000080013d2       0x18 ./Drivers/STM32F4xx_HAL_Driver/Src/stm32f4xx_hal_dma.o
                0x00000000080013d2                HAL_DMA_GetError
 .text.DMA_SetConfig
                0x00000000080013ea       0x5c ./Drivers/STM32F4xx_HAL_Driver/Src/stm32f4xx_hal_dma.o
 *fill*         0x0000000008001446        0x2 
 .text.HAL_GPIO_Init
                0x0000000008001448      0x338 ./Drivers/STM32F4xx_HAL_Driver/Src/stm32f4xx_hal_gpio.o
                0x0000000008001448                HAL_GPIO_Init
 .text.HAL_GPIO_WritePin
                0x0000000008001780       0x32 ./Drivers/STM32F4xx_HAL_Driver/Src/stm32f4xx_hal_gpio.o
                0x0000000008001780                HAL_GPIO_WritePin
 *fill*         0x00000000080017b2        0x2 
 .text.HAL_I2C_Init
                0x00000000080017b4      0x288 ./Drivers/STM32F4xx_HAL_Driver/Src/stm32f4xx_hal_i2c.o
                0x00000000080017b4                HAL_I2C_Init
 .text.HAL_RCC_OscConfig
                0x0000000008001a3c      0x4f0 ./Drivers/STM32F4xx_HAL_Driver/Src/stm32f4xx_hal_rcc.o
                0x0000000008001a3c                HAL_RCC_OscConfig
 .text.HAL_RCC_ClockConfig
                0x0000000008001f2c      0x1cc ./Drivers/STM32F4xx_HAL_Driver/Src/stm32f4xx_hal_rcc.o
                0x0000000008001f2c                HAL_RCC_ClockConfig
 .text.HAL_RCC_GetSysClockFreq
                0x00000000080020f8      0x18c ./Drivers/STM32F4xx_HAL_Driver/Src/stm32f4xx_hal_rcc.o
                0x00000000080020f8                HAL_RCC_GetSysClockFreq
 .text.HAL_RCC_GetHCLKFreq
                0x0000000008002284       0x18 ./Drivers/STM32F4xx_HAL_Driver/Src/stm32f4xx_hal_rcc.o
                0x0000000008002284                HAL_RCC_GetHCLKFreq
 .text.HAL_RCC_GetPCLK1Freq
                0x000000000800229c       0x28 ./Drivers/STM32F4xx_HAL_Driver/Src/stm32f4xx_hal_rcc.o
                0x000000000800229c                HAL_RCC_GetPCLK1Freq
 .text.HAL_RCC_GetPCLK2Freq
                0x00000000080022c4       0x28 ./Drivers/STM32F4xx_HAL_Driver/Src/stm32f4xx_hal_rcc.o
                0x00000000080022c4                HAL_RCC_GetPCLK2Freq
 .text.HAL_RCCEx_PeriphCLKConfig
                0x00000000080022ec      0x1c4 ./Drivers/STM32F4xx_HAL_Driver/Src/stm32f4xx_hal_rcc_ex.o
                0x00000000080022ec                HAL_RCCEx_PeriphCLKConfig
 .text.HAL_RTC_Init
                0x00000000080024b0       0xec ./Drivers/STM32F4xx_HAL_Driver/Src/stm32f4xx_hal_rtc.o
                0x00000000080024b0                HAL_RTC_Init
 .text.HAL_RTC_SetTime
                0x000000000800259c      0x134 ./Drivers/STM32F4xx_HAL_Driver/Src/stm32f4xx_hal_rtc.o
                0x000000000800259c                HAL_RTC_SetTime
 .text.HAL_RTC_SetDate
                0x00000000080026d0      0x108 ./Drivers/STM32F4xx_HAL_Driver/Src/stm32f4xx_hal_rtc.o
                0x00000000080026d0                HAL_RTC_SetDate
 .text.HAL_RTC_SetAlarm
                0x00000000080027d8      0x254 ./Drivers/STM32F4xx_HAL_Driver/Src/stm32f4xx_hal_rtc.o
                0x00000000080027d8                HAL_RTC_SetAlarm
 .text.HAL_RTC_WaitForSynchro
                0x0000000008002a2c       0x50 ./Drivers/STM32F4xx_HAL_Driver/Src/stm32f4xx_hal_rtc.o
                0x0000000008002a2c                HAL_RTC_WaitForSynchro
 .text.RTC_EnterInitMode
                0x0000000008002a7c       0x6e ./Drivers/STM32F4xx_HAL_Driver/Src/stm32f4xx_hal_rtc.o
                0x0000000008002a7c                RTC_EnterInitMode
 .text.RTC_ExitInitMode
                0x0000000008002aea       0x4a ./Drivers/STM32F4xx_HAL_Driver/Src/stm32f4xx_hal_rtc.o
                0x0000000008002aea                RTC_ExitInitMode
 .text.RTC_ByteToBcd2
                0x0000000008002b34       0x3a ./Drivers/STM32F4xx_HAL_Driver/Src/stm32f4xx_hal_rtc.o
                0x0000000008002b34                RTC_ByteToBcd2
 .text.HAL_RTCEx_SetWakeUpTimer
                0x0000000008002b6e      0x13a ./Drivers/STM32F4xx_HAL_Driver/Src/stm32f4xx_hal_rtc_ex.o
                0x0000000008002b6e                HAL_RTCEx_SetWakeUpTimer
 .text.HAL_SD_Init
                0x0000000008002ca8       0x60 ./Drivers/STM32F4xx_HAL_Driver/Src/stm32f4xx_hal_sd.o
                0x0000000008002ca8                HAL_SD_Init
 .text.HAL_SD_InitCard
                0x0000000008002d08      0x100 ./Drivers/STM32F4xx_HAL_Driver/Src/stm32f4xx_hal_sd.o
                0x0000000008002d08                HAL_SD_InitCard
 .text.HAL_SD_ReadBlocks_DMA
                0x0000000008002e08      0x1c4 ./Drivers/STM32F4xx_HAL_Driver/Src/stm32f4xx_hal_sd.o
                0x0000000008002e08                HAL_SD_ReadBlocks_DMA
 .text.HAL_SD_WriteBlocks_DMA
                0x0000000008002fcc      0x1cc ./Drivers/STM32F4xx_HAL_Driver/Src/stm32f4xx_hal_sd.o
                0x0000000008002fcc                HAL_SD_WriteBlocks_DMA
 .text.HAL_SD_ErrorCallback
                0x0000000008003198       0x14 ./Drivers/STM32F4xx_HAL_Driver/Src/stm32f4xx_hal_sd.o
                0x0000000008003198                HAL_SD_ErrorCallback
 .text.HAL_SD_GetCardCSD
                0x00000000080031ac      0x348 ./Drivers/STM32F4xx_HAL_Driver/Src/stm32f4xx_hal_sd.o
                0x00000000080031ac                HAL_SD_GetCardCSD
 .text.HAL_SD_GetCardInfo
                0x00000000080034f4       0x58 ./Drivers/STM32F4xx_HAL_Driver/Src/stm32f4xx_hal_sd.o
                0x00000000080034f4                HAL_SD_GetCardInfo
 .text.HAL_SD_GetCardState
                0x000000000800354c       0x40 ./Drivers/STM32F4xx_HAL_Driver/Src/stm32f4xx_hal_sd.o
                0x000000000800354c                HAL_SD_GetCardState
 .text.SD_DMATransmitCplt
                0x000000000800358c       0x2a ./Drivers/STM32F4xx_HAL_Driver/Src/stm32f4xx_hal_sd.o
 .text.SD_DMAReceiveCplt
                0x00000000080035b6       0x70 ./Drivers/STM32F4xx_HAL_Driver/Src/stm32f4xx_hal_sd.o
 *fill*         0x0000000008003626        0x2 
 .text.SD_DMAError
                0x0000000008003628       0xa4 ./Drivers/STM32F4xx_HAL_Driver/Src/stm32f4xx_hal_sd.o
 .text.SD_InitCard
                0x00000000080036cc      0x19c ./Drivers/STM32F4xx_HAL_Driver/Src/stm32f4xx_hal_sd.o
 .text.SD_PowerON
                0x0000000008003868      0x11c ./Drivers/STM32F4xx_HAL_Driver/Src/stm32f4xx_hal_sd.o
 .text.SD_SendStatus
                0x0000000008003984       0x50 ./Drivers/STM32F4xx_HAL_Driver/Src/stm32f4xx_hal_sd.o
 .text.HAL_SPI_Init
                0x00000000080039d4      0x112 ./Drivers/STM32F4xx_HAL_Driver/Src/stm32f4xx_hal_spi.o
                0x00000000080039d4                HAL_SPI_Init
 .text.HAL_UART_Init
                0x0000000008003ae6       0x9a ./Drivers/STM32F4xx_HAL_Driver/Src/stm32f4xx_hal_uart.o
                0x0000000008003ae6                HAL_UART_Init
 .text.UART_SetConfig
                0x0000000008003b80      0x4e8 ./Drivers/STM32F4xx_HAL_Driver/Src/stm32f4xx_hal_uart.o
 .text.SDIO_Init
                0x0000000008004068       0x56 ./Drivers/STM32F4xx_HAL_Driver/Src/stm32f4xx_ll_sdmmc.o
                0x0000000008004068                SDIO_Init
 .text.SDIO_PowerState_ON
                0x00000000080040be       0x1c ./Drivers/STM32F4xx_HAL_Driver/Src/stm32f4xx_ll_sdmmc.o
                0x00000000080040be                SDIO_PowerState_ON
 .text.SDIO_GetPowerState
                0x00000000080040da       0x1c ./Drivers/STM32F4xx_HAL_Driver/Src/stm32f4xx_ll_sdmmc.o
                0x00000000080040da                SDIO_GetPowerState
 .text.SDIO_SendCommand
                0x00000000080040f6       0x54 ./Drivers/STM32F4xx_HAL_Driver/Src/stm32f4xx_ll_sdmmc.o
                0x00000000080040f6                SDIO_SendCommand
 .text.SDIO_GetCommandResponse
                0x000000000800414a       0x1a ./Drivers/STM32F4xx_HAL_Driver/Src/stm32f4xx_ll_sdmmc.o
                0x000000000800414a                SDIO_GetCommandResponse
 .text.SDIO_GetResponse
                0x0000000008004164       0x26 ./Drivers/STM32F4xx_HAL_Driver/Src/stm32f4xx_ll_sdmmc.o
                0x0000000008004164                SDIO_GetResponse
 .text.SDIO_ConfigData
                0x000000000800418a       0x58 ./Drivers/STM32F4xx_HAL_Driver/Src/stm32f4xx_ll_sdmmc.o
                0x000000000800418a                SDIO_ConfigData
 .text.SDMMC_CmdBlockLength
                0x00000000080041e2       0x44 ./Drivers/STM32F4xx_HAL_Driver/Src/stm32f4xx_ll_sdmmc.o
                0x00000000080041e2                SDMMC_CmdBlockLength
 .text.SDMMC_CmdReadSingleBlock
                0x0000000008004226       0x44 ./Drivers/STM32F4xx_HAL_Driver/Src/stm32f4xx_ll_sdmmc.o
                0x0000000008004226                SDMMC_CmdReadSingleBlock
 .text.SDMMC_CmdReadMultiBlock
                0x000000000800426a       0x44 ./Drivers/STM32F4xx_HAL_Driver/Src/stm32f4xx_ll_sdmmc.o
                0x000000000800426a                SDMMC_CmdReadMultiBlock
 .text.SDMMC_CmdWriteSingleBlock
                0x00000000080042ae       0x44 ./Drivers/STM32F4xx_HAL_Driver/Src/stm32f4xx_ll_sdmmc.o
                0x00000000080042ae                SDMMC_CmdWriteSingleBlock
 .text.SDMMC_CmdWriteMultiBlock
                0x00000000080042f2       0x44 ./Drivers/STM32F4xx_HAL_Driver/Src/stm32f4xx_ll_sdmmc.o
                0x00000000080042f2                SDMMC_CmdWriteMultiBlock
 *fill*         0x0000000008004336        0x2 
 .text.SDMMC_CmdStopTransfer
                0x0000000008004338       0x44 ./Drivers/STM32F4xx_HAL_Driver/Src/stm32f4xx_ll_sdmmc.o
                0x0000000008004338                SDMMC_CmdStopTransfer
 .text.SDMMC_CmdSelDesel
                0x000000000800437c       0x46 ./Drivers/STM32F4xx_HAL_Driver/Src/stm32f4xx_ll_sdmmc.o
                0x000000000800437c                SDMMC_CmdSelDesel
 .text.SDMMC_CmdGoIdleState
                0x00000000080043c2       0x3c ./Drivers/STM32F4xx_HAL_Driver/Src/stm32f4xx_ll_sdmmc.o
                0x00000000080043c2                SDMMC_CmdGoIdleState
 .text.SDMMC_CmdOperCond
                0x00000000080043fe       0x3e ./Drivers/STM32F4xx_HAL_Driver/Src/stm32f4xx_ll_sdmmc.o
                0x00000000080043fe                SDMMC_CmdOperCond
 .text.SDMMC_CmdAppCommand
                0x000000000800443c       0x44 ./Drivers/STM32F4xx_HAL_Driver/Src/stm32f4xx_ll_sdmmc.o
                0x000000000800443c                SDMMC_CmdAppCommand
 .text.SDMMC_CmdAppOperCommand
                0x0000000008004480       0x46 ./Drivers/STM32F4xx_HAL_Driver/Src/stm32f4xx_ll_sdmmc.o
                0x0000000008004480                SDMMC_CmdAppOperCommand
 .text.SDMMC_CmdSendCID
                0x00000000080044c6       0x3c ./Drivers/STM32F4xx_HAL_Driver/Src/stm32f4xx_ll_sdmmc.o
                0x00000000080044c6                SDMMC_CmdSendCID
 .text.SDMMC_CmdSendCSD
                0x0000000008004502       0x3e ./Drivers/STM32F4xx_HAL_Driver/Src/stm32f4xx_ll_sdmmc.o
                0x0000000008004502                SDMMC_CmdSendCSD
 .text.SDMMC_CmdSetRelAdd
                0x0000000008004540       0x42 ./Drivers/STM32F4xx_HAL_Driver/Src/stm32f4xx_ll_sdmmc.o
                0x0000000008004540                SDMMC_CmdSetRelAdd
 .text.SDMMC_CmdSendStatus
                0x0000000008004582       0x44 ./Drivers/STM32F4xx_HAL_Driver/Src/stm32f4xx_ll_sdmmc.o
                0x0000000008004582                SDMMC_CmdSendStatus
 *fill*         0x00000000080045c6        0x2 
 .text.SDMMC_GetCmdResp1
                0x00000000080045c8      0x1dc ./Drivers/STM32F4xx_HAL_Driver/Src/stm32f4xx_ll_sdmmc.o
                0x00000000080045c8                SDMMC_GetCmdResp1
 .text.SDMMC_GetCmdResp2
                0x00000000080047a4       0x90 ./Drivers/STM32F4xx_HAL_Driver/Src/stm32f4xx_ll_sdmmc.o
                0x00000000080047a4                SDMMC_GetCmdResp2
 .text.SDMMC_GetCmdResp3
                0x0000000008004834       0x7c ./Drivers/STM32F4xx_HAL_Driver/Src/stm32f4xx_ll_sdmmc.o
                0x0000000008004834                SDMMC_GetCmdResp3
 .text.SDMMC_GetCmdResp6
                0x00000000080048b0       0xec ./Drivers/STM32F4xx_HAL_Driver/Src/stm32f4xx_ll_sdmmc.o
                0x00000000080048b0                SDMMC_GetCmdResp6
 .text.SDMMC_GetCmdResp7
                0x000000000800499c       0x9c ./Drivers/STM32F4xx_HAL_Driver/Src/stm32f4xx_ll_sdmmc.o
                0x000000000800499c                SDMMC_GetCmdResp7
 .text.SDMMC_GetCmdError
                0x0000000008004a38       0x58 ./Drivers/STM32F4xx_HAL_Driver/Src/stm32f4xx_ll_sdmmc.o
 .text.MX_FATFS_Init
                0x0000000008004a90       0x24 ./FATFS/App/fatfs.o
                0x0000000008004a90                MX_FATFS_Init
 .text.BSP_SD_Init
                0x0000000008004ab4       0x30 ./FATFS/Target/bsp_driver_sd.o
                0x0000000008004ab4                BSP_SD_Init
 .text.BSP_SD_ReadBlocks_DMA
                0x0000000008004ae4       0x34 ./FATFS/Target/bsp_driver_sd.o
                0x0000000008004ae4                BSP_SD_ReadBlocks_DMA
 .text.BSP_SD_WriteBlocks_DMA
                0x0000000008004b18       0x34 ./FATFS/Target/bsp_driver_sd.o
                0x0000000008004b18                BSP_SD_WriteBlocks_DMA
 .text.BSP_SD_GetCardState
                0x0000000008004b4c       0x20 ./FATFS/Target/bsp_driver_sd.o
                0x0000000008004b4c                BSP_SD_GetCardState
 .text.BSP_SD_GetCardInfo
                0x0000000008004b6c       0x1c ./FATFS/Target/bsp_driver_sd.o
                0x0000000008004b6c                BSP_SD_GetCardInfo
 .text.HAL_SD_RxCpltCallback
                0x0000000008004b88       0x14 ./FATFS/Target/bsp_driver_sd.o
                0x0000000008004b88                HAL_SD_RxCpltCallback
 .text.BSP_SD_IsDetected
                0x0000000008004b9c       0x1a ./FATFS/Target/bsp_driver_sd.o
                0x0000000008004b9c                BSP_SD_IsDetected
 .text.SD_CheckStatusWithTimeout
                0x0000000008004bb6       0x3a ./FATFS/Target/sd_diskio.o
 .text.SD_CheckStatus
                0x0000000008004bf0       0x3c ./FATFS/Target/sd_diskio.o
 .text.SD_initialize
                0x0000000008004c2c       0x38 ./FATFS/Target/sd_diskio.o
                0x0000000008004c2c                SD_initialize
 .text.SD_status
                0x0000000008004c64       0x1c ./FATFS/Target/sd_diskio.o
                0x0000000008004c64                SD_status
 .text.SD_read  0x0000000008004c80       0xac ./FATFS/Target/sd_diskio.o
                0x0000000008004c80                SD_read
 .text.SD_write
                0x0000000008004d2c       0xac ./FATFS/Target/sd_diskio.o
                0x0000000008004d2c                SD_write
 .text.SD_ioctl
                0x0000000008004dd8       0xb0 ./FATFS/Target/sd_diskio.o
                0x0000000008004dd8                SD_ioctl
 .text.BSP_SD_ReadCpltCallback
                0x0000000008004e88       0x18 ./FATFS/Target/sd_diskio.o
                0x0000000008004e88                BSP_SD_ReadCpltCallback
 .text.FATFS_LinkDriverEx
                0x0000000008004ea0       0x98 ./Middlewares/Third_Party/FatFs/src/ff_gen_drv.o
                0x0000000008004ea0                FATFS_LinkDriverEx
 .text.FATFS_LinkDriver
                0x0000000008004f38       0x1e ./Middlewares/Third_Party/FatFs/src/ff_gen_drv.o
                0x0000000008004f38                FATFS_LinkDriver
 *fill*         0x0000000008004f56        0x2 
 .text.__libc_init_array
                0x0000000008004f58       0x48 c:/st/stm32cubeide_1.12.1/stm32cubeide/plugins/com.st.stm32cube.ide.mcu.externaltools.gnu-tools-for-stm32.10.3-2021.10.win32_1.0.200.202301161003/tools/bin/../lib/gcc/arm-none-eabi/10.3.1/../../../../arm-none-eabi/lib/thumb/v7e-m+fp/hard\libc_nano.a(lib_a-init.o)
                0x0000000008004f58                __libc_init_array
 .text.memset   0x0000000008004fa0       0x10 c:/st/stm32cubeide_1.12.1/stm32cubeide/plugins/com.st.stm32cube.ide.mcu.externaltools.gnu-tools-for-stm32.10.3-2021.10.win32_1.0.200.202301161003/tools/bin/../lib/gcc/arm-none-eabi/10.3.1/../../../../arm-none-eabi/lib/thumb/v7e-m+fp/hard\libc_nano.a(lib_a-memset.o)
                0x0000000008004fa0                memset
 *(.glue_7)
 .glue_7        0x0000000008004fb0        0x0 linker stubs
 *(.glue_7t)
 .glue_7t       0x0000000008004fb0        0x0 linker stubs
 *(.eh_frame)
 .eh_frame      0x0000000008004fb0        0x0 c:/st/stm32cubeide_1.12.1/stm32cubeide/plugins/com.st.stm32cube.ide.mcu.externaltools.gnu-tools-for-stm32.10.3-2021.10.win32_1.0.200.202301161003/tools/bin/../lib/gcc/arm-none-eabi/10.3.1/thumb/v7e-m+fp/hard/crtbegin.o
 *(.init)
 .init          0x0000000008004fb0        0x4 c:/st/stm32cubeide_1.12.1/stm32cubeide/plugins/com.st.stm32cube.ide.mcu.externaltools.gnu-tools-for-stm32.10.3-2021.10.win32_1.0.200.202301161003/tools/bin/../lib/gcc/arm-none-eabi/10.3.1/thumb/v7e-m+fp/hard/crti.o
                0x0000000008004fb0                _init
 .init          0x0000000008004fb4        0x8 c:/st/stm32cubeide_1.12.1/stm32cubeide/plugins/com.st.stm32cube.ide.mcu.externaltools.gnu-tools-for-stm32.10.3-2021.10.win32_1.0.200.202301161003/tools/bin/../lib/gcc/arm-none-eabi/10.3.1/thumb/v7e-m+fp/hard/crtn.o
 *(.fini)
 .fini          0x0000000008004fbc        0x4 c:/st/stm32cubeide_1.12.1/stm32cubeide/plugins/com.st.stm32cube.ide.mcu.externaltools.gnu-tools-for-stm32.10.3-2021.10.win32_1.0.200.202301161003/tools/bin/../lib/gcc/arm-none-eabi/10.3.1/thumb/v7e-m+fp/hard/crti.o
                0x0000000008004fbc                _fini
 .fini          0x0000000008004fc0        0x8 c:/st/stm32cubeide_1.12.1/stm32cubeide/plugins/com.st.stm32cube.ide.mcu.externaltools.gnu-tools-for-stm32.10.3-2021.10.win32_1.0.200.202301161003/tools/bin/../lib/gcc/arm-none-eabi/10.3.1/thumb/v7e-m+fp/hard/crtn.o
                0x0000000008004fc8                . = ALIGN (0x4)
                0x0000000008004fc8                _etext = .

.vfp11_veneer   0x0000000008004fc8        0x0
 .vfp11_veneer  0x0000000008004fc8        0x0 linker stubs

.v4_bx          0x0000000008004fc8        0x0
 .v4_bx         0x0000000008004fc8        0x0 linker stubs

.iplt           0x0000000008004fc8        0x0
 .iplt          0x0000000008004fc8        0x0 c:/st/stm32cubeide_1.12.1/stm32cubeide/plugins/com.st.stm32cube.ide.mcu.externaltools.gnu-tools-for-stm32.10.3-2021.10.win32_1.0.200.202301161003/tools/bin/../lib/gcc/arm-none-eabi/10.3.1/thumb/v7e-m+fp/hard/crtbegin.o

.rodata         0x0000000008004fc8       0x2c
                0x0000000008004fc8                . = ALIGN (0x4)
 *(.rodata)
 *(.rodata*)
 .rodata.AHBPrescTable
                0x0000000008004fc8       0x10 ./Core/Src/system_stm32f4xx.o
                0x0000000008004fc8                AHBPrescTable
 .rodata.APBPrescTable
                0x0000000008004fd8        0x8 ./Core/Src/system_stm32f4xx.o
                0x0000000008004fd8                APBPrescTable
 .rodata.SD_Driver
                0x0000000008004fe0       0x14 ./FATFS/Target/sd_diskio.o
                0x0000000008004fe0                SD_Driver
                0x0000000008004ff4                . = ALIGN (0x4)

.ARM.extab      0x0000000008004ff4        0x0
                0x0000000008004ff4                . = ALIGN (0x4)
 *(.ARM.extab* .gnu.linkonce.armextab.*)
                0x0000000008004ff4                . = ALIGN (0x4)

.ARM            0x0000000008004ff4        0x8
                0x0000000008004ff4                . = ALIGN (0x4)
                0x0000000008004ff4                __exidx_start = .
 *(.ARM.exidx*)
 .ARM.exidx     0x0000000008004ff4        0x8 c:/st/stm32cubeide_1.12.1/stm32cubeide/plugins/com.st.stm32cube.ide.mcu.externaltools.gnu-tools-for-stm32.10.3-2021.10.win32_1.0.200.202301161003/tools/bin/../lib/gcc/arm-none-eabi/10.3.1/thumb/v7e-m+fp/hard\libgcc.a(_udivmoddi4.o)
                0x0000000008004ffc                __exidx_end = .
                0x0000000008004ffc                . = ALIGN (0x4)

.rel.dyn        0x0000000008004ffc        0x0
 .rel.iplt      0x0000000008004ffc        0x0 c:/st/stm32cubeide_1.12.1/stm32cubeide/plugins/com.st.stm32cube.ide.mcu.externaltools.gnu-tools-for-stm32.10.3-2021.10.win32_1.0.200.202301161003/tools/bin/../lib/gcc/arm-none-eabi/10.3.1/thumb/v7e-m+fp/hard/crtbegin.o

.preinit_array  0x0000000008004ffc        0x0
                0x0000000008004ffc                . = ALIGN (0x4)
                0x0000000008004ffc                PROVIDE (__preinit_array_start = .)
 *(.preinit_array*)
                0x0000000008004ffc                PROVIDE (__preinit_array_end = .)
                0x0000000008004ffc                . = ALIGN (0x4)

.init_array     0x0000000008004ffc        0x4
                0x0000000008004ffc                . = ALIGN (0x4)
                0x0000000008004ffc                PROVIDE (__init_array_start = .)
 *(SORT_BY_NAME(.init_array.*))
 *(.init_array*)
 .init_array    0x0000000008004ffc        0x4 c:/st/stm32cubeide_1.12.1/stm32cubeide/plugins/com.st.stm32cube.ide.mcu.externaltools.gnu-tools-for-stm32.10.3-2021.10.win32_1.0.200.202301161003/tools/bin/../lib/gcc/arm-none-eabi/10.3.1/thumb/v7e-m+fp/hard/crtbegin.o
                0x0000000008005000                PROVIDE (__init_array_end = .)
                0x0000000008005000                . = ALIGN (0x4)

.fini_array     0x0000000008005000        0x4
                0x0000000008005000                . = ALIGN (0x4)
                [!provide]                        PROVIDE (__fini_array_start = .)
 *(SORT_BY_NAME(.fini_array.*))
 *(.fini_array*)
 .fini_array    0x0000000008005000        0x4 c:/st/stm32cubeide_1.12.1/stm32cubeide/plugins/com.st.stm32cube.ide.mcu.externaltools.gnu-tools-for-stm32.10.3-2021.10.win32_1.0.200.202301161003/tools/bin/../lib/gcc/arm-none-eabi/10.3.1/thumb/v7e-m+fp/hard/crtbegin.o
                [!provide]                        PROVIDE (__fini_array_end = .)
                0x0000000008005004                . = ALIGN (0x4)
                0x0000000008005004                _sidata = LOADADDR (.data)

.data           0x0000000020000000        0xc load address 0x0000000008005004
                0x0000000020000000                . = ALIGN (0x4)
                0x0000000020000000                _sdata = .
 *(.data)
 *(.data*)
 .data.SystemCoreClock
                0x0000000020000000        0x4 ./Core/Src/system_stm32f4xx.o
                0x0000000020000000                SystemCoreClock
 .data.uwTickPrio
                0x0000000020000004        0x4 ./Drivers/STM32F4xx_HAL_Driver/Src/stm32f4xx_hal.o
                0x0000000020000004                uwTickPrio
 .data.uwTickFreq
                0x0000000020000008        0x1 ./Drivers/STM32F4xx_HAL_Driver/Src/stm32f4xx_hal.o
                0x0000000020000008                uwTickFreq
 .data.Stat     0x0000000020000009        0x1 ./FATFS/Target/sd_diskio.o
 *(.RamFunc)
 *(.RamFunc*)
                0x000000002000000c                . = ALIGN (0x4)
 *fill*         0x000000002000000a        0x2 
                0x000000002000000c                _edata = .
                0x0000000008005010                _siccmram = LOADADDR (.ccmram)

.igot.plt       0x000000002000000c        0x0 load address 0x0000000008005010
 .igot.plt      0x000000002000000c        0x0 c:/st/stm32cubeide_1.12.1/stm32cubeide/plugins/com.st.stm32cube.ide.mcu.externaltools.gnu-tools-for-stm32.10.3-2021.10.win32_1.0.200.202301161003/tools/bin/../lib/gcc/arm-none-eabi/10.3.1/thumb/v7e-m+fp/hard/crtbegin.o

.ccmram         0x0000000010000000        0x0 load address 0x0000000008005010
                0x0000000010000000                . = ALIGN (0x4)
                0x0000000010000000                _sccmram = .
 *(.ccmram)
 *(.ccmram*)
                0x0000000010000000                . = ALIGN (0x4)
                0x0000000010000000                _eccmram = .
                0x0000000010000000                . = ALIGN (0x4)

.bss            0x000000002000000c      0x2ac
                0x000000002000000c                _sbss = .
                0x000000002000000c                __bss_start__ = _sbss
 *(.bss)
 .bss           0x000000002000000c       0x1c c:/st/stm32cubeide_1.12.1/stm32cubeide/plugins/com.st.stm32cube.ide.mcu.externaltools.gnu-tools-for-stm32.10.3-2021.10.win32_1.0.200.202301161003/tools/bin/../lib/gcc/arm-none-eabi/10.3.1/thumb/v7e-m+fp/hard/crtbegin.o
 *(.bss*)
 .bss.hi2c1     0x0000000020000028       0x54 ./Core/Src/main.o
                0x0000000020000028                hi2c1
 .bss.hi2c3     0x000000002000007c       0x54 ./Core/Src/main.o
                0x000000002000007c                hi2c3
 .bss.hrtc      0x00000000200000d0       0x20 ./Core/Src/main.o
                0x00000000200000d0                hrtc
 .bss.hsd       0x00000000200000f0       0x84 ./Core/Src/main.o
                0x00000000200000f0                hsd
 .bss.hspi1     0x0000000020000174       0x58 ./Core/Src/main.o
                0x0000000020000174                hspi1
 .bss.huart1    0x00000000200001cc       0x44 ./Core/Src/main.o
                0x00000000200001cc                huart1
 .bss.huart2    0x0000000020000210       0x44 ./Core/Src/main.o
                0x0000000020000210                huart2
 .bss.huart3    0x0000000020000254       0x44 ./Core/Src/main.o
                0x0000000020000254                huart3
 .bss.uwTick    0x0000000020000298        0x4 ./Drivers/STM32F4xx_HAL_Driver/Src/stm32f4xx_hal.o
                0x0000000020000298                uwTick
 .bss.retSD     0x000000002000029c        0x1 ./FATFS/App/fatfs.o
                0x000000002000029c                retSD
 *fill*         0x000000002000029d        0x3 
 .bss.SDPath    0x00000000200002a0        0x4 ./FATFS/App/fatfs.o
                0x00000000200002a0                SDPath
 .bss.WriteStatus
                0x00000000200002a4        0x4 ./FATFS/Target/sd_diskio.o
 .bss.ReadStatus
                0x00000000200002a8        0x4 ./FATFS/Target/sd_diskio.o
 .bss.disk      0x00000000200002ac        0xc ./Middlewares/Third_Party/FatFs/src/ff_gen_drv.o
                0x00000000200002ac                disk
 *(COMMON)
                0x00000000200002b8                . = ALIGN (0x4)
                0x00000000200002b8                _ebss = .
                0x00000000200002b8                __bss_end__ = _ebss

._user_heap_stack
                0x00000000200002b8      0x600
                0x00000000200002b8                . = ALIGN (0x8)
                [!provide]                        PROVIDE (end = .)
                0x00000000200002b8                PROVIDE (_end = .)
                0x00000000200004b8                . = (. + _Min_Heap_Size)
 *fill*         0x00000000200002b8      0x200 
                0x00000000200008b8                . = (. + _Min_Stack_Size)
 *fill*         0x00000000200004b8      0x400 
                0x00000000200008b8                . = ALIGN (0x8)

/DISCARD/
 libc.a(*)
 libm.a(*)
 libgcc.a(*)

.ARM.attributes
                0x0000000000000000       0x30
 *(.ARM.attributes)
 .ARM.attributes
                0x0000000000000000       0x1e c:/st/stm32cubeide_1.12.1/stm32cubeide/plugins/com.st.stm32cube.ide.mcu.externaltools.gnu-tools-for-stm32.10.3-2021.10.win32_1.0.200.202301161003/tools/bin/../lib/gcc/arm-none-eabi/10.3.1/thumb/v7e-m+fp/hard/crti.o
 .ARM.attributes
                0x000000000000001e       0x34 c:/st/stm32cubeide_1.12.1/stm32cubeide/plugins/com.st.stm32cube.ide.mcu.externaltools.gnu-tools-for-stm32.10.3-2021.10.win32_1.0.200.202301161003/tools/bin/../lib/gcc/arm-none-eabi/10.3.1/thumb/v7e-m+fp/hard/crtbegin.o
 .ARM.attributes
                0x0000000000000052       0x34 ./Core/Src/main.o
 .ARM.attributes
                0x0000000000000086       0x34 ./Core/Src/stm32f4xx_hal_msp.o
 .ARM.attributes
                0x00000000000000ba       0x34 ./Core/Src/stm32f4xx_it.o
 .ARM.attributes
                0x00000000000000ee       0x34 ./Core/Src/system_stm32f4xx.o
 .ARM.attributes
                0x0000000000000122       0x21 ./Core/Startup/startup_stm32f407vetx.o
 .ARM.attributes
                0x0000000000000143       0x34 ./Drivers/STM32F4xx_HAL_Driver/Src/stm32f4xx_hal.o
 .ARM.attributes
                0x0000000000000177       0x34 ./Drivers/STM32F4xx_HAL_Driver/Src/stm32f4xx_hal_cortex.o
 .ARM.attributes
                0x00000000000001ab       0x34 ./Drivers/STM32F4xx_HAL_Driver/Src/stm32f4xx_hal_dma.o
 .ARM.attributes
                0x00000000000001df       0x34 ./Drivers/STM32F4xx_HAL_Driver/Src/stm32f4xx_hal_gpio.o
 .ARM.attributes
                0x0000000000000213       0x34 ./Drivers/STM32F4xx_HAL_Driver/Src/stm32f4xx_hal_i2c.o
 .ARM.attributes
                0x0000000000000247       0x34 ./Drivers/STM32F4xx_HAL_Driver/Src/stm32f4xx_hal_rcc.o
 .ARM.attributes
                0x000000000000027b       0x34 ./Drivers/STM32F4xx_HAL_Driver/Src/stm32f4xx_hal_rcc_ex.o
 .ARM.attributes
                0x00000000000002af       0x34 ./Drivers/STM32F4xx_HAL_Driver/Src/stm32f4xx_hal_rtc.o
 .ARM.attributes
                0x00000000000002e3       0x34 ./Drivers/STM32F4xx_HAL_Driver/Src/stm32f4xx_hal_rtc_ex.o
 .ARM.attributes
                0x0000000000000317       0x34 ./Drivers/STM32F4xx_HAL_Driver/Src/stm32f4xx_hal_sd.o
 .ARM.attributes
                0x000000000000034b       0x34 ./Drivers/STM32F4xx_HAL_Driver/Src/stm32f4xx_hal_spi.o
 .ARM.attributes
                0x000000000000037f       0x34 ./Drivers/STM32F4xx_HAL_Driver/Src/stm32f4xx_hal_uart.o
 .ARM.attributes
                0x00000000000003b3       0x34 ./Drivers/STM32F4xx_HAL_Driver/Src/stm32f4xx_ll_sdmmc.o
 .ARM.attributes
                0x00000000000003e7       0x34 ./FATFS/App/fatfs.o
 .ARM.attributes
                0x000000000000041b       0x34 ./FATFS/Target/bsp_driver_sd.o
 .ARM.attributes
                0x000000000000044f       0x34 ./FATFS/Target/sd_diskio.o
 .ARM.attributes
                0x0000000000000483       0x34 ./Middlewares/Third_Party/FatFs/src/ff_gen_drv.o
 .ARM.attributes
                0x00000000000004b7       0x34 c:/st/stm32cubeide_1.12.1/stm32cubeide/plugins/com.st.stm32cube.ide.mcu.externaltools.gnu-tools-for-stm32.10.3-2021.10.win32_1.0.200.202301161003/tools/bin/../lib/gcc/arm-none-eabi/10.3.1/../../../../arm-none-eabi/lib/thumb/v7e-m+fp/hard\libc_nano.a(lib_a-init.o)
 .ARM.attributes
                0x00000000000004eb       0x34 c:/st/stm32cubeide_1.12.1/stm32cubeide/plugins/com.st.stm32cube.ide.mcu.externaltools.gnu-tools-for-stm32.10.3-2021.10.win32_1.0.200.202301161003/tools/bin/../lib/gcc/arm-none-eabi/10.3.1/../../../../arm-none-eabi/lib/thumb/v7e-m+fp/hard\libc_nano.a(lib_a-memset.o)
 .ARM.attributes
                0x000000000000051f       0x1e c:/st/stm32cubeide_1.12.1/stm32cubeide/plugins/com.st.stm32cube.ide.mcu.externaltools.gnu-tools-for-stm32.10.3-2021.10.win32_1.0.200.202301161003/tools/bin/../lib/gcc/arm-none-eabi/10.3.1/thumb/v7e-m+fp/hard\libgcc.a(_aeabi_uldivmod.o)
 .ARM.attributes
                0x000000000000053d       0x34 c:/st/stm32cubeide_1.12.1/stm32cubeide/plugins/com.st.stm32cube.ide.mcu.externaltools.gnu-tools-for-stm32.10.3-2021.10.win32_1.0.200.202301161003/tools/bin/../lib/gcc/arm-none-eabi/10.3.1/thumb/v7e-m+fp/hard\libgcc.a(_udivmoddi4.o)
 .ARM.attributes
                0x0000000000000571       0x1e c:/st/stm32cubeide_1.12.1/stm32cubeide/plugins/com.st.stm32cube.ide.mcu.externaltools.gnu-tools-for-stm32.10.3-2021.10.win32_1.0.200.202301161003/tools/bin/../lib/gcc/arm-none-eabi/10.3.1/thumb/v7e-m+fp/hard\libgcc.a(_dvmd_tls.o)
 .ARM.attributes
                0x000000000000058f       0x1e c:/st/stm32cubeide_1.12.1/stm32cubeide/plugins/com.st.stm32cube.ide.mcu.externaltools.gnu-tools-for-stm32.10.3-2021.10.win32_1.0.200.202301161003/tools/bin/../lib/gcc/arm-none-eabi/10.3.1/thumb/v7e-m+fp/hard/crtn.o
OUTPUT(umweltspaeher_stm32f407VET_V6.elf elf32-littlearm)
LOAD linker stubs
LOAD c:/st/stm32cubeide_1.12.1/stm32cubeide/plugins/com.st.stm32cube.ide.mcu.externaltools.gnu-tools-for-stm32.10.3-2021.10.win32_1.0.200.202301161003/tools/bin/../lib/gcc/arm-none-eabi/10.3.1/../../../../arm-none-eabi/lib/thumb/v7e-m+fp/hard\libc.a
LOAD c:/st/stm32cubeide_1.12.1/stm32cubeide/plugins/com.st.stm32cube.ide.mcu.externaltools.gnu-tools-for-stm32.10.3-2021.10.win32_1.0.200.202301161003/tools/bin/../lib/gcc/arm-none-eabi/10.3.1/../../../../arm-none-eabi/lib/thumb/v7e-m+fp/hard\libm.a
LOAD c:/st/stm32cubeide_1.12.1/stm32cubeide/plugins/com.st.stm32cube.ide.mcu.externaltools.gnu-tools-for-stm32.10.3-2021.10.win32_1.0.200.202301161003/tools/bin/../lib/gcc/arm-none-eabi/10.3.1/thumb/v7e-m+fp/hard\libgcc.a

.debug_info     0x0000000000000000    0x14674
 .debug_info    0x0000000000000000     0x1b6a ./Core/Src/main.o
 .debug_info    0x0000000000001b6a     0x1942 ./Core/Src/stm32f4xx_hal_msp.o
 .debug_info    0x00000000000034ac      0x121 ./Core/Src/stm32f4xx_it.o
 .debug_info    0x00000000000035cd      0x523 ./Core/Src/system_stm32f4xx.o
 .debug_info    0x0000000000003af0       0x22 ./Core/Startup/startup_stm32f407vetx.o
 .debug_info    0x0000000000003b12      0x97c ./Drivers/STM32F4xx_HAL_Driver/Src/stm32f4xx_hal.o
 .debug_info    0x000000000000448e      0xe1b ./Drivers/STM32F4xx_HAL_Driver/Src/stm32f4xx_hal_cortex.o
 .debug_info    0x00000000000052a9      0x94f ./Drivers/STM32F4xx_HAL_Driver/Src/stm32f4xx_hal_dma.o
 .debug_info    0x0000000000005bf8      0x76a ./Drivers/STM32F4xx_HAL_Driver/Src/stm32f4xx_hal_gpio.o
 .debug_info    0x0000000000006362     0x2609 ./Drivers/STM32F4xx_HAL_Driver/Src/stm32f4xx_hal_i2c.o
 .debug_info    0x000000000000896b      0x966 ./Drivers/STM32F4xx_HAL_Driver/Src/stm32f4xx_hal_rcc.o
 .debug_info    0x00000000000092d1      0x569 ./Drivers/STM32F4xx_HAL_Driver/Src/stm32f4xx_hal_rcc_ex.o
 .debug_info    0x000000000000983a      0xcf8 ./Drivers/STM32F4xx_HAL_Driver/Src/stm32f4xx_hal_rtc.o
 .debug_info    0x000000000000a532      0xfa5 ./Drivers/STM32F4xx_HAL_Driver/Src/stm32f4xx_hal_rtc_ex.o
 .debug_info    0x000000000000b4d7     0x1d34 ./Drivers/STM32F4xx_HAL_Driver/Src/stm32f4xx_hal_sd.o
 .debug_info    0x000000000000d20b     0x1758 ./Drivers/STM32F4xx_HAL_Driver/Src/stm32f4xx_hal_spi.o
 .debug_info    0x000000000000e963     0x31bc ./Drivers/STM32F4xx_HAL_Driver/Src/stm32f4xx_hal_uart.o
 .debug_info    0x0000000000011b1f     0x11dd ./Drivers/STM32F4xx_HAL_Driver/Src/stm32f4xx_ll_sdmmc.o
 .debug_info    0x0000000000012cfc      0x4fa ./FATFS/App/fatfs.o
 .debug_info    0x00000000000131f6      0xb37 ./FATFS/Target/bsp_driver_sd.o
 .debug_info    0x0000000000013d2d      0x59e ./FATFS/Target/sd_diskio.o
 .debug_info    0x00000000000142cb      0x3a9 ./Middlewares/Third_Party/FatFs/src/ff_gen_drv.o

.debug_abbrev   0x0000000000000000     0x2bc6
 .debug_abbrev  0x0000000000000000      0x2bc ./Core/Src/main.o
 .debug_abbrev  0x00000000000002bc      0x230 ./Core/Src/stm32f4xx_hal_msp.o
 .debug_abbrev  0x00000000000004ec       0x74 ./Core/Src/stm32f4xx_it.o
 .debug_abbrev  0x0000000000000560      0x116 ./Core/Src/system_stm32f4xx.o
 .debug_abbrev  0x0000000000000676       0x12 ./Core/Startup/startup_stm32f407vetx.o
 .debug_abbrev  0x0000000000000688      0x20d ./Drivers/STM32F4xx_HAL_Driver/Src/stm32f4xx_hal.o
 .debug_abbrev  0x0000000000000895      0x316 ./Drivers/STM32F4xx_HAL_Driver/Src/stm32f4xx_hal_cortex.o
 .debug_abbrev  0x0000000000000bab      0x25b ./Drivers/STM32F4xx_HAL_Driver/Src/stm32f4xx_hal_dma.o
 .debug_abbrev  0x0000000000000e06      0x1c4 ./Drivers/STM32F4xx_HAL_Driver/Src/stm32f4xx_hal_gpio.o
 .debug_abbrev  0x0000000000000fca      0x297 ./Drivers/STM32F4xx_HAL_Driver/Src/stm32f4xx_hal_i2c.o
 .debug_abbrev  0x0000000000001261      0x2aa ./Drivers/STM32F4xx_HAL_Driver/Src/stm32f4xx_hal_rcc.o
 .debug_abbrev  0x000000000000150b      0x1a8 ./Drivers/STM32F4xx_HAL_Driver/Src/stm32f4xx_hal_rcc_ex.o
 .debug_abbrev  0x00000000000016b3      0x1f1 ./Drivers/STM32F4xx_HAL_Driver/Src/stm32f4xx_hal_rtc.o
 .debug_abbrev  0x00000000000018a4      0x1f3 ./Drivers/STM32F4xx_HAL_Driver/Src/stm32f4xx_hal_rtc_ex.o
 .debug_abbrev  0x0000000000001a97      0x288 ./Drivers/STM32F4xx_HAL_Driver/Src/stm32f4xx_hal_sd.o
 .debug_abbrev  0x0000000000001d1f      0x26e ./Drivers/STM32F4xx_HAL_Driver/Src/stm32f4xx_hal_spi.o
 .debug_abbrev  0x0000000000001f8d      0x2f4 ./Drivers/STM32F4xx_HAL_Driver/Src/stm32f4xx_hal_uart.o
 .debug_abbrev  0x0000000000002281      0x1ce ./Drivers/STM32F4xx_HAL_Driver/Src/stm32f4xx_ll_sdmmc.o
 .debug_abbrev  0x000000000000244f      0x15a ./FATFS/App/fatfs.o
 .debug_abbrev  0x00000000000025a9      0x268 ./FATFS/Target/bsp_driver_sd.o
 .debug_abbrev  0x0000000000002811      0x21f ./FATFS/Target/sd_diskio.o
 .debug_abbrev  0x0000000000002a30      0x196 ./Middlewares/Third_Party/FatFs/src/ff_gen_drv.o

.debug_aranges  0x0000000000000000     0x1238
 .debug_aranges
                0x0000000000000000       0x78 ./Core/Src/main.o
 .debug_aranges
                0x0000000000000078       0x70 ./Core/Src/stm32f4xx_hal_msp.o
 .debug_aranges
                0x00000000000000e8       0x60 ./Core/Src/stm32f4xx_it.o
 .debug_aranges
                0x0000000000000148       0x28 ./Core/Src/system_stm32f4xx.o
 .debug_aranges
                0x0000000000000170       0x28 ./Core/Startup/startup_stm32f407vetx.o
 .debug_aranges
                0x0000000000000198       0xf0 ./Drivers/STM32F4xx_HAL_Driver/Src/stm32f4xx_hal.o
 .debug_aranges
                0x0000000000000288      0x118 ./Drivers/STM32F4xx_HAL_Driver/Src/stm32f4xx_hal_cortex.o
 .debug_aranges
                0x00000000000003a0       0x90 ./Drivers/STM32F4xx_HAL_Driver/Src/stm32f4xx_hal_dma.o
 .debug_aranges
                0x0000000000000430       0x58 ./Drivers/STM32F4xx_HAL_Driver/Src/stm32f4xx_hal_gpio.o
 .debug_aranges
                0x0000000000000488      0x2a0 ./Drivers/STM32F4xx_HAL_Driver/Src/stm32f4xx_hal_i2c.o
 .debug_aranges
                0x0000000000000728       0x88 ./Drivers/STM32F4xx_HAL_Driver/Src/stm32f4xx_hal_rcc.o
 .debug_aranges
                0x00000000000007b0       0x48 ./Drivers/STM32F4xx_HAL_Driver/Src/stm32f4xx_hal_rcc_ex.o
 .debug_aranges
                0x00000000000007f8       0xe8 ./Drivers/STM32F4xx_HAL_Driver/Src/stm32f4xx_hal_rtc.o
 .debug_aranges
                0x00000000000008e0      0x130 ./Drivers/STM32F4xx_HAL_Driver/Src/stm32f4xx_hal_rtc_ex.o
 .debug_aranges
                0x0000000000000a10      0x168 ./Drivers/STM32F4xx_HAL_Driver/Src/stm32f4xx_hal_sd.o
 .debug_aranges
                0x0000000000000b78      0x1d0 ./Drivers/STM32F4xx_HAL_Driver/Src/stm32f4xx_hal_spi.o
 .debug_aranges
                0x0000000000000d48      0x200 ./Drivers/STM32F4xx_HAL_Driver/Src/stm32f4xx_hal_uart.o
 .debug_aranges
                0x0000000000000f48      0x188 ./Drivers/STM32F4xx_HAL_Driver/Src/stm32f4xx_ll_sdmmc.o
 .debug_aranges
                0x00000000000010d0       0x28 ./FATFS/App/fatfs.o
 .debug_aranges
                0x00000000000010f8       0xa0 ./FATFS/Target/bsp_driver_sd.o
 .debug_aranges
                0x0000000000001198       0x60 ./FATFS/Target/sd_diskio.o
 .debug_aranges
                0x00000000000011f8       0x40 ./Middlewares/Third_Party/FatFs/src/ff_gen_drv.o

.debug_ranges   0x0000000000000000     0x1128
 .debug_ranges  0x0000000000000000       0x68 ./Core/Src/main.o
 .debug_ranges  0x0000000000000068       0x60 ./Core/Src/stm32f4xx_hal_msp.o
 .debug_ranges  0x00000000000000c8       0x50 ./Core/Src/stm32f4xx_it.o
 .debug_ranges  0x0000000000000118       0x18 ./Core/Src/system_stm32f4xx.o
 .debug_ranges  0x0000000000000130       0x20 ./Core/Startup/startup_stm32f407vetx.o
 .debug_ranges  0x0000000000000150       0xe0 ./Drivers/STM32F4xx_HAL_Driver/Src/stm32f4xx_hal.o
 .debug_ranges  0x0000000000000230      0x108 ./Drivers/STM32F4xx_HAL_Driver/Src/stm32f4xx_hal_cortex.o
 .debug_ranges  0x0000000000000338       0x80 ./Drivers/STM32F4xx_HAL_Driver/Src/stm32f4xx_hal_dma.o
 .debug_ranges  0x00000000000003b8       0x48 ./Drivers/STM32F4xx_HAL_Driver/Src/stm32f4xx_hal_gpio.o
 .debug_ranges  0x0000000000000400      0x2a8 ./Drivers/STM32F4xx_HAL_Driver/Src/stm32f4xx_hal_i2c.o
 .debug_ranges  0x00000000000006a8       0x78 ./Drivers/STM32F4xx_HAL_Driver/Src/stm32f4xx_hal_rcc.o
 .debug_ranges  0x0000000000000720       0x38 ./Drivers/STM32F4xx_HAL_Driver/Src/stm32f4xx_hal_rcc_ex.o
 .debug_ranges  0x0000000000000758       0xd8 ./Drivers/STM32F4xx_HAL_Driver/Src/stm32f4xx_hal_rtc.o
 .debug_ranges  0x0000000000000830      0x120 ./Drivers/STM32F4xx_HAL_Driver/Src/stm32f4xx_hal_rtc_ex.o
 .debug_ranges  0x0000000000000950      0x158 ./Drivers/STM32F4xx_HAL_Driver/Src/stm32f4xx_hal_sd.o
 .debug_ranges  0x0000000000000aa8      0x1c0 ./Drivers/STM32F4xx_HAL_Driver/Src/stm32f4xx_hal_spi.o
 .debug_ranges  0x0000000000000c68      0x220 ./Drivers/STM32F4xx_HAL_Driver/Src/stm32f4xx_hal_uart.o
 .debug_ranges  0x0000000000000e88      0x178 ./Drivers/STM32F4xx_HAL_Driver/Src/stm32f4xx_ll_sdmmc.o
 .debug_ranges  0x0000000000001000       0x18 ./FATFS/App/fatfs.o
 .debug_ranges  0x0000000000001018       0x90 ./FATFS/Target/bsp_driver_sd.o
 .debug_ranges  0x00000000000010a8       0x50 ./FATFS/Target/sd_diskio.o
 .debug_ranges  0x00000000000010f8       0x30 ./Middlewares/Third_Party/FatFs/src/ff_gen_drv.o

.debug_macro    0x0000000000000000    0x23583
 .debug_macro   0x0000000000000000      0x34d ./Core/Src/main.o
 .debug_macro   0x000000000000034d      0xa78 ./Core/Src/main.o
 .debug_macro   0x0000000000000dc5      0x2ad ./Core/Src/main.o
 .debug_macro   0x0000000000001072       0x2e ./Core/Src/main.o
 .debug_macro   0x00000000000010a0       0x2f ./Core/Src/main.o
 .debug_macro   0x00000000000010cf       0x22 ./Core/Src/main.o
 .debug_macro   0x00000000000010f1       0x8e ./Core/Src/main.o
 .debug_macro   0x000000000000117f       0x51 ./Core/Src/main.o
 .debug_macro   0x00000000000011d0      0x103 ./Core/Src/main.o
 .debug_macro   0x00000000000012d3       0x6a ./Core/Src/main.o
 .debug_macro   0x000000000000133d      0x1df ./Core/Src/main.o
 .debug_macro   0x000000000000151c       0x1c ./Core/Src/main.o
 .debug_macro   0x0000000000001538       0x22 ./Core/Src/main.o
 .debug_macro   0x000000000000155a       0xd9 ./Core/Src/main.o
 .debug_macro   0x0000000000001633     0x102d ./Core/Src/main.o
 .debug_macro   0x0000000000002660      0x11f ./Core/Src/main.o
 .debug_macro   0x000000000000277f    0x15e82 ./Core/Src/main.o
 .debug_macro   0x0000000000018601       0x6d ./Core/Src/main.o
 .debug_macro   0x000000000001866e     0x367e ./Core/Src/main.o
 .debug_macro   0x000000000001bcec      0x174 ./Core/Src/main.o
 .debug_macro   0x000000000001be60       0x5c ./Core/Src/main.o
 .debug_macro   0x000000000001bebc      0x96b ./Core/Src/main.o
 .debug_macro   0x000000000001c827      0x9fe ./Core/Src/main.o
 .debug_macro   0x000000000001d225      0x115 ./Core/Src/main.o
 .debug_macro   0x000000000001d33a      0x13e ./Core/Src/main.o
 .debug_macro   0x000000000001d478       0xa5 ./Core/Src/main.o
 .debug_macro   0x000000000001d51d      0x174 ./Core/Src/main.o
 .debug_macro   0x000000000001d691      0x287 ./Core/Src/main.o
 .debug_macro   0x000000000001d918       0x5f ./Core/Src/main.o
 .debug_macro   0x000000000001d977      0x236 ./Core/Src/main.o
 .debug_macro   0x000000000001dbad      0x12c ./Core/Src/main.o
 .debug_macro   0x000000000001dcd9      0x21e ./Core/Src/main.o
 .debug_macro   0x000000000001def7       0x2e ./Core/Src/main.o
 .debug_macro   0x000000000001df25      0x1b5 ./Core/Src/main.o
 .debug_macro   0x000000000001e0da       0xd6 ./Core/Src/main.o
 .debug_macro   0x000000000001e1b0      0x11a ./Core/Src/main.o
 .debug_macro   0x000000000001e2ca       0x7e ./Core/Src/main.o
 .debug_macro   0x000000000001e348       0x89 ./Core/Src/main.o
 .debug_macro   0x000000000001e3d1      0x305 ./Core/Src/main.o
 .debug_macro   0x000000000001e6d6      0x452 ./Core/Src/main.o
 .debug_macro   0x000000000001eb28       0xe4 ./Core/Src/main.o
 .debug_macro   0x000000000001ec0c      0x861 ./Core/Src/main.o
 .debug_macro   0x000000000001f46d      0x1d5 ./Core/Src/main.o
 .debug_macro   0x000000000001f642      0x225 ./Core/Src/main.o
 .debug_macro   0x000000000001f867      0x295 ./Core/Src/main.o
 .debug_macro   0x000000000001fafc      0x12d ./Core/Src/main.o
 .debug_macro   0x000000000001fc29       0x2e ./Core/Src/main.o
 .debug_macro   0x000000000001fc57       0x3a ./Core/Src/main.o
 .debug_macro   0x000000000001fc91       0xe5 ./Core/Src/main.o
 .debug_macro   0x000000000001fd76       0x1e ./Core/Src/main.o
 .debug_macro   0x000000000001fd94       0x52 ./Core/Src/main.o
 .debug_macro   0x000000000001fde6       0x3c ./Core/Src/main.o
 .debug_macro   0x000000000001fe22       0x34 ./Core/Src/main.o
 .debug_macro   0x000000000001fe56       0x16 ./Core/Src/main.o
 .debug_macro   0x000000000001fe6c       0x35 ./Core/Src/main.o
 .debug_macro   0x000000000001fea1       0x16 ./Core/Src/main.o
 .debug_macro   0x000000000001feb7       0x43 ./Core/Src/main.o
 .debug_macro   0x000000000001fefa       0x34 ./Core/Src/main.o
 .debug_macro   0x000000000001ff2e       0x10 ./Core/Src/main.o
 .debug_macro   0x000000000001ff3e       0x58 ./Core/Src/main.o
 .debug_macro   0x000000000001ff96       0x71 ./Core/Src/main.o
 .debug_macro   0x0000000000020007       0x1c ./Core/Src/main.o
 .debug_macro   0x0000000000020023      0x12a ./Core/Src/main.o
 .debug_macro   0x000000000002014d      0x341 ./Core/Src/main.o
 .debug_macro   0x000000000002048e       0x16 ./Core/Src/main.o
 .debug_macro   0x00000000000204a4       0x29 ./Core/Src/main.o
 .debug_macro   0x00000000000204cd       0x12 ./Core/Src/main.o
 .debug_macro   0x00000000000204df       0xe2 ./Core/Src/main.o
 .debug_macro   0x00000000000205c1       0x8e ./Core/Src/main.o
 .debug_macro   0x000000000002064f      0x21f ./Core/Src/stm32f4xx_hal_msp.o
 .debug_macro   0x000000000002086e      0x229 ./Core/Src/stm32f4xx_it.o
 .debug_macro   0x0000000000020a97      0x210 ./Core/Src/system_stm32f4xx.o
 .debug_macro   0x0000000000020ca7      0x270 ./Drivers/STM32F4xx_HAL_Driver/Src/stm32f4xx_hal.o
 .debug_macro   0x0000000000020f17      0x210 ./Drivers/STM32F4xx_HAL_Driver/Src/stm32f4xx_hal_cortex.o
 .debug_macro   0x0000000000021127      0x216 ./Drivers/STM32F4xx_HAL_Driver/Src/stm32f4xx_hal_dma.o
 .debug_macro   0x000000000002133d      0x216 ./Drivers/STM32F4xx_HAL_Driver/Src/stm32f4xx_hal_gpio.o
 .debug_macro   0x0000000000021553      0x257 ./Drivers/STM32F4xx_HAL_Driver/Src/stm32f4xx_hal_i2c.o
 .debug_macro   0x00000000000217aa      0x234 ./Drivers/STM32F4xx_HAL_Driver/Src/stm32f4xx_hal_rcc.o
 .debug_macro   0x00000000000219de      0x210 ./Drivers/STM32F4xx_HAL_Driver/Src/stm32f4xx_hal_rcc_ex.o
 .debug_macro   0x0000000000021bee      0x211 ./Drivers/STM32F4xx_HAL_Driver/Src/stm32f4xx_hal_rtc.o
 .debug_macro   0x0000000000021dff      0x210 ./Drivers/STM32F4xx_HAL_Driver/Src/stm32f4xx_hal_rtc_ex.o
 .debug_macro   0x000000000002200f      0x211 ./Drivers/STM32F4xx_HAL_Driver/Src/stm32f4xx_hal_sd.o
 .debug_macro   0x0000000000022220      0x21f ./Drivers/STM32F4xx_HAL_Driver/Src/stm32f4xx_hal_spi.o
 .debug_macro   0x000000000002243f      0x211 ./Drivers/STM32F4xx_HAL_Driver/Src/stm32f4xx_hal_uart.o
 .debug_macro   0x0000000000022650      0x211 ./Drivers/STM32F4xx_HAL_Driver/Src/stm32f4xx_ll_sdmmc.o
 .debug_macro   0x0000000000022861      0x34d ./FATFS/App/fatfs.o
 .debug_macro   0x0000000000022bae      0x21f ./FATFS/Target/bsp_driver_sd.o
 .debug_macro   0x0000000000022dcd       0x34 ./FATFS/Target/bsp_driver_sd.o
 .debug_macro   0x0000000000022e01      0x380 ./FATFS/Target/sd_diskio.o
 .debug_macro   0x0000000000023181       0x16 ./FATFS/Target/sd_diskio.o
 .debug_macro   0x0000000000023197       0x7c ./FATFS/Target/sd_diskio.o
 .debug_macro   0x0000000000023213       0x16 ./FATFS/Target/sd_diskio.o
 .debug_macro   0x0000000000023229       0x20 ./FATFS/Target/sd_diskio.o
 .debug_macro   0x0000000000023249      0x33a ./Middlewares/Third_Party/FatFs/src/ff_gen_drv.o

.debug_line     0x0000000000000000    0x16bf1
 .debug_line    0x0000000000000000      0xc24 ./Core/Src/main.o
 .debug_line    0x0000000000000c24      0x970 ./Core/Src/stm32f4xx_hal_msp.o
 .debug_line    0x0000000000001594      0x7fc ./Core/Src/stm32f4xx_it.o
 .debug_line    0x0000000000001d90      0x7bb ./Core/Src/system_stm32f4xx.o
 .debug_line    0x000000000000254b       0x88 ./Core/Startup/startup_stm32f407vetx.o
 .debug_line    0x00000000000025d3      0xa21 ./Drivers/STM32F4xx_HAL_Driver/Src/stm32f4xx_hal.o
 .debug_line    0x0000000000002ff4      0xcd0 ./Drivers/STM32F4xx_HAL_Driver/Src/stm32f4xx_hal_cortex.o
 .debug_line    0x0000000000003cc4      0xf85 ./Drivers/STM32F4xx_HAL_Driver/Src/stm32f4xx_hal_dma.o
 .debug_line    0x0000000000004c49      0xb95 ./Drivers/STM32F4xx_HAL_Driver/Src/stm32f4xx_hal_gpio.o
 .debug_line    0x00000000000057de     0x39d6 ./Drivers/STM32F4xx_HAL_Driver/Src/stm32f4xx_hal_i2c.o
 .debug_line    0x00000000000091b4      0xd9b ./Drivers/STM32F4xx_HAL_Driver/Src/stm32f4xx_hal_rcc.o
 .debug_line    0x0000000000009f4f      0xa37 ./Drivers/STM32F4xx_HAL_Driver/Src/stm32f4xx_hal_rcc_ex.o
 .debug_line    0x000000000000a986     0x10f6 ./Drivers/STM32F4xx_HAL_Driver/Src/stm32f4xx_hal_rtc.o
 .debug_line    0x000000000000ba7c     0x14bf ./Drivers/STM32F4xx_HAL_Driver/Src/stm32f4xx_hal_rtc_ex.o
 .debug_line    0x000000000000cf3b     0x1e4e ./Drivers/STM32F4xx_HAL_Driver/Src/stm32f4xx_hal_sd.o
 .debug_line    0x000000000000ed89     0x1cab ./Drivers/STM32F4xx_HAL_Driver/Src/stm32f4xx_hal_spi.o
 .debug_line    0x0000000000010a34     0x2ac6 ./Drivers/STM32F4xx_HAL_Driver/Src/stm32f4xx_hal_uart.o
 .debug_line    0x00000000000134fa      0xfb4 ./Drivers/STM32F4xx_HAL_Driver/Src/stm32f4xx_ll_sdmmc.o
 .debug_line    0x00000000000144ae      0x937 ./FATFS/App/fatfs.o
 .debug_line    0x0000000000014de5      0x8fe ./FATFS/Target/bsp_driver_sd.o
 .debug_line    0x00000000000156e3      0xb48 ./FATFS/Target/sd_diskio.o
 .debug_line    0x000000000001622b      0x9c6 ./Middlewares/Third_Party/FatFs/src/ff_gen_drv.o

.debug_str      0x0000000000000000    0xd210f
 .debug_str     0x0000000000000000    0xcda51 ./Core/Src/main.o
                                      0xcde4a (size before relaxing)
 .debug_str     0x00000000000cda51      0x18a ./Core/Src/stm32f4xx_hal_msp.o
                                      0xca62f (size before relaxing)
 .debug_str     0x00000000000cdbdb       0xc9 ./Core/Src/stm32f4xx_it.o
                                      0xc9771 (size before relaxing)
 .debug_str     0x00000000000cdca4       0xdb ./Core/Src/system_stm32f4xx.o
                                      0xc9814 (size before relaxing)
 .debug_str     0x00000000000cdd7f       0x36 ./Core/Startup/startup_stm32f407vetx.o
                                         0x8f (size before relaxing)
 .debug_str     0x00000000000cddb5      0xaf8 ./Drivers/STM32F4xx_HAL_Driver/Src/stm32f4xx_hal.o
                                      0xca398 (size before relaxing)
 .debug_str     0x00000000000ce8ad      0x34f ./Drivers/STM32F4xx_HAL_Driver/Src/stm32f4xx_hal_cortex.o
                                      0xca0cb (size before relaxing)
 .debug_str     0x00000000000cebfc      0x31a ./Drivers/STM32F4xx_HAL_Driver/Src/stm32f4xx_hal_dma.o
                                      0xc9c2e (size before relaxing)
 .debug_str     0x00000000000cef16      0x121 ./Drivers/STM32F4xx_HAL_Driver/Src/stm32f4xx_hal_gpio.o
                                      0xc998f (size before relaxing)
 .debug_str     0x00000000000cf037      0xac1 ./Drivers/STM32F4xx_HAL_Driver/Src/stm32f4xx_hal_i2c.o
                                      0xca7df (size before relaxing)
 .debug_str     0x00000000000cfaf8      0x213 ./Drivers/STM32F4xx_HAL_Driver/Src/stm32f4xx_hal_rcc.o
                                      0xc9c48 (size before relaxing)
 .debug_str     0x00000000000cfd0b       0xf9 ./Drivers/STM32F4xx_HAL_Driver/Src/stm32f4xx_hal_rcc_ex.o
                                      0xc9966 (size before relaxing)
 .debug_str     0x00000000000cfe04      0x224 ./Drivers/STM32F4xx_HAL_Driver/Src/stm32f4xx_hal_rtc.o
                                      0xc9c7e (size before relaxing)
 .debug_str     0x00000000000d0028      0x544 ./Drivers/STM32F4xx_HAL_Driver/Src/stm32f4xx_hal_rtc_ex.o
                                      0xc9f5a (size before relaxing)
 .debug_str     0x00000000000d056c      0x914 ./Drivers/STM32F4xx_HAL_Driver/Src/stm32f4xx_hal_sd.o
                                      0xca58d (size before relaxing)
 .debug_str     0x00000000000d0e80      0x552 ./Drivers/STM32F4xx_HAL_Driver/Src/stm32f4xx_hal_spi.o
                                      0xca0d8 (size before relaxing)
 .debug_str     0x00000000000d13d2      0x5f4 ./Drivers/STM32F4xx_HAL_Driver/Src/stm32f4xx_hal_uart.o
                                      0xca1e7 (size before relaxing)
 .debug_str     0x00000000000d19c6      0x227 ./Drivers/STM32F4xx_HAL_Driver/Src/stm32f4xx_ll_sdmmc.o
                                      0xc9c9b (size before relaxing)
 .debug_str     0x00000000000d1bed      0x1bc ./FATFS/App/fatfs.o
                                      0xcce54 (size before relaxing)
 .debug_str     0x00000000000d1da9      0x164 ./FATFS/Target/bsp_driver_sd.o
                                      0xc9e85 (size before relaxing)
 .debug_str     0x00000000000d1f0d      0x148 ./FATFS/Target/sd_diskio.o
                                      0xccf91 (size before relaxing)
 .debug_str     0x00000000000d2055       0xba ./Middlewares/Third_Party/FatFs/src/ff_gen_drv.o
                                      0xccdc0 (size before relaxing)

.comment        0x0000000000000000       0x50
 .comment       0x0000000000000000       0x50 ./Core/Src/main.o
                                         0x51 (size before relaxing)
 .comment       0x0000000000000050       0x51 ./Core/Src/stm32f4xx_hal_msp.o
 .comment       0x0000000000000050       0x51 ./Core/Src/stm32f4xx_it.o
 .comment       0x0000000000000050       0x51 ./Core/Src/system_stm32f4xx.o
 .comment       0x0000000000000050       0x51 ./Drivers/STM32F4xx_HAL_Driver/Src/stm32f4xx_hal.o
 .comment       0x0000000000000050       0x51 ./Drivers/STM32F4xx_HAL_Driver/Src/stm32f4xx_hal_cortex.o
 .comment       0x0000000000000050       0x51 ./Drivers/STM32F4xx_HAL_Driver/Src/stm32f4xx_hal_dma.o
 .comment       0x0000000000000050       0x51 ./Drivers/STM32F4xx_HAL_Driver/Src/stm32f4xx_hal_gpio.o
 .comment       0x0000000000000050       0x51 ./Drivers/STM32F4xx_HAL_Driver/Src/stm32f4xx_hal_i2c.o
 .comment       0x0000000000000050       0x51 ./Drivers/STM32F4xx_HAL_Driver/Src/stm32f4xx_hal_rcc.o
 .comment       0x0000000000000050       0x51 ./Drivers/STM32F4xx_HAL_Driver/Src/stm32f4xx_hal_rcc_ex.o
 .comment       0x0000000000000050       0x51 ./Drivers/STM32F4xx_HAL_Driver/Src/stm32f4xx_hal_rtc.o
 .comment       0x0000000000000050       0x51 ./Drivers/STM32F4xx_HAL_Driver/Src/stm32f4xx_hal_rtc_ex.o
 .comment       0x0000000000000050       0x51 ./Drivers/STM32F4xx_HAL_Driver/Src/stm32f4xx_hal_sd.o
 .comment       0x0000000000000050       0x51 ./Drivers/STM32F4xx_HAL_Driver/Src/stm32f4xx_hal_spi.o
 .comment       0x0000000000000050       0x51 ./Drivers/STM32F4xx_HAL_Driver/Src/stm32f4xx_hal_uart.o
 .comment       0x0000000000000050       0x51 ./Drivers/STM32F4xx_HAL_Driver/Src/stm32f4xx_ll_sdmmc.o
 .comment       0x0000000000000050       0x51 ./FATFS/App/fatfs.o
 .comment       0x0000000000000050       0x51 ./FATFS/Target/bsp_driver_sd.o
 .comment       0x0000000000000050       0x51 ./FATFS/Target/sd_diskio.o
 .comment       0x0000000000000050       0x51 ./Middlewares/Third_Party/FatFs/src/ff_gen_drv.o

.debug_frame    0x0000000000000000     0x4c74
 .debug_frame   0x0000000000000000      0x178 ./Core/Src/main.o
 .debug_frame   0x0000000000000178      0x1a4 ./Core/Src/stm32f4xx_hal_msp.o
 .debug_frame   0x000000000000031c      0x104 ./Core/Src/stm32f4xx_it.o
 .debug_frame   0x0000000000000420       0x58 ./Core/Src/system_stm32f4xx.o
 .debug_frame   0x0000000000000478      0x374 ./Drivers/STM32F4xx_HAL_Driver/Src/stm32f4xx_hal.o
 .debug_frame   0x00000000000007ec      0x498 ./Drivers/STM32F4xx_HAL_Driver/Src/stm32f4xx_hal_cortex.o
 .debug_frame   0x0000000000000c84      0x250 ./Drivers/STM32F4xx_HAL_Driver/Src/stm32f4xx_hal_dma.o
 .debug_frame   0x0000000000000ed4      0x14c ./Drivers/STM32F4xx_HAL_Driver/Src/stm32f4xx_hal_gpio.o
 .debug_frame   0x0000000000001020      0xc5c ./Drivers/STM32F4xx_HAL_Driver/Src/stm32f4xx_hal_i2c.o
 .debug_frame   0x0000000000001c7c      0x1f4 ./Drivers/STM32F4xx_HAL_Driver/Src/stm32f4xx_hal_rcc.o
 .debug_frame   0x0000000000001e70       0xf0 ./Drivers/STM32F4xx_HAL_Driver/Src/stm32f4xx_hal_rcc_ex.o
 .debug_frame   0x0000000000001f60      0x3f4 ./Drivers/STM32F4xx_HAL_Driver/Src/stm32f4xx_hal_rtc.o
 .debug_frame   0x0000000000002354      0x548 ./Drivers/STM32F4xx_HAL_Driver/Src/stm32f4xx_hal_rtc_ex.o
 .debug_frame   0x000000000000289c      0x650 ./Drivers/STM32F4xx_HAL_Driver/Src/stm32f4xx_hal_sd.o
 .debug_frame   0x0000000000002eec      0x824 ./Drivers/STM32F4xx_HAL_Driver/Src/stm32f4xx_hal_spi.o
 .debug_frame   0x0000000000003710      0x92c ./Drivers/STM32F4xx_HAL_Driver/Src/stm32f4xx_hal_uart.o
 .debug_frame   0x000000000000403c      0x6d0 ./Drivers/STM32F4xx_HAL_Driver/Src/stm32f4xx_ll_sdmmc.o
 .debug_frame   0x000000000000470c       0x4c ./FATFS/App/fatfs.o
 .debug_frame   0x0000000000004758      0x25c ./FATFS/Target/bsp_driver_sd.o
 .debug_frame   0x00000000000049b4      0x14c ./FATFS/Target/sd_diskio.o
 .debug_frame   0x0000000000004b00       0xc8 ./Middlewares/Third_Party/FatFs/src/ff_gen_drv.o
 .debug_frame   0x0000000000004bc8       0x2c c:/st/stm32cubeide_1.12.1/stm32cubeide/plugins/com.st.stm32cube.ide.mcu.externaltools.gnu-tools-for-stm32.10.3-2021.10.win32_1.0.200.202301161003/tools/bin/../lib/gcc/arm-none-eabi/10.3.1/../../../../arm-none-eabi/lib/thumb/v7e-m+fp/hard\libc_nano.a(lib_a-init.o)
 .debug_frame   0x0000000000004bf4       0x20 c:/st/stm32cubeide_1.12.1/stm32cubeide/plugins/com.st.stm32cube.ide.mcu.externaltools.gnu-tools-for-stm32.10.3-2021.10.win32_1.0.200.202301161003/tools/bin/../lib/gcc/arm-none-eabi/10.3.1/../../../../arm-none-eabi/lib/thumb/v7e-m+fp/hard\libc_nano.a(lib_a-memset.o)
 .debug_frame   0x0000000000004c14       0x2c c:/st/stm32cubeide_1.12.1/stm32cubeide/plugins/com.st.stm32cube.ide.mcu.externaltools.gnu-tools-for-stm32.10.3-2021.10.win32_1.0.200.202301161003/tools/bin/../lib/gcc/arm-none-eabi/10.3.1/thumb/v7e-m+fp/hard\libgcc.a(_aeabi_uldivmod.o)
 .debug_frame   0x0000000000004c40       0x34 c:/st/stm32cubeide_1.12.1/stm32cubeide/plugins/com.st.stm32cube.ide.mcu.externaltools.gnu-tools-for-stm32.10.3-2021.10.win32_1.0.200.202301161003/tools/bin/../lib/gcc/arm-none-eabi/10.3.1/thumb/v7e-m+fp/hard\libgcc.a(_udivmoddi4.o)
