../Core/Src/main.c:85:5:main	8	static
../Core/Src/main.c:137:6:SystemClock_Config	88	static
../Core/Src/main.c:185:13:MX_I2C1_Init	8	static
../Core/Src/main.c:219:13:MX_I2C3_Init	8	static
../Core/Src/main.c:253:13:MX_RTC_Init	72	static
../Core/Src/main.c:342:13:MX_SDIO_SD_Init	4	static
../Core/Src/main.c:370:13:MX_SPI1_Init	8	static
../Core/Src/main.c:408:13:MX_USART1_UART_Init	8	static
../Core/Src/main.c:441:13:MX_USART2_UART_Init	8	static
../Core/Src/main.c:474:13:MX_USART3_UART_Init	8	static
../Core/Src/main.c:507:13:MX_GPIO_Init	48	static
../Core/Src/main.c:564:6:Error_Handler	4	static,ignoring_inline_asm
